<?xml version="1.0"?>
<link_info>
   <banner>TI ARM Linker PC v5.2.5</banner>
   <copyright>Copyright (c) 1996-2015 Texas Instruments Incorporated</copyright>
   <link_time>0x58c1dbdc</link_time>
   <link_errors>0x0</link_errors>
   <output_file>I2C_LCD.out</output_file>
   <entry_point>
      <name>Entry</name>
      <address>0x80000000</address>
   </entry_point>
   <input_file_list>
      <input_file id="fl-2">
         <path>.\</path>
         <kind>object</kind>
         <file>lcd_I2C.obj</file>
         <name>lcd_I2C.obj</name>
      </input_file>
      <input_file id="fl-3">
         <path>.\</path>
         <kind>object</kind>
         <file>main.obj</file>
         <name>main.obj</name>
      </input_file>
      <input_file id="fl-12d">
         <path>N:\My Documents\ti-cgt-arm_5.2.5\lib\</path>
         <kind>archive</kind>
         <file>rtsv7A8_A_le_eabi.lib</file>
         <name>copy_decompress_none.obj</name>
      </input_file>
      <input_file id="fl-12e">
         <path>N:\My Documents\ti-cgt-arm_5.2.5\lib\</path>
         <kind>archive</kind>
         <file>rtsv7A8_A_le_eabi.lib</file>
         <name>copy_decompress_rle.obj</name>
      </input_file>
      <input_file id="fl-12f">
         <path>N:\My Documents\ti-cgt-arm_5.2.5\lib\</path>
         <kind>archive</kind>
         <file>rtsv7A8_A_le_eabi.lib</file>
         <name>copy_zero_init.obj</name>
      </input_file>
      <input_file id="fl-130">
         <path>N:\My Documents\ti-cgt-arm_5.2.5\lib\</path>
         <kind>archive</kind>
         <file>rtsv7A8_A_le_eabi.lib</file>
         <name>memcpy32.obj</name>
      </input_file>
      <input_file id="fl-131">
         <path>N:\My Documents\ti-cgt-arm_5.2.5\lib\</path>
         <kind>archive</kind>
         <file>rtsv7A8_A_le_eabi.lib</file>
         <name>memset32.obj</name>
      </input_file>
      <input_file id="fl-132">
         <path>N:\My Documents\ti-cgt-arm_5.2.5\lib\</path>
         <kind>archive</kind>
         <file>rtsv7A8_A_le_eabi.lib</file>
         <name>snprintf.obj</name>
      </input_file>
      <input_file id="fl-133">
         <path>N:\My Documents\ti-cgt-arm_5.2.5\lib\</path>
         <kind>archive</kind>
         <file>rtsv7A8_A_le_eabi.lib</file>
         <name>strlen.obj</name>
      </input_file>
      <input_file id="fl-134">
         <path>N:\My Documents\ti-cgt-arm_5.2.5\lib\</path>
         <kind>archive</kind>
         <file>rtsv7A8_A_le_eabi.lib</file>
         <name>_printfi.obj</name>
      </input_file>
      <input_file id="fl-135">
         <path>N:\My Documents\ti-cgt-arm_5.2.5\lib\</path>
         <kind>archive</kind>
         <file>rtsv7A8_A_le_eabi.lib</file>
         <name>atoi.obj</name>
      </input_file>
      <input_file id="fl-136">
         <path>N:\My Documents\ti-cgt-arm_5.2.5\lib\</path>
         <kind>archive</kind>
         <file>rtsv7A8_A_le_eabi.lib</file>
         <name>ctype.obj</name>
      </input_file>
      <input_file id="fl-137">
         <path>N:\My Documents\ti-cgt-arm_5.2.5\lib\</path>
         <kind>archive</kind>
         <file>rtsv7A8_A_le_eabi.lib</file>
         <name>fd_add32.obj</name>
      </input_file>
      <input_file id="fl-138">
         <path>N:\My Documents\ti-cgt-arm_5.2.5\lib\</path>
         <kind>archive</kind>
         <file>rtsv7A8_A_le_eabi.lib</file>
         <name>fd_cmp32.obj</name>
      </input_file>
      <input_file id="fl-139">
         <path>N:\My Documents\ti-cgt-arm_5.2.5\lib\</path>
         <kind>archive</kind>
         <file>rtsv7A8_A_le_eabi.lib</file>
         <name>fd_div32.obj</name>
      </input_file>
      <input_file id="fl-13a">
         <path>N:\My Documents\ti-cgt-arm_5.2.5\lib\</path>
         <kind>archive</kind>
         <file>rtsv7A8_A_le_eabi.lib</file>
         <name>fd_mul32.obj</name>
      </input_file>
      <input_file id="fl-13b">
         <path>N:\My Documents\ti-cgt-arm_5.2.5\lib\</path>
         <kind>archive</kind>
         <file>rtsv7A8_A_le_eabi.lib</file>
         <name>fd_toi32.obj</name>
      </input_file>
      <input_file id="fl-13c">
         <path>N:\My Documents\ti-cgt-arm_5.2.5\lib\</path>
         <kind>archive</kind>
         <file>rtsv7A8_A_le_eabi.lib</file>
         <name>frexp.obj</name>
      </input_file>
      <input_file id="fl-13d">
         <path>N:\My Documents\ti-cgt-arm_5.2.5\lib\</path>
         <kind>archive</kind>
         <file>rtsv7A8_A_le_eabi.lib</file>
         <name>i_tofd32.obj</name>
      </input_file>
      <input_file id="fl-13e">
         <path>N:\My Documents\ti-cgt-arm_5.2.5\lib\</path>
         <kind>archive</kind>
         <file>rtsv7A8_A_le_eabi.lib</file>
         <name>ldexp.obj</name>
      </input_file>
      <input_file id="fl-13f">
         <path>N:\My Documents\ti-cgt-arm_5.2.5\lib\</path>
         <kind>archive</kind>
         <file>rtsv7A8_A_le_eabi.lib</file>
         <name>ltoa.obj</name>
      </input_file>
      <input_file id="fl-140">
         <path>N:\My Documents\ti-cgt-arm_5.2.5\lib\</path>
         <kind>archive</kind>
         <file>rtsv7A8_A_le_eabi.lib</file>
         <name>memccpy.obj</name>
      </input_file>
      <input_file id="fl-141">
         <path>N:\My Documents\ti-cgt-arm_5.2.5\lib\</path>
         <kind>archive</kind>
         <file>rtsv7A8_A_le_eabi.lib</file>
         <name>strchr.obj</name>
      </input_file>
      <input_file id="fl-142">
         <path>N:\My Documents\ti-cgt-arm_5.2.5\lib\</path>
         <kind>archive</kind>
         <file>rtsv7A8_A_le_eabi.lib</file>
         <name>u_div32.obj</name>
      </input_file>
      <input_file id="fl-143">
         <path>N:\My Documents\ti-cgt-arm_5.2.5\lib\</path>
         <kind>archive</kind>
         <file>rtsv7A8_A_le_eabi.lib</file>
         <name>ull_div32.obj</name>
      </input_file>
      <input_file id="fl-144">
         <path>N:\My Documents\ti-cgt-arm_5.2.5\lib\</path>
         <kind>archive</kind>
         <file>rtsv7A8_A_le_eabi.lib</file>
         <name>xdclass.obj</name>
      </input_file>
      <input_file id="fl-145">
         <path>N:\My Documents\ti-cgt-arm_5.2.5\lib\</path>
         <kind>archive</kind>
         <file>rtsv7A8_A_le_eabi.lib</file>
         <name>xdscale.obj</name>
      </input_file>
      <input_file id="fl-146">
         <path>N:\My Documents\ti-cgt-arm_5.2.5\lib\</path>
         <kind>archive</kind>
         <file>rtsv7A8_A_le_eabi.lib</file>
         <name>xdunscal.obj</name>
      </input_file>
      <input_file id="fl-147">
         <path>N:\My Documents\ti-cgt-arm_5.2.5\lib\</path>
         <kind>archive</kind>
         <file>rtsv7A8_A_le_eabi.lib</file>
         <name>xferaise.obj</name>
      </input_file>
      <input_file id="fl-148">
         <path>N:\My Documents\ti-cgt-arm_5.2.5\lib\</path>
         <kind>archive</kind>
         <file>rtsv7A8_A_le_eabi.lib</file>
         <name>xvalues.obj</name>
      </input_file>
      <input_file id="fl-149">
         <path>N:\My Documents\ti-cgt-arm_5.2.5\lib\</path>
         <kind>archive</kind>
         <file>rtsv7A8_A_le_eabi.lib</file>
         <name>errno.obj</name>
      </input_file>
      <input_file id="fl-14a">
         <path>N:\My Documents\ti-cgt-arm_5.2.5\lib\</path>
         <kind>archive</kind>
         <file>rtsv7A8_A_le_eabi.lib</file>
         <name>feraiseexcept.obj</name>
      </input_file>
      <input_file id="fl-14b">
         <path>N:\My Documents\ti-cgt-arm_5.2.5\lib\</path>
         <kind>archive</kind>
         <file>rtsv7A8_A_le_eabi.lib</file>
         <name>i_div0.obj</name>
      </input_file>
      <input_file id="fl-14c">
         <path>N:\My Documents\ti-cgt-arm_5.2.5\lib\</path>
         <kind>archive</kind>
         <file>rtsv7A8_A_le_eabi.lib</file>
         <name>i_div32.obj</name>
      </input_file>
      <input_file id="fl-14d">
         <path>N:\My Documents\ti-cgt-arm_5.2.5\lib\</path>
         <kind>archive</kind>
         <file>rtsv7A8_A_le_eabi.lib</file>
         <name>raise.obj</name>
      </input_file>
      <input_file id="fl-14e">
         <path>N:\My Documents\ti-cgt-arm_5.2.5\lib\</path>
         <kind>archive</kind>
         <file>rtsv7A8_A_le_eabi.lib</file>
         <name>signal.obj</name>
      </input_file>
      <input_file id="fl-14f">
         <path>N:\My Documents\ti-cgt-arm_5.2.5\lib\</path>
         <kind>archive</kind>
         <file>rtsv7A8_A_le_eabi.lib</file>
         <name>xdnorm.obj</name>
      </input_file>
      <input_file id="fl-150">
         <path>N:\My Documents\ti-cgt-arm_5.2.5\lib\</path>
         <kind>archive</kind>
         <file>rtsv7A8_A_le_eabi.lib</file>
         <name>_lock.obj</name>
      </input_file>
      <input_file id="fl-151">
         <path>N:\ECE372\I2C_LCD\BBBStarterware\binary\armv7a\cgt_ccs\am335x\drivers\Debug\</path>
         <kind>archive</kind>
         <file>drivers.lib</file>
         <name>dmtimer.obj</name>
      </input_file>
      <input_file id="fl-152">
         <path>N:\ECE372\I2C_LCD\BBBStarterware\binary\armv7a\cgt_ccs\am335x\drivers\Debug\</path>
         <kind>archive</kind>
         <file>drivers.lib</file>
         <name>hsi2c.obj</name>
      </input_file>
      <input_file id="fl-153">
         <path>N:\ECE372\I2C_LCD\BBBStarterware\binary\armv7a\cgt_ccs\am335x\system_config\Debug\</path>
         <kind>archive</kind>
         <file>system.lib</file>
         <name>init.obj</name>
      </input_file>
      <input_file id="fl-154">
         <path>N:\ECE372\I2C_LCD\BBBStarterware\binary\armv7a\cgt_ccs\am335x\system_config\Debug\</path>
         <kind>archive</kind>
         <file>system.lib</file>
         <name>startup.obj</name>
      </input_file>
      <input_file id="fl-155">
         <path>N:\ECE372\I2C_LCD\BBBStarterware\binary\armv7a\cgt_ccs\am335x\system_config\Debug\</path>
         <kind>archive</kind>
         <file>system.lib</file>
         <name>cp15.obj</name>
      </input_file>
      <input_file id="fl-156">
         <path>N:\ECE372\I2C_LCD\BBBStarterware\binary\armv7a\cgt_ccs\am335x\system_config\Debug\</path>
         <kind>archive</kind>
         <file>system.lib</file>
         <name>exceptionhandler.obj</name>
      </input_file>
      <input_file id="fl-157">
         <path>N:\ECE372\I2C_LCD\BBBStarterware\binary\armv7a\cgt_ccs\am335x\system_config\Debug\</path>
         <kind>archive</kind>
         <file>system.lib</file>
         <name>interrupt.obj</name>
      </input_file>
      <input_file id="fl-158">
         <path>N:\ECE372\I2C_LCD\BBBStarterware\binary\armv7a\cgt_ccs\am335x\system_config\Debug\</path>
         <kind>archive</kind>
         <file>system.lib</file>
         <name>cpu.obj</name>
      </input_file>
      <input_file id="fl-159">
         <path>N:\ECE372\I2C_LCD\BBBStarterware\binary\armv7a\cgt_ccs\utils\Debug\</path>
         <kind>archive</kind>
         <file>utils.lib</file>
         <name>delay.obj</name>
      </input_file>
      <input_file id="fl-15a">
         <path>N:\ECE372\I2C_LCD\BBBStarterware\binary\armv7a\cgt_ccs\am335x\beaglebone\platform\Debug\</path>
         <kind>archive</kind>
         <file>platform.lib</file>
         <name>hsi2c.obj</name>
      </input_file>
      <input_file id="fl-15b">
         <path>N:\ECE372\I2C_LCD\BBBStarterware\binary\armv7a\cgt_ccs\am335x\beaglebone\platform\Debug\</path>
         <kind>archive</kind>
         <file>platform.lib</file>
         <name>sysdelay.obj</name>
      </input_file>
      <input_file id="fl-15c">
         <path>N:\ECE372\I2C_LCD\BBBStarterware\binary\armv7a\cgt_ccs\am335x\beaglebone\platform\Debug\</path>
         <kind>archive</kind>
         <file>platform.lib</file>
         <name>dmtimer.obj</name>
      </input_file>
      <input_file id="fl-15d">
         <path>N:\My Documents\ti-cgt-arm_5.2.5\lib\</path>
         <kind>archive</kind>
         <file>rtsv7A8_A_le_eabi.lib</file>
         <name>autoinit.obj</name>
      </input_file>
      <input_file id="fl-15e">
         <path>N:\My Documents\ti-cgt-arm_5.2.5\lib\</path>
         <kind>archive</kind>
         <file>rtsv7A8_A_le_eabi.lib</file>
         <name>boot.obj</name>
      </input_file>
      <input_file id="fl-15f">
         <path>N:\My Documents\ti-cgt-arm_5.2.5\lib\</path>
         <kind>archive</kind>
         <file>rtsv7A8_A_le_eabi.lib</file>
         <name>cpy_tbl.obj</name>
      </input_file>
      <input_file id="fl-160">
         <path>N:\My Documents\ti-cgt-arm_5.2.5\lib\</path>
         <kind>archive</kind>
         <file>rtsv7A8_A_le_eabi.lib</file>
         <name>exit.obj</name>
      </input_file>
      <input_file id="fl-161">
         <path>N:\My Documents\ti-cgt-arm_5.2.5\lib\</path>
         <kind>archive</kind>
         <file>rtsv7A8_A_le_eabi.lib</file>
         <name>pre_init.obj</name>
      </input_file>
      <input_file id="fl-162">
         <path>N:\My Documents\ti-cgt-arm_5.2.5\lib\</path>
         <kind>archive</kind>
         <file>rtsv7A8_A_le_eabi.lib</file>
         <name>stkdepth_vars.obj</name>
      </input_file>
      <input_file id="fl-163">
         <path>N:\My Documents\ti-cgt-arm_5.2.5\lib\</path>
         <kind>archive</kind>
         <file>rtsv7A8_A_le_eabi.lib</file>
         <name>args_main.obj</name>
      </input_file>
   </input_file_list>
   <object_component_list>
      <object_component id="oc-9">
         <name>.text:Entry</name>
         <load_address>0x80000000</load_address>
         <run_address>0x80000000</run_address>
         <size>0xc8</size>
         <input_file_ref idref="fl-153"/>
      </object_component>
      <object_component id="oc-288">
         <name>.tramp.__TI_auto_init.1</name>
         <load_address>0x800000c8</load_address>
         <run_address>0x800000c8</run_address>
         <size>0x8</size>
         <input_file_ref idref="fl-15d"/>
      </object_component>
      <object_component id="oc-ff">
         <name>.text</name>
         <load_address>0x800000d0</load_address>
         <run_address>0x800000d0</run_address>
         <size>0x1a70</size>
         <input_file_ref idref="fl-134"/>
      </object_component>
      <object_component id="oc-c1">
         <name>.text</name>
         <load_address>0x80001b40</load_address>
         <run_address>0x80001b40</run_address>
         <size>0xad0</size>
         <input_file_ref idref="fl-152"/>
      </object_component>
      <object_component id="oc-ed">
         <name>.text</name>
         <load_address>0x80002610</load_address>
         <run_address>0x80002610</run_address>
         <size>0x780</size>
         <input_file_ref idref="fl-15c"/>
      </object_component>
      <object_component id="oc-d3">
         <name>.text</name>
         <load_address>0x80002d90</load_address>
         <run_address>0x80002d90</run_address>
         <size>0x69c</size>
         <input_file_ref idref="fl-151"/>
      </object_component>
      <object_component id="oc-61">
         <name>.text</name>
         <load_address>0x8000342c</load_address>
         <run_address>0x8000342c</run_address>
         <size>0x488</size>
         <input_file_ref idref="fl-155"/>
      </object_component>
      <object_component id="oc-bb">
         <name>.text</name>
         <load_address>0x800038b4</load_address>
         <run_address>0x800038b4</run_address>
         <size>0x418</size>
         <input_file_ref idref="fl-15a"/>
      </object_component>
      <object_component id="oc-9a">
         <name>.text</name>
         <load_address>0x80003ccc</load_address>
         <run_address>0x80003ccc</run_address>
         <size>0x330</size>
         <input_file_ref idref="fl-2"/>
      </object_component>
      <object_component id="oc-143">
         <name>.text</name>
         <load_address>0x80003ffc</load_address>
         <run_address>0x80003ffc</run_address>
         <size>0x2b8</size>
         <input_file_ref idref="fl-143"/>
      </object_component>
      <object_component id="oc-16c">
         <name>.text</name>
         <load_address>0x800042b4</load_address>
         <run_address>0x800042b4</run_address>
         <size>0x214</size>
         <input_file_ref idref="fl-137"/>
      </object_component>
      <object_component id="oc-1cd">
         <name>.text</name>
         <load_address>0x800044c8</load_address>
         <run_address>0x800044c8</run_address>
         <size>0x1a8</size>
         <input_file_ref idref="fl-145"/>
      </object_component>
      <object_component id="oc-152">
         <name>.text</name>
         <load_address>0x80004670</load_address>
         <run_address>0x80004670</run_address>
         <size>0x190</size>
         <input_file_ref idref="fl-139"/>
      </object_component>
      <object_component id="oc-2e">
         <name>.text</name>
         <load_address>0x80004800</load_address>
         <run_address>0x80004800</run_address>
         <size>0x180</size>
         <input_file_ref idref="fl-130"/>
      </object_component>
      <object_component id="oc-1f0">
         <name>.text</name>
         <load_address>0x80004980</load_address>
         <run_address>0x80004980</run_address>
         <size>0x160</size>
         <input_file_ref idref="fl-14f"/>
      </object_component>
      <object_component id="oc-14d">
         <name>.text</name>
         <load_address>0x80004ae0</load_address>
         <run_address>0x80004ae0</run_address>
         <size>0x128</size>
         <input_file_ref idref="fl-13a"/>
      </object_component>
      <object_component id="oc-1bc">
         <name>.text</name>
         <load_address>0x80004c08</load_address>
         <run_address>0x80004c08</run_address>
         <size>0x114</size>
         <input_file_ref idref="fl-14c"/>
      </object_component>
      <object_component id="oc-a4">
         <name>.text</name>
         <load_address>0x80004d1c</load_address>
         <run_address>0x80004d1c</run_address>
         <size>0x10c</size>
         <input_file_ref idref="fl-156"/>
      </object_component>
      <object_component id="oc-c7">
         <name>.text</name>
         <load_address>0x80004e28</load_address>
         <run_address>0x80004e28</run_address>
         <size>0x104</size>
         <input_file_ref idref="fl-132"/>
      </object_component>
      <object_component id="oc-b4">
         <name>.text</name>
         <load_address>0x80004f2c</load_address>
         <run_address>0x80004f2c</run_address>
         <size>0xf0</size>
         <input_file_ref idref="fl-15b"/>
      </object_component>
      <object_component id="oc-f8">
         <name>.text</name>
         <load_address>0x8000501c</load_address>
         <run_address>0x8000501c</run_address>
         <size>0xf0</size>
         <input_file_ref idref="fl-142"/>
      </object_component>
      <object_component id="oc-148">
         <name>.text:__aeabi_cdcmple</name>
         <load_address>0x8000510c</load_address>
         <run_address>0x8000510c</run_address>
         <size>0xe0</size>
         <input_file_ref idref="fl-138"/>
      </object_component>
      <object_component id="oc-157">
         <name>.text:__aeabi_cdrcmple</name>
         <load_address>0x800051ec</load_address>
         <run_address>0x800051ec</run_address>
         <size>0xe0</size>
         <input_file_ref idref="fl-138"/>
      </object_component>
      <object_component id="oc-1c5">
         <name>.text</name>
         <load_address>0x800052cc</load_address>
         <run_address>0x800052cc</run_address>
         <size>0xb8</size>
         <input_file_ref idref="fl-146"/>
      </object_component>
      <object_component id="oc-47">
         <name>.text</name>
         <load_address>0x80005384</load_address>
         <run_address>0x80005384</run_address>
         <size>0xb0</size>
         <input_file_ref idref="fl-131"/>
      </object_component>
      <object_component id="oc-21">
         <name>.text</name>
         <load_address>0x80005434</load_address>
         <run_address>0x80005434</run_address>
         <size>0xa4</size>
         <input_file_ref idref="fl-15d"/>
      </object_component>
      <object_component id="oc-3a">
         <name>.text</name>
         <load_address>0x800054d8</load_address>
         <run_address>0x800054d8</run_address>
         <size>0xa0</size>
         <input_file_ref idref="fl-12e"/>
      </object_component>
      <object_component id="oc-18f">
         <name>.text</name>
         <load_address>0x80005578</load_address>
         <run_address>0x80005578</run_address>
         <size>0x84</size>
         <input_file_ref idref="fl-135"/>
      </object_component>
      <object_component id="oc-53">
         <name>.text</name>
         <load_address>0x800055fc</load_address>
         <run_address>0x800055fc</run_address>
         <size>0x84</size>
         <input_file_ref idref="fl-15f"/>
      </object_component>
      <object_component id="oc-27">
         <name>.text</name>
         <load_address>0x80005680</load_address>
         <run_address>0x80005680</run_address>
         <size>0x84</size>
         <input_file_ref idref="fl-154"/>
      </object_component>
      <object_component id="oc-161">
         <name>.text</name>
         <load_address>0x80005704</load_address>
         <run_address>0x80005704</run_address>
         <size>0x80</size>
         <input_file_ref idref="fl-13f"/>
      </object_component>
      <object_component id="oc-177">
         <name>.text</name>
         <load_address>0x80005784</load_address>
         <run_address>0x80005784</run_address>
         <size>0x68</size>
         <input_file_ref idref="fl-13e"/>
      </object_component>
      <object_component id="oc-233">
         <name>.text</name>
         <load_address>0x800057ec</load_address>
         <run_address>0x800057ec</run_address>
         <size>0x64</size>
         <input_file_ref idref="fl-14e"/>
      </object_component>
      <object_component id="oc-e6">
         <name>.text</name>
         <load_address>0x80005850</load_address>
         <run_address>0x80005850</run_address>
         <size>0x60</size>
         <input_file_ref idref="fl-158"/>
      </object_component>
      <object_component id="oc-15c">
         <name>.text</name>
         <load_address>0x800058b0</load_address>
         <run_address>0x800058b0</run_address>
         <size>0x5c</size>
         <input_file_ref idref="fl-13b"/>
      </object_component>
      <object_component id="oc-1ff">
         <name>.text</name>
         <load_address>0x8000590c</load_address>
         <run_address>0x8000590c</run_address>
         <size>0x58</size>
         <input_file_ref idref="fl-14a"/>
      </object_component>
      <object_component id="oc-5b">
         <name>.text</name>
         <load_address>0x80005964</load_address>
         <run_address>0x80005964</run_address>
         <size>0x4c</size>
         <input_file_ref idref="fl-3"/>
      </object_component>
      <object_component id="oc-223">
         <name>.text</name>
         <load_address>0x800059b0</load_address>
         <run_address>0x800059b0</run_address>
         <size>0x4c</size>
         <input_file_ref idref="fl-14d"/>
      </object_component>
      <object_component id="oc-94">
         <name>.text</name>
         <load_address>0x800059fc</load_address>
         <run_address>0x800059fc</run_address>
         <size>0x4c</size>
         <input_file_ref idref="fl-159"/>
      </object_component>
      <object_component id="oc-1d3">
         <name>.text</name>
         <load_address>0x80005a48</load_address>
         <run_address>0x80005a48</run_address>
         <size>0x44</size>
         <input_file_ref idref="fl-147"/>
      </object_component>
      <object_component id="oc-167">
         <name>.text</name>
         <load_address>0x80005a8c</load_address>
         <run_address>0x80005a8c</run_address>
         <size>0x3c</size>
         <input_file_ref idref="fl-13d"/>
      </object_component>
      <object_component id="oc-183">
         <name>.text</name>
         <load_address>0x80005ac8</load_address>
         <run_address>0x80005ac8</run_address>
         <size>0x38</size>
         <input_file_ref idref="fl-144"/>
      </object_component>
      <object_component id="oc-171">
         <name>.text</name>
         <load_address>0x80005b00</load_address>
         <run_address>0x80005b00</run_address>
         <size>0x30</size>
         <input_file_ref idref="fl-13c"/>
      </object_component>
      <object_component id="oc-189">
         <name>.text</name>
         <load_address>0x80005b30</load_address>
         <run_address>0x80005b30</run_address>
         <size>0x2c</size>
         <input_file_ref idref="fl-140"/>
      </object_component>
      <object_component id="oc-17d">
         <name>.text</name>
         <load_address>0x80005b5c</load_address>
         <run_address>0x80005b5c</run_address>
         <size>0x28</size>
         <input_file_ref idref="fl-141"/>
      </object_component>
      <object_component id="oc-255">
         <name>.text</name>
         <load_address>0x80005b84</load_address>
         <run_address>0x80005b84</run_address>
         <size>0x24</size>
         <input_file_ref idref="fl-150"/>
      </object_component>
      <object_component id="oc-cd">
         <name>.text</name>
         <load_address>0x80005ba8</load_address>
         <run_address>0x80005ba8</run_address>
         <size>0x1c</size>
         <input_file_ref idref="fl-133"/>
      </object_component>
      <object_component id="oc-e">
         <name>.text:decompress:none</name>
         <load_address>0x80005bc4</load_address>
         <run_address>0x80005bc4</run_address>
         <size>0x14</size>
         <input_file_ref idref="fl-12d"/>
      </object_component>
      <object_component id="oc-1a">
         <name>.text:decompress:ZI</name>
         <load_address>0x80005bd8</load_address>
         <run_address>0x80005bd8</run_address>
         <size>0x10</size>
         <input_file_ref idref="fl-12f"/>
      </object_component>
      <object_component id="oc-14">
         <name>.text:decompress:rle24</name>
         <load_address>0x80005be8</load_address>
         <run_address>0x80005be8</run_address>
         <size>0x8</size>
         <input_file_ref idref="fl-12e"/>
      </object_component>
      <object_component id="oc-135">
         <name>.text</name>
         <load_address>0x80005bf0</load_address>
         <run_address>0x80005bf0</run_address>
         <size>0x4</size>
         <input_file_ref idref="fl-14b"/>
      </object_component>
      <object_component id="oc-1e1">
         <name>.const:.string:_ctypes_</name>
         <load_address>0x80005f40</load_address>
         <run_address>0x80005f40</run_address>
         <size>0x101</size>
         <input_file_ref idref="fl-136"/>
      </object_component>
      <object_component id="oc-d9">
         <name>.const:.string</name>
         <load_address>0x80006041</load_address>
         <run_address>0x80006041</run_address>
         <size>0x3</size>
         <input_file_ref idref="fl-2"/>
      </object_component>
      <object_component id="oc-69">
         <name>.const:vecTbl</name>
         <load_address>0x80006044</load_address>
         <run_address>0x80006044</run_address>
         <size>0x38</size>
         <input_file_ref idref="fl-154"/>
      </object_component>
      <object_component id="oc-66">
         <name>.const</name>
         <load_address>0x8000607c</load_address>
         <run_address>0x8000607c</run_address>
         <size>0x4</size>
         <input_file_ref idref="fl-154"/>
      </object_component>
      <object_component id="oc-20">
         <name>.stack</name>
         <uninitialized>true</uninitialized>
         <run_address>0x87fffff0</run_address>
         <size>0x0</size>
         <input_file_ref idref="fl-15e"/>
      </object_component>
      <object_component id="oc-287">
         <name>.stack</name>
         <uninitialized>true</uninitialized>
         <run_address>0x87fffff0</run_address>
         <size>0x0</size>
      </object_component>
      <object_component id="oc-e3">
         <name>.bss:fnRAMVectors</name>
         <uninitialized>true</uninitialized>
         <run_address>0x80005bf4</run_address>
         <size>0x200</size>
         <input_file_ref idref="fl-157"/>
      </object_component>
      <object_component id="oc-1fa">
         <name>.data</name>
         <load_address>0x80005ea8</load_address>
         <run_address>0x80005ea8</run_address>
         <size>0x80</size>
         <input_file_ref idref="fl-148"/>
      </object_component>
      <object_component id="oc-205">
         <name>.data</name>
         <load_address>0x80005f3c</load_address>
         <run_address>0x80005f3c</run_address>
         <size>0x4</size>
         <input_file_ref idref="fl-149"/>
      </object_component>
      <object_component id="oc-229">
         <name>.data</name>
         <load_address>0x80005f30</load_address>
         <run_address>0x80005f30</run_address>
         <size>0x8</size>
         <input_file_ref idref="fl-14a"/>
      </object_component>
      <object_component id="oc-247">
         <name>.data:sigtable</name>
         <load_address>0x80005df8</load_address>
         <run_address>0x80005df8</run_address>
         <size>0xb0</size>
         <input_file_ref idref="fl-14e"/>
      </object_component>
      <object_component id="oc-244">
         <name>.data</name>
         <load_address>0x80005f28</load_address>
         <run_address>0x80005f28</run_address>
         <size>0x8</size>
         <input_file_ref idref="fl-150"/>
      </object_component>
      <object_component id="oc-f3">
         <name>.data</name>
         <load_address>0x80005f38</load_address>
         <run_address>0x80005f38</run_address>
         <size>0x4</size>
         <input_file_ref idref="fl-15b"/>
      </object_component>
      <object_component id="oc-e2">
         <name>.debug_info</name>
         <load_address>0x0</load_address>
         <run_address>0x0</run_address>
         <size>0x59f</size>
         <input_file_ref idref="fl-2"/>
      </object_component>
      <object_component id="oc-da">
         <name>.debug_info</name>
         <load_address>0x59f</load_address>
         <run_address>0x59f</run_address>
         <size>0xb3</size>
         <input_file_ref idref="fl-2"/>
      </object_component>
      <object_component id="oc-9c">
         <name>.debug_info</name>
         <load_address>0x652</load_address>
         <run_address>0x652</run_address>
         <size>0x798</size>
         <input_file_ref idref="fl-2"/>
      </object_component>
      <object_component id="oc-11e">
         <name>.debug_info</name>
         <load_address>0xdea</load_address>
         <run_address>0xdea</run_address>
         <size>0x6d0</size>
         <input_file_ref idref="fl-2"/>
      </object_component>
      <object_component id="oc-128">
         <name>.debug_info</name>
         <load_address>0x14ba</load_address>
         <run_address>0x14ba</run_address>
         <size>0xc8</size>
         <input_file_ref idref="fl-2"/>
      </object_component>
      <object_component id="oc-6d">
         <name>.debug_info</name>
         <load_address>0x1582</load_address>
         <run_address>0x1582</run_address>
         <size>0x84</size>
         <input_file_ref idref="fl-2"/>
      </object_component>
      <object_component id="oc-dd">
         <name>.debug_info</name>
         <load_address>0x1606</load_address>
         <run_address>0x1606</run_address>
         <size>0x18b</size>
         <input_file_ref idref="fl-2"/>
      </object_component>
      <object_component id="oc-1ac">
         <name>.debug_info</name>
         <load_address>0x1791</load_address>
         <run_address>0x1791</run_address>
         <size>0x2c</size>
         <input_file_ref idref="fl-2"/>
      </object_component>
      <object_component id="oc-10c">
         <name>.debug_info</name>
         <load_address>0x17bd</load_address>
         <run_address>0x17bd</run_address>
         <size>0x4e</size>
         <input_file_ref idref="fl-2"/>
      </object_component>
      <object_component id="oc-123">
         <name>.debug_info</name>
         <load_address>0x180b</load_address>
         <run_address>0x180b</run_address>
         <size>0xba</size>
         <input_file_ref idref="fl-2"/>
      </object_component>
      <object_component id="oc-13e">
         <name>.debug_info</name>
         <load_address>0x18c5</load_address>
         <run_address>0x18c5</run_address>
         <size>0x8a</size>
         <input_file_ref idref="fl-2"/>
      </object_component>
      <object_component id="oc-5e">
         <name>.debug_info</name>
         <load_address>0x194f</load_address>
         <run_address>0x194f</run_address>
         <size>0x148</size>
         <input_file_ref idref="fl-3"/>
      </object_component>
      <object_component id="oc-39">
         <name>.debug_info</name>
         <load_address>0x1a97</load_address>
         <run_address>0x1a97</run_address>
         <size>0x11c</size>
         <input_file_ref idref="fl-12d"/>
      </object_component>
      <object_component id="oc-10">
         <name>.debug_info</name>
         <load_address>0x1bb3</load_address>
         <run_address>0x1bb3</run_address>
         <size>0x1bb</size>
         <input_file_ref idref="fl-12d"/>
      </object_component>
      <object_component id="oc-34">
         <name>.debug_info</name>
         <load_address>0x1d6e</load_address>
         <run_address>0x1d6e</run_address>
         <size>0x46</size>
         <input_file_ref idref="fl-12d"/>
      </object_component>
      <object_component id="oc-74">
         <name>.debug_info</name>
         <load_address>0x1db4</load_address>
         <run_address>0x1db4</run_address>
         <size>0x2c</size>
         <input_file_ref idref="fl-12d"/>
      </object_component>
      <object_component id="oc-41">
         <name>.debug_info</name>
         <load_address>0x1de0</load_address>
         <run_address>0x1de0</run_address>
         <size>0x110</size>
         <input_file_ref idref="fl-12e"/>
      </object_component>
      <object_component id="oc-3b">
         <name>.debug_info</name>
         <load_address>0x1ef0</load_address>
         <run_address>0x1ef0</run_address>
         <size>0x223</size>
         <input_file_ref idref="fl-12e"/>
      </object_component>
      <object_component id="oc-15">
         <name>.debug_info</name>
         <load_address>0x2113</load_address>
         <run_address>0x2113</run_address>
         <size>0x18d</size>
         <input_file_ref idref="fl-12e"/>
      </object_component>
      <object_component id="oc-42">
         <name>.debug_info</name>
         <load_address>0x22a0</load_address>
         <run_address>0x22a0</run_address>
         <size>0x39</size>
         <input_file_ref idref="fl-12e"/>
      </object_component>
      <object_component id="oc-7e">
         <name>.debug_info</name>
         <load_address>0x22d9</load_address>
         <run_address>0x22d9</run_address>
         <size>0x2c</size>
         <input_file_ref idref="fl-12e"/>
      </object_component>
      <object_component id="oc-52">
         <name>.debug_info</name>
         <load_address>0x2305</load_address>
         <run_address>0x2305</run_address>
         <size>0x10b</size>
         <input_file_ref idref="fl-12f"/>
      </object_component>
      <object_component id="oc-1d">
         <name>.debug_info</name>
         <load_address>0x2410</load_address>
         <run_address>0x2410</run_address>
         <size>0x186</size>
         <input_file_ref idref="fl-12f"/>
      </object_component>
      <object_component id="oc-4d">
         <name>.debug_info</name>
         <load_address>0x2596</load_address>
         <run_address>0x2596</run_address>
         <size>0x46</size>
         <input_file_ref idref="fl-12f"/>
      </object_component>
      <object_component id="oc-30">
         <name>.debug_info</name>
         <load_address>0x25dc</load_address>
         <run_address>0x25dc</run_address>
         <size>0x15c</size>
         <input_file_ref idref="fl-130"/>
      </object_component>
      <object_component id="oc-4a">
         <name>.debug_info</name>
         <load_address>0x2738</load_address>
         <run_address>0x2738</run_address>
         <size>0x124</size>
         <input_file_ref idref="fl-131"/>
      </object_component>
      <object_component id="oc-106">
         <name>.debug_info</name>
         <load_address>0x285c</load_address>
         <run_address>0x285c</run_address>
         <size>0x19e</size>
         <input_file_ref idref="fl-132"/>
      </object_component>
      <object_component id="oc-c9">
         <name>.debug_info</name>
         <load_address>0x29fa</load_address>
         <run_address>0x29fa</run_address>
         <size>0x31a</size>
         <input_file_ref idref="fl-132"/>
      </object_component>
      <object_component id="oc-107">
         <name>.debug_info</name>
         <load_address>0x2d14</load_address>
         <run_address>0x2d14</run_address>
         <size>0x2c</size>
         <input_file_ref idref="fl-132"/>
      </object_component>
      <object_component id="oc-111">
         <name>.debug_info</name>
         <load_address>0x2d40</load_address>
         <run_address>0x2d40</run_address>
         <size>0x69</size>
         <input_file_ref idref="fl-132"/>
      </object_component>
      <object_component id="oc-117">
         <name>.debug_info</name>
         <load_address>0x2da9</load_address>
         <run_address>0x2da9</run_address>
         <size>0xc6</size>
         <input_file_ref idref="fl-133"/>
      </object_component>
      <object_component id="oc-ce">
         <name>.debug_info</name>
         <load_address>0x2e6f</load_address>
         <run_address>0x2e6f</run_address>
         <size>0x1cc</size>
         <input_file_ref idref="fl-133"/>
      </object_component>
      <object_component id="oc-196">
         <name>.debug_info</name>
         <load_address>0x303b</load_address>
         <run_address>0x303b</run_address>
         <size>0x333</size>
         <input_file_ref idref="fl-134"/>
      </object_component>
      <object_component id="oc-100">
         <name>.debug_info</name>
         <load_address>0x336e</load_address>
         <run_address>0x336e</run_address>
         <size>0x1802</size>
         <input_file_ref idref="fl-134"/>
      </object_component>
      <object_component id="oc-197">
         <name>.debug_info</name>
         <load_address>0x4b70</load_address>
         <run_address>0x4b70</run_address>
         <size>0x86</size>
         <input_file_ref idref="fl-134"/>
      </object_component>
      <object_component id="oc-1e8">
         <name>.debug_info</name>
         <load_address>0x4bf6</load_address>
         <run_address>0x4bf6</run_address>
         <size>0x46</size>
         <input_file_ref idref="fl-134"/>
      </object_component>
      <object_component id="oc-19c">
         <name>.debug_info</name>
         <load_address>0x4c3c</load_address>
         <run_address>0x4c3c</run_address>
         <size>0x39</size>
         <input_file_ref idref="fl-134"/>
      </object_component>
      <object_component id="oc-1e5">
         <name>.debug_info</name>
         <load_address>0x4c75</load_address>
         <run_address>0x4c75</run_address>
         <size>0xf0</size>
         <input_file_ref idref="fl-135"/>
      </object_component>
      <object_component id="oc-190">
         <name>.debug_info</name>
         <load_address>0x4d65</load_address>
         <run_address>0x4d65</run_address>
         <size>0x14d</size>
         <input_file_ref idref="fl-135"/>
      </object_component>
      <object_component id="oc-213">
         <name>.debug_info</name>
         <load_address>0x4eb2</load_address>
         <run_address>0x4eb2</run_address>
         <size>0xca</size>
         <input_file_ref idref="fl-136"/>
      </object_component>
      <object_component id="oc-1e2">
         <name>.debug_info</name>
         <load_address>0x4f7c</load_address>
         <run_address>0x4f7c</run_address>
         <size>0xd6</size>
         <input_file_ref idref="fl-136"/>
      </object_component>
      <object_component id="oc-16f">
         <name>.debug_info</name>
         <load_address>0x5052</load_address>
         <run_address>0x5052</run_address>
         <size>0x13b</size>
         <input_file_ref idref="fl-137"/>
      </object_component>
      <object_component id="oc-14b">
         <name>.debug_info</name>
         <load_address>0x518d</load_address>
         <run_address>0x518d</run_address>
         <size>0x102</size>
         <input_file_ref idref="fl-138"/>
      </object_component>
      <object_component id="oc-15a">
         <name>.debug_info</name>
         <load_address>0x528f</load_address>
         <run_address>0x528f</run_address>
         <size>0x104</size>
         <input_file_ref idref="fl-138"/>
      </object_component>
      <object_component id="oc-155">
         <name>.debug_info</name>
         <load_address>0x5393</load_address>
         <run_address>0x5393</run_address>
         <size>0x120</size>
         <input_file_ref idref="fl-139"/>
      </object_component>
      <object_component id="oc-14f">
         <name>.debug_info</name>
         <load_address>0x54b3</load_address>
         <run_address>0x54b3</run_address>
         <size>0x120</size>
         <input_file_ref idref="fl-13a"/>
      </object_component>
      <object_component id="oc-15f">
         <name>.debug_info</name>
         <load_address>0x55d3</load_address>
         <run_address>0x55d3</run_address>
         <size>0x10e</size>
         <input_file_ref idref="fl-13b"/>
      </object_component>
      <object_component id="oc-1cc">
         <name>.debug_info</name>
         <load_address>0x56e1</load_address>
         <run_address>0x56e1</run_address>
         <size>0xf9</size>
         <input_file_ref idref="fl-13c"/>
      </object_component>
      <object_component id="oc-174">
         <name>.debug_info</name>
         <load_address>0x57da</load_address>
         <run_address>0x57da</run_address>
         <size>0x168</size>
         <input_file_ref idref="fl-13c"/>
      </object_component>
      <object_component id="oc-169">
         <name>.debug_info</name>
         <load_address>0x5942</load_address>
         <run_address>0x5942</run_address>
         <size>0x103</size>
         <input_file_ref idref="fl-13d"/>
      </object_component>
      <object_component id="oc-1da">
         <name>.debug_info</name>
         <load_address>0x5a45</load_address>
         <run_address>0x5a45</run_address>
         <size>0x13d</size>
         <input_file_ref idref="fl-13e"/>
      </object_component>
      <object_component id="oc-178">
         <name>.debug_info</name>
         <load_address>0x5b82</load_address>
         <run_address>0x5b82</run_address>
         <size>0x15f</size>
         <input_file_ref idref="fl-13e"/>
      </object_component>
      <object_component id="oc-1c2">
         <name>.debug_info</name>
         <load_address>0x5ce1</load_address>
         <run_address>0x5ce1</run_address>
         <size>0x128</size>
         <input_file_ref idref="fl-13f"/>
      </object_component>
      <object_component id="oc-164">
         <name>.debug_info</name>
         <load_address>0x5e09</load_address>
         <run_address>0x5e09</run_address>
         <size>0x1b6</size>
         <input_file_ref idref="fl-13f"/>
      </object_component>
      <object_component id="oc-1e0">
         <name>.debug_info</name>
         <load_address>0x5fbf</load_address>
         <run_address>0x5fbf</run_address>
         <size>0xcd</size>
         <input_file_ref idref="fl-140"/>
      </object_component>
      <object_component id="oc-18b">
         <name>.debug_info</name>
         <load_address>0x608c</load_address>
         <run_address>0x608c</run_address>
         <size>0x187</size>
         <input_file_ref idref="fl-140"/>
      </object_component>
      <object_component id="oc-1dc">
         <name>.debug_info</name>
         <load_address>0x6213</load_address>
         <run_address>0x6213</run_address>
         <size>0xd1</size>
         <input_file_ref idref="fl-141"/>
      </object_component>
      <object_component id="oc-17e">
         <name>.debug_info</name>
         <load_address>0x62e4</load_address>
         <run_address>0x62e4</run_address>
         <size>0x1e6</size>
         <input_file_ref idref="fl-141"/>
      </object_component>
      <object_component id="oc-fa">
         <name>.debug_info</name>
         <load_address>0x64ca</load_address>
         <run_address>0x64ca</run_address>
         <size>0x120</size>
         <input_file_ref idref="fl-142"/>
      </object_component>
      <object_component id="oc-144">
         <name>.debug_info</name>
         <load_address>0x65ea</load_address>
         <run_address>0x65ea</run_address>
         <size>0x162</size>
         <input_file_ref idref="fl-143"/>
      </object_component>
      <object_component id="oc-1de">
         <name>.debug_info</name>
         <load_address>0x674c</load_address>
         <run_address>0x674c</run_address>
         <size>0xee</size>
         <input_file_ref idref="fl-144"/>
      </object_component>
      <object_component id="oc-184">
         <name>.debug_info</name>
         <load_address>0x683a</load_address>
         <run_address>0x683a</run_address>
         <size>0x12f</size>
         <input_file_ref idref="fl-144"/>
      </object_component>
      <object_component id="oc-1fe">
         <name>.debug_info</name>
         <load_address>0x6969</load_address>
         <run_address>0x6969</run_address>
         <size>0x10c</size>
         <input_file_ref idref="fl-145"/>
      </object_component>
      <object_component id="oc-1ce">
         <name>.debug_info</name>
         <load_address>0x6a75</load_address>
         <run_address>0x6a75</run_address>
         <size>0x199</size>
         <input_file_ref idref="fl-145"/>
      </object_component>
      <object_component id="oc-21c">
         <name>.debug_info</name>
         <load_address>0x6c0e</load_address>
         <run_address>0x6c0e</run_address>
         <size>0x86</size>
         <input_file_ref idref="fl-145"/>
      </object_component>
      <object_component id="oc-1f7">
         <name>.debug_info</name>
         <load_address>0x6c94</load_address>
         <run_address>0x6c94</run_address>
         <size>0xf6</size>
         <input_file_ref idref="fl-146"/>
      </object_component>
      <object_component id="oc-1c9">
         <name>.debug_info</name>
         <load_address>0x6d8a</load_address>
         <run_address>0x6d8a</run_address>
         <size>0x16e</size>
         <input_file_ref idref="fl-146"/>
      </object_component>
      <object_component id="oc-1d4">
         <name>.debug_info</name>
         <load_address>0x6ef8</load_address>
         <run_address>0x6ef8</run_address>
         <size>0x14e</size>
         <input_file_ref idref="fl-147"/>
      </object_component>
      <object_component id="oc-1fb">
         <name>.debug_info</name>
         <load_address>0x7046</load_address>
         <run_address>0x7046</run_address>
         <size>0x1b0</size>
         <input_file_ref idref="fl-148"/>
      </object_component>
      <object_component id="oc-206">
         <name>.debug_info</name>
         <load_address>0x71f6</load_address>
         <run_address>0x71f6</run_address>
         <size>0xd1</size>
         <input_file_ref idref="fl-149"/>
      </object_component>
      <object_component id="oc-242">
         <name>.debug_info</name>
         <load_address>0x72c7</load_address>
         <run_address>0x72c7</run_address>
         <size>0x139</size>
         <input_file_ref idref="fl-14a"/>
      </object_component>
      <object_component id="oc-22a">
         <name>.debug_info</name>
         <load_address>0x7400</load_address>
         <run_address>0x7400</run_address>
         <size>0x109</size>
         <input_file_ref idref="fl-14a"/>
      </object_component>
      <object_component id="oc-200">
         <name>.debug_info</name>
         <load_address>0x7509</load_address>
         <run_address>0x7509</run_address>
         <size>0x16a</size>
         <input_file_ref idref="fl-14a"/>
      </object_component>
      <object_component id="oc-23d">
         <name>.debug_info</name>
         <load_address>0x7673</load_address>
         <run_address>0x7673</run_address>
         <size>0x6f</size>
         <input_file_ref idref="fl-14a"/>
      </object_component>
      <object_component id="oc-138">
         <name>.debug_info</name>
         <load_address>0x76e2</load_address>
         <run_address>0x76e2</run_address>
         <size>0x123</size>
         <input_file_ref idref="fl-14b"/>
      </object_component>
      <object_component id="oc-1be">
         <name>.debug_info</name>
         <load_address>0x7805</load_address>
         <run_address>0x7805</run_address>
         <size>0x11e</size>
         <input_file_ref idref="fl-14c"/>
      </object_component>
      <object_component id="oc-23a">
         <name>.debug_info</name>
         <load_address>0x7923</load_address>
         <run_address>0x7923</run_address>
         <size>0xf8</size>
         <input_file_ref idref="fl-14d"/>
      </object_component>
      <object_component id="oc-225">
         <name>.debug_info</name>
         <load_address>0x7a1b</load_address>
         <run_address>0x7a1b</run_address>
         <size>0x14f</size>
         <input_file_ref idref="fl-14d"/>
      </object_component>
      <object_component id="oc-24e">
         <name>.debug_info</name>
         <load_address>0x7b6a</load_address>
         <run_address>0x7b6a</run_address>
         <size>0x2c</size>
         <input_file_ref idref="fl-14d"/>
      </object_component>
      <object_component id="oc-24b">
         <name>.debug_info</name>
         <load_address>0x7b96</load_address>
         <run_address>0x7b96</run_address>
         <size>0x118</size>
         <input_file_ref idref="fl-14e"/>
      </object_component>
      <object_component id="oc-248">
         <name>.debug_info</name>
         <load_address>0x7cae</load_address>
         <run_address>0x7cae</run_address>
         <size>0xd6</size>
         <input_file_ref idref="fl-14e"/>
      </object_component>
      <object_component id="oc-234">
         <name>.debug_info</name>
         <load_address>0x7d84</load_address>
         <run_address>0x7d84</run_address>
         <size>0x165</size>
         <input_file_ref idref="fl-14e"/>
      </object_component>
      <object_component id="oc-217">
         <name>.debug_info</name>
         <load_address>0x7ee9</load_address>
         <run_address>0x7ee9</run_address>
         <size>0xc1</size>
         <input_file_ref idref="fl-14f"/>
      </object_component>
      <object_component id="oc-1f2">
         <name>.debug_info</name>
         <load_address>0x7faa</load_address>
         <run_address>0x7faa</run_address>
         <size>0x148</size>
         <input_file_ref idref="fl-14f"/>
      </object_component>
      <object_component id="oc-25d">
         <name>.debug_info</name>
         <load_address>0x80f2</load_address>
         <run_address>0x80f2</run_address>
         <size>0x100</size>
         <input_file_ref idref="fl-150"/>
      </object_component>
      <object_component id="oc-245">
         <name>.debug_info</name>
         <load_address>0x81f2</load_address>
         <run_address>0x81f2</run_address>
         <size>0xef</size>
         <input_file_ref idref="fl-150"/>
      </object_component>
      <object_component id="oc-257">
         <name>.debug_info</name>
         <load_address>0x82e1</load_address>
         <run_address>0x82e1</run_address>
         <size>0x1fb</size>
         <input_file_ref idref="fl-150"/>
      </object_component>
      <object_component id="oc-119">
         <name>.debug_info</name>
         <load_address>0x84dc</load_address>
         <run_address>0x84dc</run_address>
         <size>0xf6</size>
         <input_file_ref idref="fl-151"/>
      </object_component>
      <object_component id="oc-d4">
         <name>.debug_info</name>
         <load_address>0x85d2</load_address>
         <run_address>0x85d2</run_address>
         <size>0x1cac</size>
         <input_file_ref idref="fl-151"/>
      </object_component>
      <object_component id="oc-1a7">
         <name>.debug_info</name>
         <load_address>0xa27e</load_address>
         <run_address>0xa27e</run_address>
         <size>0x9e</size>
         <input_file_ref idref="fl-151"/>
      </object_component>
      <object_component id="oc-fe">
         <name>.debug_info</name>
         <load_address>0xa31c</load_address>
         <run_address>0xa31c</run_address>
         <size>0xf4</size>
         <input_file_ref idref="fl-152"/>
      </object_component>
      <object_component id="oc-c5">
         <name>.debug_info</name>
         <load_address>0xa410</load_address>
         <run_address>0xa410</run_address>
         <size>0x2d07</size>
         <input_file_ref idref="fl-152"/>
      </object_component>
      <object_component id="oc-c">
         <name>.debug_info</name>
         <load_address>0xd117</load_address>
         <run_address>0xd117</run_address>
         <size>0x17d</size>
         <input_file_ref idref="fl-153"/>
      </object_component>
      <object_component id="oc-72">
         <name>.debug_info</name>
         <load_address>0xd294</load_address>
         <run_address>0xd294</run_address>
         <size>0x223</size>
         <input_file_ref idref="fl-154"/>
      </object_component>
      <object_component id="oc-67">
         <name>.debug_info</name>
         <load_address>0xd4b7</load_address>
         <run_address>0xd4b7</run_address>
         <size>0x139</size>
         <input_file_ref idref="fl-154"/>
      </object_component>
      <object_component id="oc-6a">
         <name>.debug_info</name>
         <load_address>0xd5f0</load_address>
         <run_address>0xd5f0</run_address>
         <size>0x120</size>
         <input_file_ref idref="fl-154"/>
      </object_component>
      <object_component id="oc-2a">
         <name>.debug_info</name>
         <load_address>0xd710</load_address>
         <run_address>0xd710</run_address>
         <size>0x308</size>
         <input_file_ref idref="fl-154"/>
      </object_component>
      <object_component id="oc-62">
         <name>.debug_info</name>
         <load_address>0xda18</load_address>
         <run_address>0xda18</run_address>
         <size>0x282</size>
         <input_file_ref idref="fl-155"/>
      </object_component>
      <object_component id="oc-a7">
         <name>.debug_info</name>
         <load_address>0xdc9a</load_address>
         <run_address>0xdc9a</run_address>
         <size>0x198</size>
         <input_file_ref idref="fl-156"/>
      </object_component>
      <object_component id="oc-12f">
         <name>.debug_info</name>
         <load_address>0xde32</load_address>
         <run_address>0xde32</run_address>
         <size>0x19f</size>
         <input_file_ref idref="fl-157"/>
      </object_component>
      <object_component id="oc-e4">
         <name>.debug_info</name>
         <load_address>0xdfd1</load_address>
         <run_address>0xdfd1</run_address>
         <size>0x12f</size>
         <input_file_ref idref="fl-157"/>
      </object_component>
      <object_component id="oc-ea">
         <name>.debug_info</name>
         <load_address>0xe100</load_address>
         <run_address>0xe100</run_address>
         <size>0x60c</size>
         <input_file_ref idref="fl-158"/>
      </object_component>
      <object_component id="oc-95">
         <name>.debug_info</name>
         <load_address>0xe70c</load_address>
         <run_address>0xe70c</run_address>
         <size>0x491</size>
         <input_file_ref idref="fl-159"/>
      </object_component>
      <object_component id="oc-bc">
         <name>.debug_info</name>
         <load_address>0xeb9d</load_address>
         <run_address>0xeb9d</run_address>
         <size>0x36f</size>
         <input_file_ref idref="fl-15a"/>
      </object_component>
      <object_component id="oc-134">
         <name>.debug_info</name>
         <load_address>0xef0c</load_address>
         <run_address>0xef0c</run_address>
         <size>0x25d</size>
         <input_file_ref idref="fl-15b"/>
      </object_component>
      <object_component id="oc-f4">
         <name>.debug_info</name>
         <load_address>0xf169</load_address>
         <run_address>0xf169</run_address>
         <size>0x121</size>
         <input_file_ref idref="fl-15b"/>
      </object_component>
      <object_component id="oc-b5">
         <name>.debug_info</name>
         <load_address>0xf28a</load_address>
         <run_address>0xf28a</run_address>
         <size>0x603</size>
         <input_file_ref idref="fl-15b"/>
      </object_component>
      <object_component id="oc-ef">
         <name>.debug_info</name>
         <load_address>0xf88d</load_address>
         <run_address>0xf88d</run_address>
         <size>0x611</size>
         <input_file_ref idref="fl-15c"/>
      </object_component>
      <object_component id="oc-5a">
         <name>.debug_info</name>
         <load_address>0xfe9e</load_address>
         <run_address>0xfe9e</run_address>
         <size>0x299</size>
         <input_file_ref idref="fl-15d"/>
      </object_component>
      <object_component id="oc-22">
         <name>.debug_info</name>
         <load_address>0x10137</load_address>
         <run_address>0x10137</run_address>
         <size>0x153</size>
         <input_file_ref idref="fl-15d"/>
      </object_component>
      <object_component id="oc-8a">
         <name>.debug_info</name>
         <load_address>0x1028a</load_address>
         <run_address>0x1028a</run_address>
         <size>0x39</size>
         <input_file_ref idref="fl-15d"/>
      </object_component>
      <object_component id="oc-8f">
         <name>.debug_info</name>
         <load_address>0x102c3</load_address>
         <run_address>0x102c3</run_address>
         <size>0xcd</size>
         <input_file_ref idref="fl-15d"/>
      </object_component>
      <object_component id="oc-87">
         <name>.debug_info</name>
         <load_address>0x10390</load_address>
         <run_address>0x10390</run_address>
         <size>0x1bc</size>
         <input_file_ref idref="fl-15f"/>
      </object_component>
      <object_component id="oc-54">
         <name>.debug_info</name>
         <load_address>0x1054c</load_address>
         <run_address>0x1054c</run_address>
         <size>0x15f</size>
         <input_file_ref idref="fl-15f"/>
      </object_component>
      <object_component id="oc-af">
         <name>.debug_info</name>
         <load_address>0x106ab</load_address>
         <run_address>0x106ab</run_address>
         <size>0x2c</size>
         <input_file_ref idref="fl-15f"/>
      </object_component>
      <object_component id="oc-2a5">
         <name>.debug_info</name>
         <load_address>0x106d7</load_address>
         <run_address>0x106d7</run_address>
         <size>0xce</size>
      </object_component>
      <object_component id="oc-11d">
         <name>.debug_line</name>
         <load_address>0x0</load_address>
         <run_address>0x0</run_address>
         <size>0x149</size>
         <input_file_ref idref="fl-2"/>
      </object_component>
      <object_component id="oc-11b">
         <name>.debug_line</name>
         <load_address>0x149</load_address>
         <run_address>0x149</run_address>
         <size>0x30</size>
         <input_file_ref idref="fl-2"/>
      </object_component>
      <object_component id="oc-9b">
         <name>.debug_line</name>
         <load_address>0x179</load_address>
         <run_address>0x179</run_address>
         <size>0x118</size>
         <input_file_ref idref="fl-2"/>
      </object_component>
      <object_component id="oc-121">
         <name>.debug_line</name>
         <load_address>0x291</load_address>
         <run_address>0x291</run_address>
         <size>0x62</size>
         <input_file_ref idref="fl-2"/>
      </object_component>
      <object_component id="oc-12b">
         <name>.debug_line</name>
         <load_address>0x2f3</load_address>
         <run_address>0x2f3</run_address>
         <size>0x54</size>
         <input_file_ref idref="fl-2"/>
      </object_component>
      <object_component id="oc-70">
         <name>.debug_line</name>
         <load_address>0x347</load_address>
         <run_address>0x347</run_address>
         <size>0x20</size>
         <input_file_ref idref="fl-2"/>
      </object_component>
      <object_component id="oc-e0">
         <name>.debug_line</name>
         <load_address>0x367</load_address>
         <run_address>0x367</run_address>
         <size>0x55</size>
         <input_file_ref idref="fl-2"/>
      </object_component>
      <object_component id="oc-1af">
         <name>.debug_line</name>
         <load_address>0x3bc</load_address>
         <run_address>0x3bc</run_address>
         <size>0x5a</size>
         <input_file_ref idref="fl-2"/>
      </object_component>
      <object_component id="oc-10f">
         <name>.debug_line</name>
         <load_address>0x416</load_address>
         <run_address>0x416</run_address>
         <size>0x55</size>
         <input_file_ref idref="fl-2"/>
      </object_component>
      <object_component id="oc-126">
         <name>.debug_line</name>
         <load_address>0x46b</load_address>
         <run_address>0x46b</run_address>
         <size>0x67</size>
         <input_file_ref idref="fl-2"/>
      </object_component>
      <object_component id="oc-141">
         <name>.debug_line</name>
         <load_address>0x4d2</load_address>
         <run_address>0x4d2</run_address>
         <size>0x54</size>
         <input_file_ref idref="fl-2"/>
      </object_component>
      <object_component id="oc-5c">
         <name>.debug_line</name>
         <load_address>0x526</load_address>
         <run_address>0x526</run_address>
         <size>0x4f</size>
         <input_file_ref idref="fl-3"/>
      </object_component>
      <object_component id="oc-7a">
         <name>.debug_line</name>
         <load_address>0x575</load_address>
         <run_address>0x575</run_address>
         <size>0x6d</size>
         <input_file_ref idref="fl-12d"/>
      </object_component>
      <object_component id="oc-f">
         <name>.debug_line</name>
         <load_address>0x5e2</load_address>
         <run_address>0x5e2</run_address>
         <size>0x52</size>
         <input_file_ref idref="fl-12d"/>
      </object_component>
      <object_component id="oc-37">
         <name>.debug_line</name>
         <load_address>0x634</load_address>
         <run_address>0x634</run_address>
         <size>0x3a</size>
         <input_file_ref idref="fl-12d"/>
      </object_component>
      <object_component id="oc-77">
         <name>.debug_line</name>
         <load_address>0x66e</load_address>
         <run_address>0x66e</run_address>
         <size>0x6d</size>
         <input_file_ref idref="fl-12d"/>
      </object_component>
      <object_component id="oc-7d">
         <name>.debug_line</name>
         <load_address>0x6db</load_address>
         <run_address>0x6db</run_address>
         <size>0x6d</size>
         <input_file_ref idref="fl-12e"/>
      </object_component>
      <object_component id="oc-3f">
         <name>.debug_line</name>
         <load_address>0x748</load_address>
         <run_address>0x748</run_address>
         <size>0x87</size>
         <input_file_ref idref="fl-12e"/>
      </object_component>
      <object_component id="oc-19">
         <name>.debug_line</name>
         <load_address>0x7cf</load_address>
         <run_address>0x7cf</run_address>
         <size>0x4b</size>
         <input_file_ref idref="fl-12e"/>
      </object_component>
      <object_component id="oc-45">
         <name>.debug_line</name>
         <load_address>0x81a</load_address>
         <run_address>0x81a</run_address>
         <size>0x39</size>
         <input_file_ref idref="fl-12e"/>
      </object_component>
      <object_component id="oc-81">
         <name>.debug_line</name>
         <load_address>0x853</load_address>
         <run_address>0x853</run_address>
         <size>0x6d</size>
         <input_file_ref idref="fl-12e"/>
      </object_component>
      <object_component id="oc-85">
         <name>.debug_line</name>
         <load_address>0x8c0</load_address>
         <run_address>0x8c0</run_address>
         <size>0x6d</size>
         <input_file_ref idref="fl-12f"/>
      </object_component>
      <object_component id="oc-1b">
         <name>.debug_line</name>
         <load_address>0x92d</load_address>
         <run_address>0x92d</run_address>
         <size>0x4f</size>
         <input_file_ref idref="fl-12f"/>
      </object_component>
      <object_component id="oc-50">
         <name>.debug_line</name>
         <load_address>0x97c</load_address>
         <run_address>0x97c</run_address>
         <size>0x34</size>
         <input_file_ref idref="fl-12f"/>
      </object_component>
      <object_component id="oc-2f">
         <name>.debug_line</name>
         <load_address>0x9b0</load_address>
         <run_address>0x9b0</run_address>
         <size>0x9a</size>
         <input_file_ref idref="fl-130"/>
      </object_component>
      <object_component id="oc-48">
         <name>.debug_line</name>
         <load_address>0xa4a</load_address>
         <run_address>0xa4a</run_address>
         <size>0x73</size>
         <input_file_ref idref="fl-131"/>
      </object_component>
      <object_component id="oc-1a2">
         <name>.debug_line</name>
         <load_address>0xabd</load_address>
         <run_address>0xabd</run_address>
         <size>0x7b</size>
         <input_file_ref idref="fl-132"/>
      </object_component>
      <object_component id="oc-c8">
         <name>.debug_line</name>
         <load_address>0xb38</load_address>
         <run_address>0xb38</run_address>
         <size>0xb0</size>
         <input_file_ref idref="fl-132"/>
      </object_component>
      <object_component id="oc-10a">
         <name>.debug_line</name>
         <load_address>0xbe8</load_address>
         <run_address>0xbe8</run_address>
         <size>0x6c</size>
         <input_file_ref idref="fl-132"/>
      </object_component>
      <object_component id="oc-114">
         <name>.debug_line</name>
         <load_address>0xc54</load_address>
         <run_address>0xc54</run_address>
         <size>0x2e</size>
         <input_file_ref idref="fl-132"/>
      </object_component>
      <object_component id="oc-1a4">
         <name>.debug_line</name>
         <load_address>0xc82</load_address>
         <run_address>0xc82</run_address>
         <size>0x20</size>
         <input_file_ref idref="fl-133"/>
      </object_component>
      <object_component id="oc-d2">
         <name>.debug_line</name>
         <load_address>0xca2</load_address>
         <run_address>0xca2</run_address>
         <size>0x8c</size>
         <input_file_ref idref="fl-133"/>
      </object_component>
      <object_component id="oc-1e7">
         <name>.debug_line</name>
         <load_address>0xd2e</load_address>
         <run_address>0xd2e</run_address>
         <size>0x113</size>
         <input_file_ref idref="fl-134"/>
      </object_component>
      <object_component id="oc-103">
         <name>.debug_line</name>
         <load_address>0xe41</load_address>
         <run_address>0xe41</run_address>
         <size>0xb5b</size>
         <input_file_ref idref="fl-134"/>
      </object_component>
      <object_component id="oc-19a">
         <name>.debug_line</name>
         <load_address>0x199c</load_address>
         <run_address>0x199c</run_address>
         <size>0x6d</size>
         <input_file_ref idref="fl-134"/>
      </object_component>
      <object_component id="oc-1eb">
         <name>.debug_line</name>
         <load_address>0x1a09</load_address>
         <run_address>0x1a09</run_address>
         <size>0x6d</size>
         <input_file_ref idref="fl-134"/>
      </object_component>
      <object_component id="oc-19f">
         <name>.debug_line</name>
         <load_address>0x1a76</load_address>
         <run_address>0x1a76</run_address>
         <size>0x2e</size>
         <input_file_ref idref="fl-134"/>
      </object_component>
      <object_component id="oc-215">
         <name>.debug_line</name>
         <load_address>0x1aa4</load_address>
         <run_address>0x1aa4</run_address>
         <size>0x6c</size>
         <input_file_ref idref="fl-135"/>
      </object_component>
      <object_component id="oc-194">
         <name>.debug_line</name>
         <load_address>0x1b10</load_address>
         <run_address>0x1b10</run_address>
         <size>0x61</size>
         <input_file_ref idref="fl-135"/>
      </object_component>
      <object_component id="oc-230">
         <name>.debug_line</name>
         <load_address>0x1b71</load_address>
         <run_address>0x1b71</run_address>
         <size>0x20</size>
         <input_file_ref idref="fl-136"/>
      </object_component>
      <object_component id="oc-212">
         <name>.debug_line</name>
         <load_address>0x1b91</load_address>
         <run_address>0x1b91</run_address>
         <size>0x2b</size>
         <input_file_ref idref="fl-136"/>
      </object_component>
      <object_component id="oc-16e">
         <name>.debug_line</name>
         <load_address>0x1bbc</load_address>
         <run_address>0x1bbc</run_address>
         <size>0xc2</size>
         <input_file_ref idref="fl-137"/>
      </object_component>
      <object_component id="oc-149">
         <name>.debug_line</name>
         <load_address>0x1c7e</load_address>
         <run_address>0x1c7e</run_address>
         <size>0x75</size>
         <input_file_ref idref="fl-138"/>
      </object_component>
      <object_component id="oc-158">
         <name>.debug_line</name>
         <load_address>0x1cf3</load_address>
         <run_address>0x1cf3</run_address>
         <size>0x75</size>
         <input_file_ref idref="fl-138"/>
      </object_component>
      <object_component id="oc-154">
         <name>.debug_line</name>
         <load_address>0x1d68</load_address>
         <run_address>0x1d68</run_address>
         <size>0xa1</size>
         <input_file_ref idref="fl-139"/>
      </object_component>
      <object_component id="oc-151">
         <name>.debug_line</name>
         <load_address>0x1e09</load_address>
         <run_address>0x1e09</run_address>
         <size>0x87</size>
         <input_file_ref idref="fl-13a"/>
      </object_component>
      <object_component id="oc-15d">
         <name>.debug_line</name>
         <load_address>0x1e90</load_address>
         <run_address>0x1e90</run_address>
         <size>0x51</size>
         <input_file_ref idref="fl-13b"/>
      </object_component>
      <object_component id="oc-1f9">
         <name>.debug_line</name>
         <load_address>0x1ee1</load_address>
         <run_address>0x1ee1</run_address>
         <size>0x6c</size>
         <input_file_ref idref="fl-13c"/>
      </object_component>
      <object_component id="oc-176">
         <name>.debug_line</name>
         <load_address>0x1f4d</load_address>
         <run_address>0x1f4d</run_address>
         <size>0x42</size>
         <input_file_ref idref="fl-13c"/>
      </object_component>
      <object_component id="oc-168">
         <name>.debug_line</name>
         <load_address>0x1f8f</load_address>
         <run_address>0x1f8f</run_address>
         <size>0x49</size>
         <input_file_ref idref="fl-13d"/>
      </object_component>
      <object_component id="oc-20a">
         <name>.debug_line</name>
         <load_address>0x1fd8</load_address>
         <run_address>0x1fd8</run_address>
         <size>0xb8</size>
         <input_file_ref idref="fl-13e"/>
      </object_component>
      <object_component id="oc-17b">
         <name>.debug_line</name>
         <load_address>0x2090</load_address>
         <run_address>0x2090</run_address>
         <size>0xac</size>
         <input_file_ref idref="fl-13e"/>
      </object_component>
      <object_component id="oc-1ef">
         <name>.debug_line</name>
         <load_address>0x213c</load_address>
         <run_address>0x213c</run_address>
         <size>0x6d</size>
         <input_file_ref idref="fl-13f"/>
      </object_component>
      <object_component id="oc-162">
         <name>.debug_line</name>
         <load_address>0x21a9</load_address>
         <run_address>0x21a9</run_address>
         <size>0x67</size>
         <input_file_ref idref="fl-13f"/>
      </object_component>
      <object_component id="oc-210">
         <name>.debug_line</name>
         <load_address>0x2210</load_address>
         <run_address>0x2210</run_address>
         <size>0x20</size>
         <input_file_ref idref="fl-140"/>
      </object_component>
      <object_component id="oc-18a">
         <name>.debug_line</name>
         <load_address>0x2230</load_address>
         <run_address>0x2230</run_address>
         <size>0x48</size>
         <input_file_ref idref="fl-140"/>
      </object_component>
      <object_component id="oc-20c">
         <name>.debug_line</name>
         <load_address>0x2278</load_address>
         <run_address>0x2278</run_address>
         <size>0x20</size>
         <input_file_ref idref="fl-141"/>
      </object_component>
      <object_component id="oc-181">
         <name>.debug_line</name>
         <load_address>0x2298</load_address>
         <run_address>0x2298</run_address>
         <size>0x8b</size>
         <input_file_ref idref="fl-141"/>
      </object_component>
      <object_component id="oc-fc">
         <name>.debug_line</name>
         <load_address>0x2323</load_address>
         <run_address>0x2323</run_address>
         <size>0x75</size>
         <input_file_ref idref="fl-142"/>
      </object_component>
      <object_component id="oc-147">
         <name>.debug_line</name>
         <load_address>0x2398</load_address>
         <run_address>0x2398</run_address>
         <size>0xf9</size>
         <input_file_ref idref="fl-143"/>
      </object_component>
      <object_component id="oc-20e">
         <name>.debug_line</name>
         <load_address>0x2491</load_address>
         <run_address>0x2491</run_address>
         <size>0x20</size>
         <input_file_ref idref="fl-144"/>
      </object_component>
      <object_component id="oc-188">
         <name>.debug_line</name>
         <load_address>0x24b1</load_address>
         <run_address>0x24b1</run_address>
         <size>0x92</size>
         <input_file_ref idref="fl-144"/>
      </object_component>
      <object_component id="oc-222">
         <name>.debug_line</name>
         <load_address>0x2543</load_address>
         <run_address>0x2543</run_address>
         <size>0x77</size>
         <input_file_ref idref="fl-145"/>
      </object_component>
      <object_component id="oc-1d1">
         <name>.debug_line</name>
         <load_address>0x25ba</load_address>
         <run_address>0x25ba</run_address>
         <size>0xcc</size>
         <input_file_ref idref="fl-145"/>
      </object_component>
      <object_component id="oc-21f">
         <name>.debug_line</name>
         <load_address>0x2686</load_address>
         <run_address>0x2686</run_address>
         <size>0x6c</size>
         <input_file_ref idref="fl-145"/>
      </object_component>
      <object_component id="oc-219">
         <name>.debug_line</name>
         <load_address>0x26f2</load_address>
         <run_address>0x26f2</run_address>
         <size>0x2b</size>
         <input_file_ref idref="fl-146"/>
      </object_component>
      <object_component id="oc-1c6">
         <name>.debug_line</name>
         <load_address>0x271d</load_address>
         <run_address>0x271d</run_address>
         <size>0x61</size>
         <input_file_ref idref="fl-146"/>
      </object_component>
      <object_component id="oc-1d8">
         <name>.debug_line</name>
         <load_address>0x277e</load_address>
         <run_address>0x277e</run_address>
         <size>0x4e</size>
         <input_file_ref idref="fl-147"/>
      </object_component>
      <object_component id="oc-21b">
         <name>.debug_line</name>
         <load_address>0x27cc</load_address>
         <run_address>0x27cc</run_address>
         <size>0x2d</size>
         <input_file_ref idref="fl-148"/>
      </object_component>
      <object_component id="oc-22e">
         <name>.debug_line</name>
         <load_address>0x27f9</load_address>
         <run_address>0x27f9</run_address>
         <size>0x2b</size>
         <input_file_ref idref="fl-149"/>
      </object_component>
      <object_component id="oc-254">
         <name>.debug_line</name>
         <load_address>0x2824</load_address>
         <run_address>0x2824</run_address>
         <size>0x6d</size>
         <input_file_ref idref="fl-14a"/>
      </object_component>
      <object_component id="oc-23c">
         <name>.debug_line</name>
         <load_address>0x2891</load_address>
         <run_address>0x2891</run_address>
         <size>0x33</size>
         <input_file_ref idref="fl-14a"/>
      </object_component>
      <object_component id="oc-204">
         <name>.debug_line</name>
         <load_address>0x28c4</load_address>
         <run_address>0x28c4</run_address>
         <size>0x58</size>
         <input_file_ref idref="fl-14a"/>
      </object_component>
      <object_component id="oc-240">
         <name>.debug_line</name>
         <load_address>0x291c</load_address>
         <run_address>0x291c</run_address>
         <size>0x6b</size>
         <input_file_ref idref="fl-14a"/>
      </object_component>
      <object_component id="oc-13a">
         <name>.debug_line</name>
         <load_address>0x2987</load_address>
         <run_address>0x2987</run_address>
         <size>0x3b</size>
         <input_file_ref idref="fl-14b"/>
      </object_component>
      <object_component id="oc-1bd">
         <name>.debug_line</name>
         <load_address>0x29c2</load_address>
         <run_address>0x29c2</run_address>
         <size>0x7e</size>
         <input_file_ref idref="fl-14c"/>
      </object_component>
      <object_component id="oc-24d">
         <name>.debug_line</name>
         <load_address>0x2a40</load_address>
         <run_address>0x2a40</run_address>
         <size>0x6d</size>
         <input_file_ref idref="fl-14d"/>
      </object_component>
      <object_component id="oc-224">
         <name>.debug_line</name>
         <load_address>0x2aad</load_address>
         <run_address>0x2aad</run_address>
         <size>0x53</size>
         <input_file_ref idref="fl-14d"/>
      </object_component>
      <object_component id="oc-251">
         <name>.debug_line</name>
         <load_address>0x2b00</load_address>
         <run_address>0x2b00</run_address>
         <size>0x6d</size>
         <input_file_ref idref="fl-14d"/>
      </object_component>
      <object_component id="oc-262">
         <name>.debug_line</name>
         <load_address>0x2b6d</load_address>
         <run_address>0x2b6d</run_address>
         <size>0x6c</size>
         <input_file_ref idref="fl-14e"/>
      </object_component>
      <object_component id="oc-260">
         <name>.debug_line</name>
         <load_address>0x2bd9</load_address>
         <run_address>0x2bd9</run_address>
         <size>0x2c</size>
         <input_file_ref idref="fl-14e"/>
      </object_component>
      <object_component id="oc-237">
         <name>.debug_line</name>
         <load_address>0x2c05</load_address>
         <run_address>0x2c05</run_address>
         <size>0x49</size>
         <input_file_ref idref="fl-14e"/>
      </object_component>
      <object_component id="oc-232">
         <name>.debug_line</name>
         <load_address>0x2c4e</load_address>
[...]
         <object_component_ref idref="oc-d3"/>
      </symbol>
      <symbol id="sm-4d9">
         <name>DMTimerPostedModeConfig</name>
         <value>0x800033d0</value>
         <object_component_ref idref="oc-d3"/>
      </symbol>
      <symbol id="sm-4da">
         <name>DMTimerResetConfigure</name>
         <value>0x800031f8</value>
         <object_component_ref idref="oc-d3"/>
      </symbol>
      <symbol id="sm-4db">
         <name>DMTimerReloadGet</name>
         <value>0x80002ffc</value>
         <object_component_ref idref="oc-d3"/>
      </symbol>
      <symbol id="sm-4dc">
         <name>DMTimerWritePostedStatusGet</name>
         <value>0x80003414</value>
         <object_component_ref idref="oc-d3"/>
      </symbol>
      <symbol id="sm-4dd">
         <name>DMTimerIntEnable</name>
         <value>0x80003160</value>
         <object_component_ref idref="oc-d3"/>
      </symbol>
      <symbol id="sm-4de">
         <name>DMTimerPreScalerClkDisable</name>
         <value>0x80002f10</value>
         <object_component_ref idref="oc-d3"/>
      </symbol>
      <symbol id="sm-4df">
         <name>DMTimerCounterSet</name>
         <value>0x80002f50</value>
         <object_component_ref idref="oc-d3"/>
      </symbol>
      <symbol id="sm-4e0">
         <name>DMTimerCompareSet</name>
         <value>0x80003094</value>
         <object_component_ref idref="oc-d3"/>
      </symbol>
      <symbol id="sm-538">
         <name>I2CContextRestore</name>
         <value>0x8000253c</value>
         <object_component_ref idref="oc-c1"/>
      </symbol>
      <symbol id="sm-539">
         <name>I2CDMATxEventEnable</name>
         <value>0x80001f34</value>
         <object_component_ref idref="oc-c1"/>
      </symbol>
      <symbol id="sm-53a">
         <name>I2CAutoIdleDisable</name>
         <value>0x80002288</value>
         <object_component_ref idref="oc-c1"/>
      </symbol>
      <symbol id="sm-53b">
         <name>I2CWakeUpDisable</name>
         <value>0x80002400</value>
         <object_component_ref idref="oc-c1"/>
      </symbol>
      <symbol id="sm-53c">
         <name>I2CMasterBusBusy</name>
         <value>0x80001c04</value>
         <object_component_ref idref="oc-c1"/>
      </symbol>
      <symbol id="sm-53d">
         <name>I2CMasterSlaveAddrGet</name>
         <value>0x80001e10</value>
         <object_component_ref idref="oc-c1"/>
      </symbol>
      <symbol id="sm-53e">
         <name>I2CBufferStatus</name>
         <value>0x80001ff4</value>
         <object_component_ref idref="oc-c1"/>
      </symbol>
      <symbol id="sm-53f">
         <name>I2CMasterIntStatus</name>
         <value>0x80001d38</value>
         <object_component_ref idref="oc-c1"/>
      </symbol>
      <symbol id="sm-540">
         <name>I2CMasterIntDisableEx</name>
         <value>0x80001d18</value>
         <object_component_ref idref="oc-c1"/>
      </symbol>
      <symbol id="sm-541">
         <name>I2COwnAddressSet</name>
         <value>0x800021c8</value>
         <object_component_ref idref="oc-c1"/>
      </symbol>
      <symbol id="sm-542">
         <name>I2CFIFOClear</name>
         <value>0x80001ee8</value>
         <object_component_ref idref="oc-c1"/>
      </symbol>
      <symbol id="sm-543">
         <name>I2CMasterIntRawStatusClearEx</name>
         <value>0x80001dd0</value>
         <object_component_ref idref="oc-c1"/>
      </symbol>
      <symbol id="sm-544">
         <name>I2CDMATxEventDisable</name>
         <value>0x80001f94</value>
         <object_component_ref idref="oc-c1"/>
      </symbol>
      <symbol id="sm-545">
         <name>I2CMasterDataPut</name>
         <value>0x800024a8</value>
         <object_component_ref idref="oc-c1"/>
      </symbol>
      <symbol id="sm-546">
         <name>I2CDataCountGet</name>
         <value>0x80001e50</value>
         <object_component_ref idref="oc-c1"/>
      </symbol>
      <symbol id="sm-547">
         <name>I2CSoftReset</name>
         <value>0x80002240</value>
         <object_component_ref idref="oc-c1"/>
      </symbol>
      <symbol id="sm-548">
         <name>I2CActiveOwnAddressGet</name>
         <value>0x80002078</value>
         <object_component_ref idref="oc-c1"/>
      </symbol>
      <symbol id="sm-549">
         <name>I2CMasterInitExpClk</name>
         <value>0x80001b40</value>
         <object_component_ref idref="oc-c1"/>
      </symbol>
      <symbol id="sm-54a">
         <name>I2CGlobalWakeUpEnable</name>
         <value>0x800022ac</value>
         <object_component_ref idref="oc-c1"/>
      </symbol>
      <symbol id="sm-54b">
         <name>I2CDMARxEventDisable</name>
         <value>0x80001fc4</value>
         <object_component_ref idref="oc-c1"/>
      </symbol>
      <symbol id="sm-54c">
         <name>I2CMasterIntRawStatusEx</name>
         <value>0x80001d8c</value>
         <object_component_ref idref="oc-c1"/>
      </symbol>
      <symbol id="sm-54d">
         <name>I2CClockActivitySelect</name>
         <value>0x80002334</value>
         <object_component_ref idref="oc-c1"/>
      </symbol>
      <symbol id="sm-54e">
         <name>I2CFIFOThresholdConfig</name>
         <value>0x80001e68</value>
         <object_component_ref idref="oc-c1"/>
      </symbol>
      <symbol id="sm-54f">
         <name>I2CAutoIdleEnable</name>
         <value>0x80002264</value>
         <object_component_ref idref="oc-c1"/>
      </symbol>
      <symbol id="sm-550">
         <name>I2CSetDataCount</name>
         <value>0x80001e30</value>
         <object_component_ref idref="oc-c1"/>
      </symbol>
      <symbol id="sm-551">
         <name>I2CDMARxEventEnable</name>
         <value>0x80001f64</value>
         <object_component_ref idref="oc-c1"/>
      </symbol>
      <symbol id="sm-552">
         <name>I2CClockBlockingControl</name>
         <value>0x800020fc</value>
         <object_component_ref idref="oc-c1"/>
      </symbol>
      <symbol id="sm-553">
         <name>I2CMasterIntClearEx</name>
         <value>0x80001db0</value>
         <object_component_ref idref="oc-c1"/>
      </symbol>
      <symbol id="sm-554">
         <name>I2CMasterSlaveAddrSet</name>
         <value>0x80001df0</value>
         <object_component_ref idref="oc-c1"/>
      </symbol>
      <symbol id="sm-555">
         <name>I2CMasterDataGet</name>
         <value>0x800024c8</value>
         <object_component_ref idref="oc-c1"/>
      </symbol>
      <symbol id="sm-556">
         <name>I2CWakeUpEnable</name>
         <value>0x80002374</value>
         <object_component_ref idref="oc-c1"/>
      </symbol>
      <symbol id="sm-557">
         <name>I2CMasterIntEnableEx</name>
         <value>0x80001cec</value>
         <object_component_ref idref="oc-c1"/>
      </symbol>
      <symbol id="sm-558">
         <name>I2CMasterErr</name>
         <value>0x80001c58</value>
         <object_component_ref idref="oc-c1"/>
      </symbol>
      <symbol id="sm-559">
         <name>I2CMasterStart</name>
         <value>0x80001ca4</value>
         <object_component_ref idref="oc-c1"/>
      </symbol>
      <symbol id="sm-55a">
         <name>I2CMasterStop</name>
         <value>0x80001cc8</value>
         <object_component_ref idref="oc-c1"/>
      </symbol>
      <symbol id="sm-55b">
         <name>I2CMasterControl</name>
         <value>0x80001c80</value>
         <object_component_ref idref="oc-c1"/>
      </symbol>
      <symbol id="sm-55c">
         <name>I2CMasterIntRawStatus</name>
         <value>0x80001d74</value>
         <object_component_ref idref="oc-c1"/>
      </symbol>
      <symbol id="sm-55d">
         <name>I2CMasterBusy</name>
         <value>0x80001c3c</value>
         <object_component_ref idref="oc-c1"/>
      </symbol>
      <symbol id="sm-55e">
         <name>I2CMasterEnable</name>
         <value>0x80001bbc</value>
         <object_component_ref idref="oc-c1"/>
      </symbol>
      <symbol id="sm-55f">
         <name>I2CMasterIntStatusEx</name>
         <value>0x80001d50</value>
         <object_component_ref idref="oc-c1"/>
      </symbol>
      <symbol id="sm-560">
         <name>I2CSystemStatusGet</name>
         <value>0x8000248c</value>
         <object_component_ref idref="oc-c1"/>
      </symbol>
      <symbol id="sm-561">
         <name>I2CContextSave</name>
         <value>0x800024e8</value>
         <object_component_ref idref="oc-c1"/>
      </symbol>
      <symbol id="sm-562">
         <name>I2CMasterDisable</name>
         <value>0x80001be0</value>
         <object_component_ref idref="oc-c1"/>
      </symbol>
      <symbol id="sm-563">
         <name>I2CGlobalWakeUpDisable</name>
         <value>0x800022d0</value>
         <object_component_ref idref="oc-c1"/>
      </symbol>
      <symbol id="sm-564">
         <name>I2CIdleModeSelect</name>
         <value>0x800022f4</value>
         <object_component_ref idref="oc-c1"/>
      </symbol>
      <symbol id="sm-583">
         <name>Entry</name>
         <value>0x80000000</value>
         <object_component_ref idref="oc-9"/>
      </symbol>
      <symbol id="sm-5a5">
         <name>start_boot</name>
         <value>0x80005680</value>
         <object_component_ref idref="oc-27"/>
      </symbol>
      <symbol id="sm-5a6">
         <name>AM335X_VECTOR_BASE</name>
         <value>0x8000607c</value>
         <object_component_ref idref="oc-66"/>
      </symbol>
      <symbol id="sm-5c7">
         <name>CP15DCacheEnable</name>
         <value>0x80003474</value>
         <object_component_ref idref="oc-61"/>
      </symbol>
      <symbol id="sm-5c8">
         <name>CP15MMUEnable</name>
         <value>0x800037e0</value>
         <object_component_ref idref="oc-61"/>
      </symbol>
      <symbol id="sm-5c9">
         <name>CP15DCacheClean</name>
         <value>0x80003518</value>
         <object_component_ref idref="oc-61"/>
      </symbol>
      <symbol id="sm-5ca">
         <name>CP15ICacheEnable</name>
         <value>0x80003464</value>
         <object_component_ref idref="oc-61"/>
      </symbol>
      <symbol id="sm-5cb">
         <name>CP15TtbCtlTtb0Config</name>
         <value>0x80003864</value>
         <object_component_ref idref="oc-61"/>
      </symbol>
      <symbol id="sm-5cc">
         <name>CP15VectorBaseAddrSet</name>
         <value>0x800037f4</value>
         <object_component_ref idref="oc-61"/>
      </symbol>
      <symbol id="sm-5cd">
         <name>CP15ICacheDisable</name>
         <value>0x8000342c</value>
         <object_component_ref idref="oc-61"/>
      </symbol>
      <symbol id="sm-5ce">
         <name>CP15BranchPredictorInvalidate</name>
         <value>0x80003800</value>
         <object_component_ref idref="oc-61"/>
      </symbol>
      <symbol id="sm-5cf">
         <name>CP15ControlFeatureEnable</name>
         <value>0x80003850</value>
         <object_component_ref idref="oc-61"/>
      </symbol>
      <symbol id="sm-5d0">
         <name>CP15DomainAccessClientSet</name>
         <value>0x8000382c</value>
         <object_component_ref idref="oc-61"/>
      </symbol>
      <symbol id="sm-5d1">
         <name>CP15BranchPredictionEnable</name>
         <value>0x8000380c</value>
         <object_component_ref idref="oc-61"/>
      </symbol>
      <symbol id="sm-5d2">
         <name>CP15DCacheDisable</name>
         <value>0x80003448</value>
         <object_component_ref idref="oc-61"/>
      </symbol>
      <symbol id="sm-5d3">
         <name>CP15AuxControlFeatureDisable</name>
         <value>0x80003888</value>
         <object_component_ref idref="oc-61"/>
      </symbol>
      <symbol id="sm-5d4">
         <name>CP15BranchPredictionDisable</name>
         <value>0x8000381c</value>
         <object_component_ref idref="oc-61"/>
      </symbol>
      <symbol id="sm-5d5">
         <name>CP15MainIdPrimPartNumGet</name>
         <value>0x8000389c</value>
         <object_component_ref idref="oc-61"/>
      </symbol>
      <symbol id="sm-5d6">
         <name>CP15Ttb0Set</name>
         <value>0x800037b0</value>
         <object_component_ref idref="oc-61"/>
      </symbol>
      <symbol id="sm-5d7">
         <name>CP15DCacheCleanFlushBuff</name>
         <value>0x800036a4</value>
         <object_component_ref idref="oc-61"/>
      </symbol>
      <symbol id="sm-5d8">
         <name>CP15DCacheCleanBuff</name>
         <value>0x80003650</value>
         <object_component_ref idref="oc-61"/>
      </symbol>
      <symbol id="sm-5d9">
         <name>CP15MMUDisable</name>
         <value>0x800037c8</value>
         <object_component_ref idref="oc-61"/>
      </symbol>
      <symbol id="sm-5da">
         <name>CP15DCacheFlush</name>
         <value>0x80003484</value>
         <object_component_ref idref="oc-61"/>
      </symbol>
      <symbol id="sm-5db">
         <name>CP15AuxControlFeatureEnable</name>
         <value>0x80003874</value>
         <object_component_ref idref="oc-61"/>
      </symbol>
      <symbol id="sm-5dc">
         <name>CP15TlbInvalidate</name>
         <value>0x800037bc</value>
         <object_component_ref idref="oc-61"/>
      </symbol>
      <symbol id="sm-5dd">
         <name>CP15ICacheFlushBuff</name>
         <value>0x8000375c</value>
         <object_component_ref idref="oc-61"/>
      </symbol>
      <symbol id="sm-5de">
         <name>CP15ICacheFlush</name>
         <value>0x80003640</value>
         <object_component_ref idref="oc-61"/>
      </symbol>
      <symbol id="sm-5df">
         <name>CP15DCacheFlushBuff</name>
         <value>0x800036f8</value>
         <object_component_ref idref="oc-61"/>
      </symbol>
      <symbol id="sm-5e0">
         <name>CP15DCacheCleanFlush</name>
         <value>0x800035ac</value>
         <object_component_ref idref="oc-61"/>
      </symbol>
      <symbol id="sm-5e1">
         <name>CP15ControlFeatureDisable</name>
         <value>0x8000383c</value>
         <object_component_ref idref="oc-61"/>
      </symbol>
      <symbol id="sm-5fb">
         <name>SVC_Handler</name>
         <value>0x80004d38</value>
         <object_component_ref idref="oc-a4"/>
      </symbol>
      <symbol id="sm-5fc">
         <name>IRQHandler</name>
         <value>0x80004d60</value>
         <object_component_ref idref="oc-a4"/>
      </symbol>
      <symbol id="sm-5fd">
         <name>AbortHandler</name>
         <value>0x80004e10</value>
         <object_component_ref idref="oc-a4"/>
      </symbol>
      <symbol id="sm-5fe">
         <name>UndefInstHandler</name>
         <value>0x80004e10</value>
         <object_component_ref idref="oc-a4"/>
      </symbol>
      <symbol id="sm-5ff">
         <name>FIQHandler</name>
         <value>0x80004e0c</value>
         <object_component_ref idref="oc-a4"/>
      </symbol>
      <symbol id="sm-609">
         <name>fnRAMVectors</name>
         <value>0x80005bf4</value>
         <object_component_ref idref="oc-e3"/>
      </symbol>
      <symbol id="sm-619">
         <name>CPUSwitchToPrivilegedMode</name>
         <value>0x80005850</value>
         <object_component_ref idref="oc-e6"/>
      </symbol>
      <symbol id="sm-61a">
         <name>CPUAbortHandler</name>
         <value>0x8000586c</value>
         <object_component_ref idref="oc-e6"/>
      </symbol>
      <symbol id="sm-61b">
         <name>CPUirqd</name>
         <value>0x80005870</value>
         <object_component_ref idref="oc-e6"/>
      </symbol>
      <symbol id="sm-61c">
         <name>CPUirqe</name>
         <value>0x80005880</value>
         <object_component_ref idref="oc-e6"/>
      </symbol>
      <symbol id="sm-61d">
         <name>CPUfiqd</name>
         <value>0x80005890</value>
         <object_component_ref idref="oc-e6"/>
      </symbol>
      <symbol id="sm-61e">
         <name>CPUfiqe</name>
         <value>0x800058a0</value>
         <object_component_ref idref="oc-e6"/>
      </symbol>
      <symbol id="sm-61f">
         <name>CPUSwitchToUserMode</name>
         <value>0x80005858</value>
         <object_component_ref idref="oc-e6"/>
      </symbol>
      <symbol id="sm-62d">
         <name>StopTimer</name>
         <value>0x80005a30</value>
         <object_component_ref idref="oc-94"/>
      </symbol>
      <symbol id="sm-62e">
         <name>StartTimer</name>
         <value>0x80005a1c</value>
         <object_component_ref idref="oc-94"/>
      </symbol>
      <symbol id="sm-62f">
         <name>delay</name>
         <value>0x80005a08</value>
         <object_component_ref idref="oc-94"/>
      </symbol>
      <symbol id="sm-630">
         <name>IsTimerElapsed</name>
         <value>0x80005a3c</value>
         <object_component_ref idref="oc-94"/>
      </symbol>
      <symbol id="sm-631">
         <name>DelayTimerSetup</name>
         <value>0x800059fc</value>
         <object_component_ref idref="oc-94"/>
      </symbol>
      <symbol id="sm-674">
         <name>I2CPinMuxSetup</name>
         <value>0x800038b4</value>
         <object_component_ref idref="oc-bb"/>
      </symbol>
      <symbol id="sm-675">
         <name>I2C1ModuleClkConfig</name>
         <value>0x80003910</value>
         <object_component_ref idref="oc-bb"/>
      </symbol>
      <symbol id="sm-676">
         <name>I2C0ModuleClkConfig</name>
         <value>0x80003a78</value>
         <object_component_ref idref="oc-bb"/>
      </symbol>
      <symbol id="sm-696">
         <name>SysIsTimerElapsed</name>
         <value>0x80004fe0</value>
         <object_component_ref idref="oc-b4"/>
      </symbol>
      <symbol id="sm-697">
         <name>SysStopTimer</name>
         <value>0x80004fd0</value>
         <object_component_ref idref="oc-b4"/>
      </symbol>
      <symbol id="sm-698">
         <name>SysStartTimer</name>
         <value>0x80004fa4</value>
         <object_component_ref idref="oc-b4"/>
      </symbol>
      <symbol id="sm-699">
         <name>Sysdelay</name>
         <value>0x80004f44</value>
         <object_component_ref idref="oc-b4"/>
      </symbol>
      <symbol id="sm-69a">
         <name>SysDelayTimerSetup</name>
         <value>0x80004f2c</value>
         <object_component_ref idref="oc-b4"/>
      </symbol>
      <symbol id="sm-6fe">
         <name>DMTimer7ModuleClkConfig</name>
         <value>0x80002b28</value>
         <object_component_ref idref="oc-ed"/>
      </symbol>
      <symbol id="sm-6ff">
         <name>DMTimer6ModuleClkConfig</name>
         <value>0x80002ab8</value>
         <object_component_ref idref="oc-ed"/>
      </symbol>
      <symbol id="sm-700">
         <name>DMTimer1msModuleClkConfig</name>
         <value>0x80002cb4</value>
         <object_component_ref idref="oc-ed"/>
      </symbol>
      <symbol id="sm-701">
         <name>DMTimer3ModuleClkConfig</name>
         <value>0x80002610</value>
         <object_component_ref idref="oc-ed"/>
      </symbol>
      <symbol id="sm-702">
         <name>DMTimer2ModuleClkConfig</name>
         <value>0x8000279c</value>
         <object_component_ref idref="oc-ed"/>
      </symbol>
      <symbol id="sm-703">
         <name>DMTimer4ModuleClkConfig</name>
         <value>0x80002928</value>
         <object_component_ref idref="oc-ed"/>
      </symbol>
      <symbol id="sm-728">
         <name>__TI_auto_init</name>
         <value>0x80005434</value>
         <object_component_ref idref="oc-21"/>
      </symbol>
      <symbol id="sm-72d">
         <name>__stack</name>
         <value>0x87fffff0</value>
         <object_component_ref idref="oc-20"/>
      </symbol>
      <symbol id="sm-747">
         <name>copy_in</name>
         <value>0x800055fc</value>
         <object_component_ref idref="oc-53"/>
      </symbol>
      <symbol id="sm-74d">
         <name>__TI_static_base__</name>
         <value>0x80006080</value>
      </symbol>
      <symbol id="sm-752">
         <name>SHT$$INIT_ARRAY$$Limit</name>
         <value>0x0</value>
      </symbol>
      <symbol id="sm-753">
         <name>SHT$$INIT_ARRAY$$Base</name>
         <value>0x0</value>
      </symbol>
   </symbol_table>
   <title>Link successful</title>
</link_info>
