******************************************************************************
                  TI ARM Linker PC v5.2.5                      
******************************************************************************
>> Linked Mon Mar 13 12:50:04 2017

OUTPUT FILE NAME:   <I2C_LCD.out>
ENTRY POINT SYMBOL: "Entry"  address: 80000000


MEMORY CONFIGURATION

         name            origin    length      used     unused   attr    fill
----------------------  --------  ---------  --------  --------  ----  --------
  DDR0                  80000000   40000000  00003688  3fffc978  RWIX


SEGMENT ALLOCATION MAP

run origin  load origin   length   init length attrs members
----------  ----------- ---------- ----------- ----- -------
80000000    80000000    000033e4   000033e4    r-x
  80000000    80000000    000000d0   000000d0    r-x .text:Entry
  800000d0    800000d0    00003314   00003314    r-x .text
800033e4    800033e4    00000208   00000000    rw-
  800033e4    800033e4    00000208   00000000    rw- .bss
800035ec    800035ec    0000003c   0000003c    r--
  800035ec    800035ec    0000003c   0000003c    r-- .const
80003628    80003628    00000020   00000000    rw-
  80003628    80003628    00000020   00000000    rw- .data
80003648    80003648    00000038   00000038    r--
  80003648    80003648    00000038   00000038    r-- .cinit
87fffff0    87fffff0    00000008   00000000    rw-
  87fffff0    87fffff0    00000008   00000000    rw- .stack


SECTION ALLOCATION MAP

 output                                  attributes/
section   page    origin      length       input sections
--------  ----  ----------  ----------   ----------------
.text:Entry 
*          0    80000000    000000d0     
                  80000000    000000c8     system.lib : init.obj (.text:Entry)
                  800000c8    00000008     rtsv7A8_A_le_eabi.lib : autoinit.obj (.tramp.__TI_auto_init.1)

.text      0    800000d0    00003314     
                  800000d0    00000ad0     drivers.lib : hsi2c.obj (.text)
                  80000ba0    00000780     platform.lib : dmtimer.obj (.text)
                  80001320    0000069c     drivers.lib : dmtimer.obj (.text)
                  800019bc    000004d4     int_LCD_I2C.obj (.text)
                  80001e90    00000488     system.lib : cp15.obj (.text)
                  80002318    00000418     platform.lib : hsi2c.obj (.text)
                  80002730    000003e4     system.lib : interrupt.obj (.text)
                  80002b14    00000180     rtsv7A8_A_le_eabi.lib : memcpy32.obj (.text)
                  80002c94    00000170     platform.lib : sysdelay.obj (.text)
                  80002e04    0000010c     system.lib : exceptionhandler.obj (.text)
                  80002f10    000000f0     rtsv7A8_A_le_eabi.lib : u_div32.obj (.text)
                  80003000    000000b0                           : memset32.obj (.text)
                  800030b0    000000a4                           : autoinit.obj (.text)
                  80003154    000000a0                           : copy_decompress_rle.obj (.text)
                  800031f4    00000084                           : cpy_tbl.obj (.text)
                  80003278    00000084     system.lib : startup.obj (.text)
                  800032fc    00000060                : cpu.obj (.text)
                  8000335c    0000004c     utils.lib : delay.obj (.text)
                  800033a8    00000014     rtsv7A8_A_le_eabi.lib : copy_decompress_none.obj (.text:decompress:none)
                  800033bc    00000010                           : copy_zero_init.obj (.text:decompress:ZI)
                  800033cc    0000000c     system.lib : cpu.obj (.text:CPUIntStatus)
                  800033d8    00000008     rtsv7A8_A_le_eabi.lib : copy_decompress_rle.obj (.text:decompress:rle24)
                  800033e0    00000004                           : i_div0.obj (.text)

.bss       0    800033e4    00000208     UNINITIALIZED
                  800033e4    00000200     system.lib : interrupt.obj (.bss:fnRAMVectors)
                  800035e4    00000004     (.common:numOfBytes)
                  800035e8    00000004     (.common:tCount)

.TI.noinit 
*          0    800033e4    00000000     UNINITIALIZED

.const     0    800035ec    0000003c     
                  800035ec    00000038     system.lib : startup.obj (.const:vecTbl)
                  80003624    00000004                : startup.obj (.const)

.data      0    80003628    00000020     UNINITIALIZED
                  80003628    0000001c     int_LCD_I2C.obj (.data)
                  80003644    00000004     platform.lib : sysdelay.obj (.data)

.TI.persistent 
*          0    80003628    00000000     UNINITIALIZED

.stack     0    87fffff0    00000008     UNINITIALIZED
                  87fffff0    00000008     --HOLE--

.cinit     0    80003648    00000038     
                  80003648    00000012     (.cinit..data.load) [load image, compression = rle]
                  8000365a    00000002     --HOLE-- [fill = 0]
                  8000365c    0000000c     (__TI_handler_table)
                  80003668    00000008     (.cinit..bss.load) [load image, compression = zero_init]
                  80003670    00000010     (__TI_cinit_table)


LINKER GENERATED COPY TABLES

__TI_cinit_table @ 80003670 records: 2, size/record: 8, table size: 16
	.data: load addr=80003648, load size=00000012 bytes, run addr=80003628, run size=00000020 bytes, compression=rle
	.bss: load addr=80003668, load size=00000008 bytes, run addr=800033e4, run size=00000208 bytes, compression=zero_init


LINKER GENERATED HANDLER TABLE

__TI_handler_table @ 8000365c records: 3, size/record: 4, table size: 12
	index: 0, handler: __TI_decompress_rle24
	index: 1, handler: __TI_decompress_none
	index: 2, handler: __TI_zero_init


FAR CALL TRAMPOLINES

callee name               trampoline name
   callee addr  tramp addr   call addr  call info
--------------  -----------  ---------  ----------------
__TI_auto_init            $Tramp$AA$S$$__TI_auto_init
   800030b0     800000c8     800000a0   system.lib : init.obj (.text:Entry)

[1 trampolines]
[1 trampoline calls]


GLOBAL SYMBOLS: SORTED ALPHABETICALLY BY Name 

address   name                         
-------   ----                         
80003624  AM335X_VECTOR_BASE           
80002ef8  AbortHandler                 
800022ec  CP15AuxControlFeatureDisable 
800022d8  CP15AuxControlFeatureEnable  
80002280  CP15BranchPredictionDisable  
80002270  CP15BranchPredictionEnable   
80002264  CP15BranchPredictorInvalidate
800022a0  CP15ControlFeatureDisable    
800022b4  CP15ControlFeatureEnable     
80001f7c  CP15DCacheClean              
800020b4  CP15DCacheCleanBuff          
80002010  CP15DCacheCleanFlush         
80002108  CP15DCacheCleanFlushBuff     
80001eac  CP15DCacheDisable            
80001ed8  CP15DCacheEnable             
80001ee8  CP15DCacheFlush              
8000215c  CP15DCacheFlushBuff          
80002290  CP15DomainAccessClientSet    
80001e90  CP15ICacheDisable            
80001ec8  CP15ICacheEnable             
800020a4  CP15ICacheFlush              
800021c0  CP15ICacheFlushBuff          
8000222c  CP15MMUDisable               
80002244  CP15MMUEnable                
80002300  CP15MainIdPrimPartNumGet     
80002220  CP15TlbInvalidate            
80002214  CP15Ttb0Set                  
800022c8  CP15TtbCtlTtb0Config         
80002258  CP15VectorBaseAddrSet        
80003318  CPUAbortHandler              
800033cc  CPUIntStatus                 
800032fc  CPUSwitchToPrivilegedMode    
80003304  CPUSwitchToUserMode          
8000333c  CPUfiqd                      
8000334c  CPUfiqe                      
8000331c  CPUirqd                      
8000332c  CPUirqe                      
80001244  DMTimer1msModuleClkConfig    
80000d2c  DMTimer2ModuleClkConfig      
80000ba0  DMTimer3ModuleClkConfig      
80000eb8  DMTimer4ModuleClkConfig      
80001048  DMTimer6ModuleClkConfig      
800010b8  DMTimer7ModuleClkConfig      
80001660  DMTimerCompareGet            
80001624  DMTimerCompareSet            
80001880  DMTimerContextRestore        
80001800  DMTimerContextSave           
8000151c  DMTimerCounterGet            
800014e0  DMTimerCounterSet            
80001360  DMTimerDisable               
80001320  DMTimerEnable                
800015a4  DMTimerGPOConfigure          
80001714  DMTimerIntDisable            
800016f0  DMTimerIntEnable             
80001770  DMTimerIntEnableGet          
8000169c  DMTimerIntRawStatusGet       
80001678  DMTimerIntRawStatusSet       
800016cc  DMTimerIntStatusClear        
800016b4  DMTimerIntStatusGet          
800013a0  DMTimerModeConfigure         
80001960  DMTimerPostedModeConfig      
800014a0  DMTimerPreScalerClkDisable   
80001420  DMTimerPreScalerClkEnable    
8000158c  DMTimerReloadGet             
80001550  DMTimerReloadSet             
800017cc  DMTimerReset                 
80001788  DMTimerResetConfigure        
80001738  DMTimerTriggerSet            
800019a4  DMTimerWritePostedStatusGet  
8000335c  DelayTimerSetup              
80000000  Entry                        
80002ef4  FIQHandler                   
800024dc  I2C0ModuleClkConfig          
80002374  I2C1ModuleClkConfig          
80000608  I2CActiveOwnAddressGet       
80000818  I2CAutoIdleDisable           
800007f4  I2CAutoIdleEnable            
80000584  I2CBufferStatus              
800008c4  I2CClockActivitySelect       
8000068c  I2CClockBlockingControl      
80000acc  I2CContextRestore            
80000a78  I2CContextSave               
80000554  I2CDMARxEventDisable         
800004f4  I2CDMARxEventEnable          
80000524  I2CDMATxEventDisable         
800004c4  I2CDMATxEventEnable          
800003e0  I2CDataCountGet              
80000478  I2CFIFOClear                 
800003f8  I2CFIFOThresholdConfig       
80000860  I2CGlobalWakeUpDisable       
8000083c  I2CGlobalWakeUpEnable        
80000884  I2CIdleModeSelect            
80001d74  I2CIsr                       
80000194  I2CMasterBusBusy             
800001cc  I2CMasterBusy                
80000210  I2CMasterControl             
80000a58  I2CMasterDataGet             
80000a38  I2CMasterDataPut             
80000170  I2CMasterDisable             
8000014c  I2CMasterEnable              
800001e8  I2CMasterErr                 
800000d0  I2CMasterInitExpClk          
80000340  I2CMasterIntClearEx          
800002a8  I2CMasterIntDisableEx        
8000027c  I2CMasterIntEnableEx         
80000304  I2CMasterIntRawStatus        
80000360  I2CMasterIntRawStatusClearEx 
8000031c  I2CMasterIntRawStatusEx      
800002c8  I2CMasterIntStatus           
800002e0  I2CMasterIntStatusEx         
800003a0  I2CMasterSlaveAddrGet        
80000380  I2CMasterSlaveAddrSet        
80000234  I2CMasterStart               
80000258  I2CMasterStop                
80000758  I2COwnAddressSet             
80002318  I2CPinMuxSetup               
800003c0  I2CSetDataCount              
800007d0  I2CSoftReset                 
80000a1c  I2CSystemStatusGet           
80000990  I2CWakeUpDisable             
80000904  I2CWakeUpEnable              
80002e48  IRQHandler                   
80002778  IntAINTCInit                 
800028b0  IntActiveIrqNumGet           
80002948  IntCurrIrqPriorityGet        
80002aa0  IntDisable                   
80002ab8  IntEnable                    
80002934  IntFuncClkAutoGateSet        
80002920  IntFuncClkFreeRunSet         
8000289c  IntIfClkAutoGateSet          
80002888  IntIfClkFreeRunSet           
80002a88  IntMasterFIQDisable          
80002a7c  IntMasterFIQEnable           
80002a70  IntMasterIRQDisable          
80002a64  IntMasterIRQEnable           
80002a94  IntMasterStatusGet           
80002a28  IntPendingIrqMaskedStatusGet 
800027e8  IntPrioritySet               
80002958  IntPriorityThresholdGet      
80002968  IntPriorityThresholdSet      
800028e4  IntProtectionDisable         
800028d4  IntProtectionEnable          
80002988  IntRawStatusGet              
80002734  IntRegister                  
800029f8  IntSoftwareIntClear          
800029c8  IntSoftwareIntSet            
800028c0  IntSpurIrqFlagGet            
8000290c  IntSyncClkAutoGateSet        
800028f8  IntSyncClkFreeRunSet         
80002854  IntSystemDisable             
80002820  IntSystemEnable              
80002758  IntUnRegister                
8000339c  IsTimerElapsed               
UNDEFED   SHT$$INIT_ARRAY$$Base        
UNDEFED   SHT$$INIT_ARRAY$$Limit       
80002e20  SVC_Handler                  
8000337c  StartTimer                   
80003390  StopTimer                    
80002c94  SysDelayTimerSetup           
80002dc4  SysIsTimerElapsed            
80002d58  SysStartTimer                
80002da8  SysStopTimer                 
80002cdc  Sysdelay                     
80002ef8  UndefInstHandler             
87fffff8  __STACK_END                  
00000008  __STACK_SIZE                 
80003670  __TI_CINIT_Base              
80003680  __TI_CINIT_Limit             
8000365c  __TI_Handler_Table_Base      
80003668  __TI_Handler_Table_Limit     
800030b0  __TI_auto_init               
800033a8  __TI_decompress_none         
800033d8  __TI_decompress_rle24        
80003648  __TI_static_base__           
800033bc  __TI_zero_init               
800033e0  __aeabi_idiv0                
80003000  __aeabi_memclr               
80003000  __aeabi_memclr4              
80003000  __aeabi_memclr8              
80002b14  __aeabi_memcpy               
80002b14  __aeabi_memcpy4              
80002b14  __aeabi_memcpy8              
80003004  __aeabi_memset               
80003004  __aeabi_memset4              
80003004  __aeabi_memset8              
80002f10  __aeabi_uidiv                
80002f10  __aeabi_uidivmod             
ffffffff  __binit__                    
ffffffff  __c_args__                   
87fffff0  __stack                      
ffffffff  binit                        
800035ec  bss_end                      
800033e4  bss_start                    
800031f4  copy_in                      
80003628  dataToSlave                  
80003368  delay                        
80003640  flag                         
800033e4  fnRAMVectors                 
800019bc  main                         
80002b14  memcpy                       
80003010  memset                       
800035e4  numOfBytes                   
80003278  start_boot                   
800035e8  tCount                       


GLOBAL SYMBOLS: SORTED BY Symbol Address 

address   name                         
-------   ----                         
00000008  __STACK_SIZE                 
80000000  Entry                        
800000d0  I2CMasterInitExpClk          
8000014c  I2CMasterEnable              
80000170  I2CMasterDisable             
80000194  I2CMasterBusBusy             
800001cc  I2CMasterBusy                
800001e8  I2CMasterErr                 
80000210  I2CMasterControl             
80000234  I2CMasterStart               
80000258  I2CMasterStop                
8000027c  I2CMasterIntEnableEx         
800002a8  I2CMasterIntDisableEx        
800002c8  I2CMasterIntStatus           
800002e0  I2CMasterIntStatusEx         
80000304  I2CMasterIntRawStatus        
8000031c  I2CMasterIntRawStatusEx      
80000340  I2CMasterIntClearEx          
80000360  I2CMasterIntRawStatusClearEx 
80000380  I2CMasterSlaveAddrSet        
800003a0  I2CMasterSlaveAddrGet        
800003c0  I2CSetDataCount              
800003e0  I2CDataCountGet              
800003f8  I2CFIFOThresholdConfig       
80000478  I2CFIFOClear                 
800004c4  I2CDMATxEventEnable          
800004f4  I2CDMARxEventEnable          
80000524  I2CDMATxEventDisable         
80000554  I2CDMARxEventDisable         
80000584  I2CBufferStatus              
80000608  I2CActiveOwnAddressGet       
8000068c  I2CClockBlockingControl      
80000758  I2COwnAddressSet             
800007d0  I2CSoftReset                 
800007f4  I2CAutoIdleEnable            
80000818  I2CAutoIdleDisable           
8000083c  I2CGlobalWakeUpEnable        
80000860  I2CGlobalWakeUpDisable       
80000884  I2CIdleModeSelect            
800008c4  I2CClockActivitySelect       
80000904  I2CWakeUpEnable              
80000990  I2CWakeUpDisable             
80000a1c  I2CSystemStatusGet           
80000a38  I2CMasterDataPut             
80000a58  I2CMasterDataGet             
80000a78  I2CContextSave               
80000acc  I2CContextRestore            
80000ba0  DMTimer3ModuleClkConfig      
80000d2c  DMTimer2ModuleClkConfig      
80000eb8  DMTimer4ModuleClkConfig      
80001048  DMTimer6ModuleClkConfig      
800010b8  DMTimer7ModuleClkConfig      
80001244  DMTimer1msModuleClkConfig    
80001320  DMTimerEnable                
80001360  DMTimerDisable               
800013a0  DMTimerModeConfigure         
80001420  DMTimerPreScalerClkEnable    
800014a0  DMTimerPreScalerClkDisable   
800014e0  DMTimerCounterSet            
8000151c  DMTimerCounterGet            
80001550  DMTimerReloadSet             
8000158c  DMTimerReloadGet             
800015a4  DMTimerGPOConfigure          
80001624  DMTimerCompareSet            
80001660  DMTimerCompareGet            
80001678  DMTimerIntRawStatusSet       
8000169c  DMTimerIntRawStatusGet       
800016b4  DMTimerIntStatusGet          
800016cc  DMTimerIntStatusClear        
800016f0  DMTimerIntEnable             
80001714  DMTimerIntDisable            
80001738  DMTimerTriggerSet            
80001770  DMTimerIntEnableGet          
80001788  DMTimerResetConfigure        
800017cc  DMTimerReset                 
80001800  DMTimerContextSave           
80001880  DMTimerContextRestore        
80001960  DMTimerPostedModeConfig      
800019a4  DMTimerWritePostedStatusGet  
800019bc  main                         
80001d74  I2CIsr                       
80001e90  CP15ICacheDisable            
80001eac  CP15DCacheDisable            
80001ec8  CP15ICacheEnable             
80001ed8  CP15DCacheEnable             
80001ee8  CP15DCacheFlush              
80001f7c  CP15DCacheClean              
80002010  CP15DCacheCleanFlush         
800020a4  CP15ICacheFlush              
800020b4  CP15DCacheCleanBuff          
80002108  CP15DCacheCleanFlushBuff     
8000215c  CP15DCacheFlushBuff          
800021c0  CP15ICacheFlushBuff          
80002214  CP15Ttb0Set                  
80002220  CP15TlbInvalidate            
8000222c  CP15MMUDisable               
80002244  CP15MMUEnable                
80002258  CP15VectorBaseAddrSet        
80002264  CP15BranchPredictorInvalidate
80002270  CP15BranchPredictionEnable   
80002280  CP15BranchPredictionDisable  
80002290  CP15DomainAccessClientSet    
800022a0  CP15ControlFeatureDisable    
800022b4  CP15ControlFeatureEnable     
800022c8  CP15TtbCtlTtb0Config         
800022d8  CP15AuxControlFeatureEnable  
800022ec  CP15AuxControlFeatureDisable 
80002300  CP15MainIdPrimPartNumGet     
80002318  I2CPinMuxSetup               
80002374  I2C1ModuleClkConfig          
800024dc  I2C0ModuleClkConfig          
80002734  IntRegister                  
80002758  IntUnRegister                
80002778  IntAINTCInit                 
800027e8  IntPrioritySet               
80002820  IntSystemEnable              
80002854  IntSystemDisable             
80002888  IntIfClkFreeRunSet           
8000289c  IntIfClkAutoGateSet          
800028b0  IntActiveIrqNumGet           
800028c0  IntSpurIrqFlagGet            
800028d4  IntProtectionEnable          
800028e4  IntProtectionDisable         
800028f8  IntSyncClkFreeRunSet         
8000290c  IntSyncClkAutoGateSet        
80002920  IntFuncClkFreeRunSet         
80002934  IntFuncClkAutoGateSet        
80002948  IntCurrIrqPriorityGet        
80002958  IntPriorityThresholdGet      
80002968  IntPriorityThresholdSet      
80002988  IntRawStatusGet              
800029c8  IntSoftwareIntSet            
800029f8  IntSoftwareIntClear          
80002a28  IntPendingIrqMaskedStatusGet 
80002a64  IntMasterIRQEnable           
80002a70  IntMasterIRQDisable          
80002a7c  IntMasterFIQEnable           
80002a88  IntMasterFIQDisable          
80002a94  IntMasterStatusGet           
80002aa0  IntDisable                   
80002ab8  IntEnable                    
80002b14  __aeabi_memcpy               
80002b14  __aeabi_memcpy4              
80002b14  __aeabi_memcpy8              
80002b14  memcpy                       
80002c94  SysDelayTimerSetup           
80002cdc  Sysdelay                     
80002d58  SysStartTimer                
80002da8  SysStopTimer                 
80002dc4  SysIsTimerElapsed            
80002e20  SVC_Handler                  
80002e48  IRQHandler                   
80002ef4  FIQHandler                   
80002ef8  AbortHandler                 
80002ef8  UndefInstHandler             
80002f10  __aeabi_uidiv                
80002f10  __aeabi_uidivmod             
80003000  __aeabi_memclr               
80003000  __aeabi_memclr4              
80003000  __aeabi_memclr8              
80003004  __aeabi_memset               
80003004  __aeabi_memset4              
80003004  __aeabi_memset8              
80003010  memset                       
800030b0  __TI_auto_init               
800031f4  copy_in                      
80003278  start_boot                   
800032fc  CPUSwitchToPrivilegedMode    
80003304  CPUSwitchToUserMode          
80003318  CPUAbortHandler              
8000331c  CPUirqd                      
8000332c  CPUirqe                      
8000333c  CPUfiqd                      
8000334c  CPUfiqe                      
8000335c  DelayTimerSetup              
80003368  delay                        
8000337c  StartTimer                   
80003390  StopTimer                    
8000339c  IsTimerElapsed               
800033a8  __TI_decompress_none         
800033bc  __TI_zero_init               
800033cc  CPUIntStatus                 
800033d8  __TI_decompress_rle24        
800033e0  __aeabi_idiv0                
800033e4  bss_start                    
800033e4  fnRAMVectors                 
800035e4  numOfBytes                   
800035e8  tCount                       
800035ec  bss_end                      
80003624  AM335X_VECTOR_BASE           
80003628  dataToSlave                  
80003640  flag                         
80003648  __TI_static_base__           
8000365c  __TI_Handler_Table_Base      
80003668  __TI_Handler_Table_Limit     
80003670  __TI_CINIT_Base              
80003680  __TI_CINIT_Limit             
87fffff0  __stack                      
87fffff8  __STACK_END                  
ffffffff  __binit__                    
ffffffff  __c_args__                   
ffffffff  binit                        
UNDEFED   SHT$$INIT_ARRAY$$Base        
UNDEFED   SHT$$INIT_ARRAY$$Limit       

[204 symbols]
