<?xml version="1.0"?>
<link_info>
   <banner>TI ARM Linker PC v5.2.5</banner>
   <copyright>Copyright (c) 1996-2015 Texas Instruments Incorporated</copyright>
   <link_time>0x58c0ab6c</link_time>
   <link_errors>0x0</link_errors>
   <output_file>I2C_LCD.out</output_file>
   <entry_point>
      <name>Entry</name>
      <address>0x80000000</address>
   </entry_point>
   <input_file_list>
      <input_file id="fl-2">
         <path>.\</path>
         <kind>object</kind>
         <file>lcd_I2C.obj</file>
         <name>lcd_I2C.obj</name>
      </input_file>
      <input_file id="fl-3">
         <path>.\</path>
         <kind>object</kind>
         <file>main.obj</file>
         <name>main.obj</name>
      </input_file>
      <input_file id="fl-12d">
         <path>N:\My Documents\ti-cgt-arm_5.2.5\lib\</path>
         <kind>archive</kind>
         <file>rtsv7A8_A_le_eabi.lib</file>
         <name>copy_decompress_none.obj</name>
      </input_file>
      <input_file id="fl-12e">
         <path>N:\My Documents\ti-cgt-arm_5.2.5\lib\</path>
         <kind>archive</kind>
         <file>rtsv7A8_A_le_eabi.lib</file>
         <name>copy_decompress_rle.obj</name>
      </input_file>
      <input_file id="fl-12f">
         <path>N:\My Documents\ti-cgt-arm_5.2.5\lib\</path>
         <kind>archive</kind>
         <file>rtsv7A8_A_le_eabi.lib</file>
         <name>copy_zero_init.obj</name>
      </input_file>
      <input_file id="fl-130">
         <path>N:\My Documents\ti-cgt-arm_5.2.5\lib\</path>
         <kind>archive</kind>
         <file>rtsv7A8_A_le_eabi.lib</file>
         <name>memcpy32.obj</name>
      </input_file>
      <input_file id="fl-131">
         <path>N:\My Documents\ti-cgt-arm_5.2.5\lib\</path>
         <kind>archive</kind>
         <file>rtsv7A8_A_le_eabi.lib</file>
         <name>memset32.obj</name>
      </input_file>
      <input_file id="fl-132">
         <path>N:\ECE372\I2C_LCD\BBBStarterware\binary\armv7a\cgt_ccs\am335x\drivers\Debug\</path>
         <kind>archive</kind>
         <file>drivers.lib</file>
         <name>hsi2c.obj</name>
      </input_file>
      <input_file id="fl-133">
         <path>N:\ECE372\I2C_LCD\BBBStarterware\binary\armv7a\cgt_ccs\am335x\system_config\Debug\</path>
         <kind>archive</kind>
         <file>system.lib</file>
         <name>init.obj</name>
      </input_file>
      <input_file id="fl-134">
         <path>N:\ECE372\I2C_LCD\BBBStarterware\binary\armv7a\cgt_ccs\am335x\system_config\Debug\</path>
         <kind>archive</kind>
         <file>system.lib</file>
         <name>startup.obj</name>
      </input_file>
      <input_file id="fl-135">
         <path>N:\ECE372\I2C_LCD\BBBStarterware\binary\armv7a\cgt_ccs\am335x\system_config\Debug\</path>
         <kind>archive</kind>
         <file>system.lib</file>
         <name>cp15.obj</name>
      </input_file>
      <input_file id="fl-136">
         <path>N:\ECE372\I2C_LCD\BBBStarterware\binary\armv7a\cgt_ccs\am335x\system_config\Debug\</path>
         <kind>archive</kind>
         <file>system.lib</file>
         <name>exceptionhandler.obj</name>
      </input_file>
      <input_file id="fl-137">
         <path>N:\ECE372\I2C_LCD\BBBStarterware\binary\armv7a\cgt_ccs\am335x\system_config\Debug\</path>
         <kind>archive</kind>
         <file>system.lib</file>
         <name>interrupt.obj</name>
      </input_file>
      <input_file id="fl-138">
         <path>N:\ECE372\I2C_LCD\BBBStarterware\binary\armv7a\cgt_ccs\am335x\system_config\Debug\</path>
         <kind>archive</kind>
         <file>system.lib</file>
         <name>cpu.obj</name>
      </input_file>
      <input_file id="fl-139">
         <path>N:\ECE372\I2C_LCD\BBBStarterware\binary\armv7a\cgt_ccs\am335x\beaglebone\platform\Debug\</path>
         <kind>archive</kind>
         <file>platform.lib</file>
         <name>hsi2c.obj</name>
      </input_file>
      <input_file id="fl-13a">
         <path>N:\My Documents\ti-cgt-arm_5.2.5\lib\</path>
         <kind>archive</kind>
         <file>rtsv7A8_A_le_eabi.lib</file>
         <name>autoinit.obj</name>
      </input_file>
      <input_file id="fl-13b">
         <path>N:\My Documents\ti-cgt-arm_5.2.5\lib\</path>
         <kind>archive</kind>
         <file>rtsv7A8_A_le_eabi.lib</file>
         <name>boot.obj</name>
      </input_file>
      <input_file id="fl-13c">
         <path>N:\My Documents\ti-cgt-arm_5.2.5\lib\</path>
         <kind>archive</kind>
         <file>rtsv7A8_A_le_eabi.lib</file>
         <name>cpy_tbl.obj</name>
      </input_file>
      <input_file id="fl-13d">
         <path>N:\My Documents\ti-cgt-arm_5.2.5\lib\</path>
         <kind>archive</kind>
         <file>rtsv7A8_A_le_eabi.lib</file>
         <name>exit.obj</name>
      </input_file>
      <input_file id="fl-13e">
         <path>N:\My Documents\ti-cgt-arm_5.2.5\lib\</path>
         <kind>archive</kind>
         <file>rtsv7A8_A_le_eabi.lib</file>
         <name>pre_init.obj</name>
      </input_file>
      <input_file id="fl-13f">
         <path>N:\My Documents\ti-cgt-arm_5.2.5\lib\</path>
         <kind>archive</kind>
         <file>rtsv7A8_A_le_eabi.lib</file>
         <name>stkdepth_vars.obj</name>
      </input_file>
      <input_file id="fl-140">
         <path>N:\My Documents\ti-cgt-arm_5.2.5\lib\</path>
         <kind>archive</kind>
         <file>rtsv7A8_A_le_eabi.lib</file>
         <name>u_div32.obj</name>
      </input_file>
      <input_file id="fl-141">
         <path>N:\My Documents\ti-cgt-arm_5.2.5\lib\</path>
         <kind>archive</kind>
         <file>rtsv7A8_A_le_eabi.lib</file>
         <name>_lock.obj</name>
      </input_file>
      <input_file id="fl-142">
         <path>N:\My Documents\ti-cgt-arm_5.2.5\lib\</path>
         <kind>archive</kind>
         <file>rtsv7A8_A_le_eabi.lib</file>
         <name>args_main.obj</name>
      </input_file>
      <input_file id="fl-143">
         <path>N:\My Documents\ti-cgt-arm_5.2.5\lib\</path>
         <kind>archive</kind>
         <file>rtsv7A8_A_le_eabi.lib</file>
         <name>i_div0.obj</name>
      </input_file>
   </input_file_list>
   <object_component_list>
      <object_component id="oc-9">
         <name>.text:Entry</name>
         <load_address>0x80000000</load_address>
         <run_address>0x80000000</run_address>
         <size>0xc8</size>
         <input_file_ref idref="fl-133"/>
      </object_component>
      <object_component id="oc-122">
         <name>.tramp.__TI_auto_init.1</name>
         <load_address>0x800000c8</load_address>
         <run_address>0x800000c8</run_address>
         <size>0x8</size>
         <input_file_ref idref="fl-13a"/>
      </object_component>
      <object_component id="oc-ba">
         <name>.text</name>
         <load_address>0x800000d0</load_address>
         <run_address>0x800000d0</run_address>
         <size>0xad0</size>
         <input_file_ref idref="fl-132"/>
      </object_component>
      <object_component id="oc-61">
         <name>.text</name>
         <load_address>0x80000ba0</load_address>
         <run_address>0x80000ba0</run_address>
         <size>0x488</size>
         <input_file_ref idref="fl-135"/>
      </object_component>
      <object_component id="oc-b4">
         <name>.text</name>
         <load_address>0x80001028</load_address>
         <run_address>0x80001028</run_address>
         <size>0x418</size>
         <input_file_ref idref="fl-139"/>
      </object_component>
      <object_component id="oc-2e">
         <name>.text</name>
         <load_address>0x80001440</load_address>
         <run_address>0x80001440</run_address>
         <size>0x180</size>
         <input_file_ref idref="fl-130"/>
      </object_component>
      <object_component id="oc-a4">
         <name>.text</name>
         <load_address>0x800015c0</load_address>
         <run_address>0x800015c0</run_address>
         <size>0x10c</size>
         <input_file_ref idref="fl-136"/>
      </object_component>
      <object_component id="oc-de">
         <name>.text</name>
         <load_address>0x800016cc</load_address>
         <run_address>0x800016cc</run_address>
         <size>0xf0</size>
         <input_file_ref idref="fl-140"/>
      </object_component>
      <object_component id="oc-94">
         <name>.text</name>
         <load_address>0x800017bc</load_address>
         <run_address>0x800017bc</run_address>
         <size>0xb4</size>
         <input_file_ref idref="fl-2"/>
      </object_component>
      <object_component id="oc-47">
         <name>.text</name>
         <load_address>0x80001870</load_address>
         <run_address>0x80001870</run_address>
         <size>0xb0</size>
         <input_file_ref idref="fl-131"/>
      </object_component>
      <object_component id="oc-21">
         <name>.text</name>
         <load_address>0x80001920</load_address>
         <run_address>0x80001920</run_address>
         <size>0xa4</size>
         <input_file_ref idref="fl-13a"/>
      </object_component>
      <object_component id="oc-53">
         <name>.text</name>
         <load_address>0x800019c4</load_address>
         <run_address>0x800019c4</run_address>
         <size>0x84</size>
         <input_file_ref idref="fl-13c"/>
      </object_component>
      <object_component id="oc-27">
         <name>.text</name>
         <load_address>0x80001a48</load_address>
         <run_address>0x80001a48</run_address>
         <size>0x84</size>
         <input_file_ref idref="fl-134"/>
      </object_component>
      <object_component id="oc-d6">
         <name>.text</name>
         <load_address>0x80001acc</load_address>
         <run_address>0x80001acc</run_address>
         <size>0x60</size>
         <input_file_ref idref="fl-138"/>
      </object_component>
      <object_component id="oc-5b">
         <name>.text</name>
         <load_address>0x80001b2c</load_address>
         <run_address>0x80001b2c</run_address>
         <size>0x38</size>
         <input_file_ref idref="fl-3"/>
      </object_component>
      <object_component id="oc-1a">
         <name>.text:decompress:ZI</name>
         <load_address>0x80001b64</load_address>
         <run_address>0x80001b64</run_address>
         <size>0x10</size>
         <input_file_ref idref="fl-12f"/>
      </object_component>
      <object_component id="oc-f0">
         <name>.text</name>
         <load_address>0x80001b74</load_address>
         <run_address>0x80001b74</run_address>
         <size>0x4</size>
         <input_file_ref idref="fl-143"/>
      </object_component>
      <object_component id="oc-69">
         <name>.const:vecTbl</name>
         <load_address>0x80001d78</load_address>
         <run_address>0x80001d78</run_address>
         <size>0x38</size>
         <input_file_ref idref="fl-134"/>
      </object_component>
      <object_component id="oc-66">
         <name>.const</name>
         <load_address>0x80001db0</load_address>
         <run_address>0x80001db0</run_address>
         <size>0x4</size>
         <input_file_ref idref="fl-134"/>
      </object_component>
      <object_component id="oc-20">
         <name>.stack</name>
         <uninitialized>true</uninitialized>
         <run_address>0x87fffff0</run_address>
         <size>0x0</size>
         <input_file_ref idref="fl-13b"/>
      </object_component>
      <object_component id="oc-121">
         <name>.stack</name>
         <uninitialized>true</uninitialized>
         <run_address>0x87fffff0</run_address>
         <size>0x0</size>
      </object_component>
      <object_component id="oc-d3">
         <name>.bss:fnRAMVectors</name>
         <uninitialized>true</uninitialized>
         <run_address>0x80001b78</run_address>
         <size>0x200</size>
         <input_file_ref idref="fl-137"/>
      </object_component>
      <object_component id="oc-c6">
         <name>.debug_info</name>
         <load_address>0x0</load_address>
         <run_address>0x0</run_address>
         <size>0x3e6</size>
         <input_file_ref idref="fl-2"/>
      </object_component>
      <object_component id="oc-95">
         <name>.debug_info</name>
         <load_address>0x3e6</load_address>
         <run_address>0x3e6</run_address>
         <size>0x37b</size>
         <input_file_ref idref="fl-2"/>
      </object_component>
      <object_component id="oc-c9">
         <name>.debug_info</name>
         <load_address>0x761</load_address>
         <run_address>0x761</run_address>
         <size>0x6d0</size>
         <input_file_ref idref="fl-2"/>
      </object_component>
      <object_component id="oc-9b">
         <name>.debug_info</name>
         <load_address>0xe31</load_address>
         <run_address>0xe31</run_address>
         <size>0xc8</size>
         <input_file_ref idref="fl-2"/>
      </object_component>
      <object_component id="oc-6d">
         <name>.debug_info</name>
         <load_address>0xef9</load_address>
         <run_address>0xef9</run_address>
         <size>0x84</size>
         <input_file_ref idref="fl-2"/>
      </object_component>
      <object_component id="oc-c1">
         <name>.debug_info</name>
         <load_address>0xf7d</load_address>
         <run_address>0xf7d</run_address>
         <size>0x18b</size>
         <input_file_ref idref="fl-2"/>
      </object_component>
      <object_component id="oc-e7">
         <name>.debug_info</name>
         <load_address>0x1108</load_address>
         <run_address>0x1108</run_address>
         <size>0x2c</size>
         <input_file_ref idref="fl-2"/>
      </object_component>
      <object_component id="oc-ce">
         <name>.debug_info</name>
         <load_address>0x1134</load_address>
         <run_address>0x1134</run_address>
         <size>0xba</size>
         <input_file_ref idref="fl-2"/>
      </object_component>
      <object_component id="oc-f9">
         <name>.debug_info</name>
         <load_address>0x11ee</load_address>
         <run_address>0x11ee</run_address>
         <size>0x8a</size>
         <input_file_ref idref="fl-2"/>
      </object_component>
      <object_component id="oc-a0">
         <name>.debug_info</name>
         <load_address>0x1278</load_address>
         <run_address>0x1278</run_address>
         <size>0x1ed</size>
         <input_file_ref idref="fl-3"/>
      </object_component>
      <object_component id="oc-5c">
         <name>.debug_info</name>
         <load_address>0x1465</load_address>
         <run_address>0x1465</run_address>
         <size>0x139</size>
         <input_file_ref idref="fl-3"/>
      </object_component>
      <object_component id="oc-7e">
         <name>.debug_info</name>
         <load_address>0x159e</load_address>
         <run_address>0x159e</run_address>
         <size>0x2c</size>
         <input_file_ref idref="fl-12e"/>
      </object_component>
      <object_component id="oc-52">
         <name>.debug_info</name>
         <load_address>0x15ca</load_address>
         <run_address>0x15ca</run_address>
         <size>0x10b</size>
         <input_file_ref idref="fl-12f"/>
      </object_component>
      <object_component id="oc-1b">
         <name>.debug_info</name>
         <load_address>0x16d5</load_address>
         <run_address>0x16d5</run_address>
         <size>0x186</size>
         <input_file_ref idref="fl-12f"/>
      </object_component>
      <object_component id="oc-4d">
         <name>.debug_info</name>
         <load_address>0x185b</load_address>
         <run_address>0x185b</run_address>
         <size>0x46</size>
         <input_file_ref idref="fl-12f"/>
      </object_component>
      <object_component id="oc-2f">
         <name>.debug_info</name>
         <load_address>0x18a1</load_address>
         <run_address>0x18a1</run_address>
         <size>0x15c</size>
         <input_file_ref idref="fl-130"/>
      </object_component>
      <object_component id="oc-4a">
         <name>.debug_info</name>
         <load_address>0x19fd</load_address>
         <run_address>0x19fd</run_address>
         <size>0x124</size>
         <input_file_ref idref="fl-131"/>
      </object_component>
      <object_component id="oc-e4">
         <name>.debug_info</name>
         <load_address>0x1b21</load_address>
         <run_address>0x1b21</run_address>
         <size>0xf4</size>
         <input_file_ref idref="fl-132"/>
      </object_component>
      <object_component id="oc-bb">
         <name>.debug_info</name>
         <load_address>0x1c15</load_address>
         <run_address>0x1c15</run_address>
         <size>0x2d07</size>
         <input_file_ref idref="fl-132"/>
      </object_component>
      <object_component id="oc-c">
         <name>.debug_info</name>
         <load_address>0x491c</load_address>
         <run_address>0x491c</run_address>
         <size>0x17d</size>
         <input_file_ref idref="fl-133"/>
      </object_component>
      <object_component id="oc-72">
         <name>.debug_info</name>
         <load_address>0x4a99</load_address>
         <run_address>0x4a99</run_address>
         <size>0x223</size>
         <input_file_ref idref="fl-134"/>
      </object_component>
      <object_component id="oc-67">
         <name>.debug_info</name>
         <load_address>0x4cbc</load_address>
         <run_address>0x4cbc</run_address>
         <size>0x139</size>
         <input_file_ref idref="fl-134"/>
      </object_component>
      <object_component id="oc-6a">
         <name>.debug_info</name>
         <load_address>0x4df5</load_address>
         <run_address>0x4df5</run_address>
         <size>0x120</size>
         <input_file_ref idref="fl-134"/>
      </object_component>
      <object_component id="oc-28">
         <name>.debug_info</name>
         <load_address>0x4f15</load_address>
         <run_address>0x4f15</run_address>
         <size>0x308</size>
         <input_file_ref idref="fl-134"/>
      </object_component>
      <object_component id="oc-63">
         <name>.debug_info</name>
         <load_address>0x521d</load_address>
         <run_address>0x521d</run_address>
         <size>0x282</size>
         <input_file_ref idref="fl-135"/>
      </object_component>
      <object_component id="oc-a5">
         <name>.debug_info</name>
         <load_address>0x549f</load_address>
         <run_address>0x549f</run_address>
         <size>0x198</size>
         <input_file_ref idref="fl-136"/>
      </object_component>
      <object_component id="oc-ee">
         <name>.debug_info</name>
         <load_address>0x5637</load_address>
         <run_address>0x5637</run_address>
         <size>0x19f</size>
         <input_file_ref idref="fl-137"/>
      </object_component>
      <object_component id="oc-d4">
         <name>.debug_info</name>
         <load_address>0x57d6</load_address>
         <run_address>0x57d6</run_address>
         <size>0x12f</size>
         <input_file_ref idref="fl-137"/>
      </object_component>
      <object_component id="oc-d9">
         <name>.debug_info</name>
         <load_address>0x5905</load_address>
         <run_address>0x5905</run_address>
         <size>0x60c</size>
         <input_file_ref idref="fl-138"/>
      </object_component>
      <object_component id="oc-b5">
         <name>.debug_info</name>
         <load_address>0x5f11</load_address>
         <run_address>0x5f11</run_address>
         <size>0x36f</size>
         <input_file_ref idref="fl-139"/>
      </object_component>
      <object_component id="oc-5a">
         <name>.debug_info</name>
         <load_address>0x6280</load_address>
         <run_address>0x6280</run_address>
         <size>0x299</size>
         <input_file_ref idref="fl-13a"/>
      </object_component>
      <object_component id="oc-25">
         <name>.debug_info</name>
         <load_address>0x6519</load_address>
         <run_address>0x6519</run_address>
         <size>0x153</size>
         <input_file_ref idref="fl-13a"/>
      </object_component>
      <object_component id="oc-8a">
         <name>.debug_info</name>
         <load_address>0x666c</load_address>
         <run_address>0x666c</run_address>
         <size>0x39</size>
         <input_file_ref idref="fl-13a"/>
      </object_component>
      <object_component id="oc-8f">
         <name>.debug_info</name>
         <load_address>0x66a5</load_address>
         <run_address>0x66a5</run_address>
         <size>0xcd</size>
         <input_file_ref idref="fl-13a"/>
      </object_component>
      <object_component id="oc-87">
         <name>.debug_info</name>
         <load_address>0x6772</load_address>
         <run_address>0x6772</run_address>
         <size>0x1bc</size>
         <input_file_ref idref="fl-13c"/>
      </object_component>
      <object_component id="oc-57">
         <name>.debug_info</name>
         <load_address>0x692e</load_address>
         <run_address>0x692e</run_address>
         <size>0x15f</size>
         <input_file_ref idref="fl-13c"/>
      </object_component>
      <object_component id="oc-af">
         <name>.debug_info</name>
         <load_address>0x6a8d</load_address>
         <run_address>0x6a8d</run_address>
         <size>0x2c</size>
         <input_file_ref idref="fl-13c"/>
      </object_component>
      <object_component id="oc-df">
         <name>.debug_info</name>
         <load_address>0x6ab9</load_address>
         <run_address>0x6ab9</run_address>
         <size>0x120</size>
         <input_file_ref idref="fl-140"/>
      </object_component>
      <object_component id="oc-f1">
         <name>.debug_info</name>
         <load_address>0x6bd9</load_address>
         <run_address>0x6bd9</run_address>
         <size>0x123</size>
         <input_file_ref idref="fl-143"/>
      </object_component>
      <object_component id="oc-127">
         <name>.debug_info</name>
         <load_address>0x6cfc</load_address>
         <run_address>0x6cfc</run_address>
         <size>0xce</size>
      </object_component>
      <object_component id="oc-e6">
         <name>.debug_line</name>
         <load_address>0x0</load_address>
         <run_address>0x0</run_address>
         <size>0xab</size>
         <input_file_ref idref="fl-2"/>
      </object_component>
      <object_component id="oc-98">
         <name>.debug_line</name>
         <load_address>0xab</load_address>
         <run_address>0xab</run_address>
         <size>0x85</size>
         <input_file_ref idref="fl-2"/>
      </object_component>
      <object_component id="oc-cc">
         <name>.debug_line</name>
         <load_address>0x130</load_address>
         <run_address>0x130</run_address>
         <size>0x62</size>
         <input_file_ref idref="fl-2"/>
      </object_component>
      <object_component id="oc-9e">
         <name>.debug_line</name>
         <load_address>0x192</load_address>
         <run_address>0x192</run_address>
         <size>0x54</size>
         <input_file_ref idref="fl-2"/>
      </object_component>
      <object_component id="oc-70">
         <name>.debug_line</name>
         <load_address>0x1e6</load_address>
         <run_address>0x1e6</run_address>
         <size>0x20</size>
         <input_file_ref idref="fl-2"/>
      </object_component>
      <object_component id="oc-c4">
         <name>.debug_line</name>
         <load_address>0x206</load_address>
         <run_address>0x206</run_address>
         <size>0x55</size>
         <input_file_ref idref="fl-2"/>
      </object_component>
      <object_component id="oc-ea">
         <name>.debug_line</name>
         <load_address>0x25b</load_address>
         <run_address>0x25b</run_address>
         <size>0x5a</size>
         <input_file_ref idref="fl-2"/>
      </object_component>
      <object_component id="oc-d1">
         <name>.debug_line</name>
         <load_address>0x2b5</load_address>
         <run_address>0x2b5</run_address>
         <size>0x67</size>
         <input_file_ref idref="fl-2"/>
      </object_component>
      <object_component id="oc-fc">
         <name>.debug_line</name>
         <load_address>0x31c</load_address>
         <run_address>0x31c</run_address>
         <size>0x54</size>
         <input_file_ref idref="fl-2"/>
      </object_component>
      <object_component id="oc-c8">
         <name>.debug_line</name>
         <load_address>0x370</load_address>
         <run_address>0x370</run_address>
         <size>0x65</size>
         <input_file_ref idref="fl-3"/>
      </object_component>
      <object_component id="oc-60">
         <name>.debug_line</name>
         <load_address>0x3d5</load_address>
         <run_address>0x3d5</run_address>
         <size>0x49</size>
         <input_file_ref idref="fl-3"/>
      </object_component>
      <object_component id="oc-81">
         <name>.debug_line</name>
         <load_address>0x41e</load_address>
         <run_address>0x41e</run_address>
         <size>0x6d</size>
         <input_file_ref idref="fl-12e"/>
      </object_component>
      <object_component id="oc-85">
         <name>.debug_line</name>
         <load_address>0x48b</load_address>
         <run_address>0x48b</run_address>
         <size>0x6d</size>
         <input_file_ref idref="fl-12f"/>
      </object_component>
      <object_component id="oc-1f">
         <name>.debug_line</name>
         <load_address>0x4f8</load_address>
         <run_address>0x4f8</run_address>
         <size>0x4f</size>
         <input_file_ref idref="fl-12f"/>
      </object_component>
      <object_component id="oc-50">
         <name>.debug_line</name>
         <load_address>0x547</load_address>
         <run_address>0x547</run_address>
         <size>0x34</size>
         <input_file_ref idref="fl-12f"/>
      </object_component>
      <object_component id="oc-32">
         <name>.debug_line</name>
         <load_address>0x57b</load_address>
         <run_address>0x57b</run_address>
         <size>0x9a</size>
         <input_file_ref idref="fl-130"/>
      </object_component>
      <object_component id="oc-49">
         <name>.debug_line</name>
         <load_address>0x615</load_address>
         <run_address>0x615</run_address>
         <size>0x73</size>
         <input_file_ref idref="fl-131"/>
      </object_component>
      <object_component id="oc-f8">
         <name>.debug_line</name>
         <load_address>0x688</load_address>
         <run_address>0x688</run_address>
         <size>0x20</size>
         <input_file_ref idref="fl-132"/>
      </object_component>
      <object_component id="oc-be">
         <name>.debug_line</name>
         <load_address>0x6a8</load_address>
         <run_address>0x6a8</run_address>
         <size>0x59d</size>
         <input_file_ref idref="fl-132"/>
      </object_component>
      <object_component id="oc-a">
         <name>.debug_line</name>
         <load_address>0xc45</load_address>
         <run_address>0xc45</run_address>
         <size>0xa0</size>
         <input_file_ref idref="fl-133"/>
      </object_component>
      <object_component id="oc-ac">
         <name>.debug_line</name>
         <load_address>0xce5</load_address>
         <run_address>0xce5</run_address>
         <size>0x95</size>
         <input_file_ref idref="fl-134"/>
      </object_component>
      <object_component id="oc-a3">
         <name>.debug_line</name>
         <load_address>0xd7a</load_address>
         <run_address>0xd7a</run_address>
         <size>0x6a</size>
         <input_file_ref idref="fl-134"/>
      </object_component>
      <object_component id="oc-aa">
         <name>.debug_line</name>
         <load_address>0xde4</load_address>
         <run_address>0xde4</run_address>
         <size>0x6a</size>
         <input_file_ref idref="fl-134"/>
      </object_component>
      <object_component id="oc-2b">
         <name>.debug_line</name>
         <load_address>0xe4e</load_address>
         <run_address>0xe4e</run_address>
         <size>0xb3</size>
         <input_file_ref idref="fl-134"/>
      </object_component>
      <object_component id="oc-65">
         <name>.debug_line</name>
         <load_address>0xf01</load_address>
         <run_address>0xf01</run_address>
         <size>0x192</size>
         <input_file_ref idref="fl-135"/>
      </object_component>
      <object_component id="oc-a8">
         <name>.debug_line</name>
         <load_address>0x1093</load_address>
         <run_address>0x1093</run_address>
         <size>0xbf</size>
         <input_file_ref idref="fl-136"/>
      </object_component>
      <object_component id="oc-ff">
         <name>.debug_line</name>
         <load_address>0x1152</load_address>
         <run_address>0x1152</run_address>
         <size>0x4a</size>
         <input_file_ref idref="fl-137"/>
      </object_component>
      <object_component id="oc-ed">
         <name>.debug_line</name>
         <load_address>0x119c</load_address>
         <run_address>0x119c</run_address>
         <size>0x6c</size>
         <input_file_ref idref="fl-137"/>
      </object_component>
      <object_component id="oc-d7">
         <name>.debug_line</name>
         <load_address>0x1208</load_address>
         <run_address>0x1208</run_address>
         <size>0x117</size>
         <input_file_ref idref="fl-138"/>
      </object_component>
      <object_component id="oc-b9">
         <name>.debug_line</name>
         <load_address>0x131f</load_address>
         <run_address>0x131f</run_address>
         <size>0x18a</size>
         <input_file_ref idref="fl-139"/>
      </object_component>
      <object_component id="oc-89">
         <name>.debug_line</name>
         <load_address>0x14a9</load_address>
         <run_address>0x14a9</run_address>
         <size>0x7c</size>
         <input_file_ref idref="fl-13a"/>
      </object_component>
      <object_component id="oc-23">
         <name>.debug_line</name>
         <load_address>0x1525</load_address>
         <run_address>0x1525</run_address>
         <size>0x75</size>
         <input_file_ref idref="fl-13a"/>
      </object_component>
      <object_component id="oc-8d">
         <name>.debug_line</name>
         <load_address>0x159a</load_address>
         <run_address>0x159a</run_address>
         <size>0x2e</size>
         <input_file_ref idref="fl-13a"/>
      </object_component>
      <object_component id="oc-92">
         <name>.debug_line</name>
         <load_address>0x15c8</load_address>
         <run_address>0x15c8</run_address>
         <size>0x6e</size>
         <input_file_ref idref="fl-13a"/>
      </object_component>
      <object_component id="oc-ae">
         <name>.debug_line</name>
         <load_address>0x1636</load_address>
         <run_address>0x1636</run_address>
         <size>0x7b</size>
         <input_file_ref idref="fl-13c"/>
      </object_component>
      <object_component id="oc-55">
         <name>.debug_line</name>
         <load_address>0x16b1</load_address>
         <run_address>0x16b1</run_address>
         <size>0x70</size>
         <input_file_ref idref="fl-13c"/>
      </object_component>
      <object_component id="oc-b2">
         <name>.debug_line</name>
         <load_address>0x1721</load_address>
         <run_address>0x1721</run_address>
         <size>0x2e</size>
         <input_file_ref idref="fl-13c"/>
      </object_component>
      <object_component id="oc-e2">
         <name>.debug_line</name>
         <load_address>0x174f</load_address>
         <run_address>0x174f</run_address>
         <size>0x75</size>
         <input_file_ref idref="fl-140"/>
      </object_component>
      <object_component id="oc-f5">
         <name>.debug_line</name>
         <load_address>0x17c4</load_address>
         <run_address>0x17c4</run_address>
         <size>0x3b</size>
         <input_file_ref idref="fl-143"/>
      </object_component>
      <object_component id="oc-99">
         <name>.debug_frame</name>
         <load_address>0x0</load_address>
         <run_address>0x0</run_address>
         <size>0x7a</size>
         <input_file_ref idref="fl-2"/>
      </object_component>
      <object_component id="oc-5f">
         <name>.debug_frame</name>
         <load_address>0x7a</load_address>
         <run_address>0x7a</run_address>
         <size>0x47</size>
         <input_file_ref idref="fl-3"/>
      </object_component>
      <object_component id="oc-1e">
         <name>.debug_frame</name>
         <load_address>0xc1</load_address>
         <run_address>0xc1</run_address>
         <size>0x3f</size>
         <input_file_ref idref="fl-12f"/>
      </object_component>
      <object_component id="oc-bf">
         <name>.debug_frame</name>
         <load_address>0x100</load_address>
         <run_address>0x100</run_address>
         <size>0x43e</size>
         <input_file_ref idref="fl-132"/>
      </object_component>
      <object_component id="oc-2c">
         <name>.debug_frame</name>
         <load_address>0x53e</load_address>
         <run_address>0x53e</run_address>
         <size>0xd2</size>
         <input_file_ref idref="fl-134"/>
      </object_component>
      <object_component id="oc-d8">
         <name>.debug_frame</name>
         <load_address>0x610</load_address>
         <run_address>0x610</run_address>
         <size>0x115</size>
         <input_file_ref idref="fl-138"/>
      </object_component>
      <object_component id="oc-b8">
         <name>.debug_frame</name>
         <load_address>0x725</load_address>
         <run_address>0x725</run_address>
         <size>0x69</size>
         <input_file_ref idref="fl-139"/>
      </object_component>
      <object_component id="oc-24">
         <name>.debug_frame</name>
         <load_address>0x78e</load_address>
         <run_address>0x78e</run_address>
         <size>0x4e</size>
         <input_file_ref idref="fl-13a"/>
      </object_component>
      <object_component id="oc-56">
         <name>.debug_frame</name>
         <load_address>0x7dc</load_address>
         <run_address>0x7dc</run_address>
         <size>0x4e</size>
         <input_file_ref idref="fl-13c"/>
      </object_component>
      <object_component id="oc-f4">
         <name>.debug_frame</name>
         <load_address>0x82a</load_address>
         <run_address>0x82a</run_address>
         <size>0x3f</size>
         <input_file_ref idref="fl-143"/>
      </object_component>
      <object_component id="oc-e5">
         <name>.debug_abbrev</name>
         <load_address>0x0</load_address>
         <run_address>0x0</run_address>
         <size>0xf5</size>
         <input_file_ref idref="fl-2"/>
      </object_component>
      <object_component id="oc-c0">
         <name>.debug_abbrev</name>
         <load_address>0xf5</load_address>
         <run_address>0xf5</run_address>
         <size>0x7a</size>
         <input_file_ref idref="fl-2"/>
      </object_component>
      <object_component id="oc-cb">
         <name>.debug_abbrev</name>
         <load_address>0x16f</load_address>
         <run_address>0x16f</run_address>
         <size>0xc1</size>
         <input_file_ref idref="fl-2"/>
      </object_component>
      <object_component id="oc-9d">
         <name>.debug_abbrev</name>
         <load_address>0x230</load_address>
         <run_address>0x230</run_address>
         <size>0x5a</size>
         <input_file_ref idref="fl-2"/>
      </object_component>
      <object_component id="oc-6f">
         <name>.debug_abbrev</name>
         <load_address>0x28a</load_address>
         <run_address>0x28a</run_address>
         <size>0x1f</size>
         <input_file_ref idref="fl-2"/>
      </object_component>
      <object_component id="oc-c3">
         <name>.debug_abbrev</name>
         <load_address>0x2a9</load_address>
         <run_address>0x2a9</run_address>
         <size>0x35</size>
         <input_file_ref idref="fl-2"/>
      </object_component>
      <object_component id="oc-e9">
         <name>.debug_abbrev</name>
         <load_address>0x2de</load_address>
         <run_address>0x2de</run_address>
         <size>0x24</size>
         <input_file_ref idref="fl-2"/>
      </object_component>
      <object_component id="oc-d0">
         <name>.debug_abbrev</name>
         <load_address>0x302</load_address>
         <run_address>0x302</run_address>
         <size>0x5c</size>
         <input_file_ref idref="fl-2"/>
      </object_component>
      <object_component id="oc-fb">
         <name>.debug_abbrev</name>
         <load_address>0x35e</load_address>
         <run_address>0x35e</run_address>
         <size>0x4b</size>
         <input_file_ref idref="fl-2"/>
      </object_component>
      <object_component id="oc-c7">
         <name>.debug_abbrev</name>
         <load_address>0x3a9</load_address>
         <run_address>0x3a9</run_address>
         <size>0xad</size>
         <input_file_ref idref="fl-3"/>
      </object_component>
      <object_component id="oc-9a">
         <name>.debug_abbrev</name>
         <load_address>0x456</load_address>
         <run_address>0x456</run_address>
         <size>0x62</size>
         <input_file_ref idref="fl-3"/>
      </object_component>
      <object_component id="oc-80">
         <name>.debug_abbrev</name>
         <load_address>0x4b8</load_address>
         <run_address>0x4b8</run_address>
         <size>0x24</size>
         <input_file_ref idref="fl-12e"/>
      </object_component>
      <object_component id="oc-84">
         <name>.debug_abbrev</name>
         <load_address>0x4dc</load_address>
         <run_address>0x4dc</run_address>
         <size>0x52</size>
         <input_file_ref idref="fl-12f"/>
      </object_component>
      <object_component id="oc-4c">
         <name>.debug_abbrev</name>
         <load_address>0x52e</load_address>
         <run_address>0x52e</run_address>
         <size>0x74</size>
         <input_file_ref idref="fl-12f"/>
      </object_component>
      <object_component id="oc-4f">
         <name>.debug_abbrev</name>
         <load_address>0x5a2</load_address>
         <run_address>0x5a2</run_address>
         <size>0x24</size>
         <input_file_ref idref="fl-12f"/>
      </object_component>
      <object_component id="oc-73">
         <name>.debug_abbrev</name>
         <load_address>0x5c6</load_address>
         <run_address>0x5c6</run_address>
         <size>0x4c</size>
         <input_file_ref idref="fl-130"/>
      </object_component>
      <object_component id="oc-83">
         <name>.debug_abbrev</name>
         <load_address>0x612</load_address>
         <run_address>0x612</run_address>
         <size>0x51</size>
         <input_file_ref idref="fl-131"/>
      </object_component>
      <object_component id="oc-f7">
         <name>.debug_abbrev</name>
         <load_address>0x663</load_address>
         <run_address>0x663</run_address>
         <size>0x1c</size>
         <input_file_ref idref="fl-132"/>
      </object_component>
      <object_component id="oc-e3">
         <name>.debug_abbrev</name>
         <load_address>0x67f</load_address>
         <run_address>0x67f</run_address>
         <size>0x105</size>
         <input_file_ref idref="fl-132"/>
      </object_component>
      <object_component id="oc-2d">
         <name>.debug_abbrev</name>
         <load_address>0x784</load_address>
         <run_address>0x784</run_address>
         <size>0x43</size>
         <input_file_ref idref="fl-133"/>
      </object_component>
      <object_component id="oc-ab">
         <name>.debug_abbrev</name>
         <load_address>0x7c7</load_address>
         <run_address>0x7c7</run_address>
         <size>0x7e</size>
         <input_file_ref idref="fl-134"/>
      </object_component>
      <object_component id="oc-a2">
         <name>.debug_abbrev</name>
         <load_address>0x845</load_address>
         <run_address>0x845</run_address>
         <size>0x29</size>
         <input_file_ref idref="fl-134"/>
      </object_component>
      <object_component id="oc-a9">
         <name>.debug_abbrev</name>
         <load_address>0x86e</load_address>
         <run_address>0x86e</run_address>
         <size>0x27</size>
         <input_file_ref idref="fl-134"/>
      </object_component>
      <object_component id="oc-6c">
         <name>.debug_abbrev</name>
         <load_address>0x895</load_address>
         <run_address>0x895</run_address>
         <size>0x99</size>
         <input_file_ref idref="fl-134"/>
      </object_component>
      <object_component id="oc-a1">
         <name>.debug_abbrev</name>
         <load_address>0x92e</load_address>
         <run_address>0x92e</run_address>
         <size>0x43</size>
         <input_file_ref idref="fl-135"/>
      </object_component>
      <object_component id="oc-dc">
         <name>.debug_abbrev</name>
         <load_address>0x971</load_address>
         <run_address>0x971</run_address>
         <size>0x35</size>
         <input_file_ref idref="fl-136"/>
      </object_component>
      <object_component id="oc-fe">
         <name>.debug_abbrev</name>
         <load_address>0x9a6</load_address>
         <run_address>0x9a6</run_address>
         <size>0x6a</size>
         <input_file_ref idref="fl-137"/>
      </object_component>
      <object_component id="oc-ec">
         <name>.debug_abbrev</name>
         <load_address>0xa10</load_address>
         <run_address>0xa10</run_address>
         <size>0x29</size>
         <input_file_ref idref="fl-137"/>
      </object_component>
      <object_component id="oc-ef">
         <name>.debug_abbrev</name>
         <load_address>0xa39</load_address>
         <run_address>0xa39</run_address>
         <size>0x50</size>
         <input_file_ref idref="fl-138"/>
      </object_component>
      <object_component id="oc-dd">
         <name>.debug_abbrev</name>
         <load_address>0xa89</load_address>
         <run_address>0xa89</run_address>
         <size>0x99</size>
         <input_file_ref idref="fl-139"/>
      </object_component>
      <object_component id="oc-88">
         <name>.debug_abbrev</name>
         <load_address>0xb22</load_address>
         <run_address>0xb22</run_address>
         <size>0x9a</size>
         <input_file_ref idref="fl-13a"/>
      </object_component>
      <object_component id="oc-59">
         <name>.debug_abbrev</name>
         <load_address>0xbbc</load_address>
         <run_address>0xbbc</run_address>
         <size>0x7e</size>
         <input_file_ref idref="fl-13a"/>
      </object_component>
      <object_component id="oc-8c">
         <name>.debug_abbrev</name>
         <load_address>0xc3a</load_address>
         <run_address>0xc3a</run_address>
         <size>0x24</size>
         <input_file_ref idref="fl-13a"/>
      </object_component>
      <object_component id="oc-91">
         <name>.debug_abbrev</name>
         <load_address>0xc5e</load_address>
         <run_address>0xc5e</run_address>
         <size>0x4b</size>
         <input_file_ref idref="fl-13a"/>
      </object_component>
      <object_component id="oc-ad">
         <name>.debug_abbrev</name>
         <load_address>0xca9</load_address>
         <run_address>0xca9</run_address>
         <size>0x9c</size>
         <input_file_ref idref="fl-13c"/>
      </object_component>
      <object_component id="oc-86">
         <name>.debug_abbrev</name>
         <load_address>0xd45</load_address>
         <run_address>0xd45</run_address>
         <size>0x8c</size>
         <input_file_ref idref="fl-13c"/>
      </object_component>
      <object_component id="oc-b1">
         <name>.debug_abbrev</name>
         <load_address>0xdd1</load_address>
         <run_address>0xdd1</run_address>
         <size>0x24</size>
         <input_file_ref idref="fl-13c"/>
      </object_component>
      <object_component id="oc-f6">
         <name>.debug_abbrev</name>
         <load_address>0xdf5</load_address>
         <run_address>0xdf5</run_address>
         <size>0x4c</size>
         <input_file_ref idref="fl-140"/>
      </object_component>
      <object_component id="oc-100">
         <name>.debug_abbrev</name>
         <load_address>0xe41</load_address>
         <run_address>0xe41</run_address>
         <size>0x63</size>
         <input_file_ref idref="fl-143"/>
      </object_component>
      <object_component id="oc-128">
         <name>.debug_abbrev</name>
         <load_address>0xea4</load_address>
         <run_address>0xea4</run_address>
         <size>0x23</size>
      </object_component>
      <object_component id="oc-cd">
         <name>.debug_str</name>
         <load_address>0x0</load_address>
         <run_address>0x0</run_address>
         <size>0x5ab</size>
         <input_file_ref idref="fl-2"/>
      </object_component>
      <object_component id="oc-9f">
         <name>.debug_str</name>
         <load_address>0x5ab</load_address>
         <run_address>0x5ab</run_address>
         <size>0xdc</size>
         <input_file_ref idref="fl-2"/>
      </object_component>
      <object_component id="oc-71">
         <name>.debug_str</name>
         <load_address>0x687</load_address>
         <run_address>0x687</run_address>
         <size>0xf5</size>
         <input_file_ref idref="fl-2"/>
      </object_component>
      <object_component id="oc-c5">
         <name>.debug_str</name>
         <load_address>0x77c</load_address>
         <run_address>0x77c</run_address>
         <size>0x1ec</size>
         <input_file_ref idref="fl-2"/>
      </object_component>
      <object_component id="oc-eb">
         <name>.debug_str</name>
         <load_address>0x968</load_address>
         <run_address>0x968</run_address>
         <size>0xb6</size>
         <input_file_ref idref="fl-2"/>
      </object_component>
      <object_component id="oc-d2">
         <name>.debug_str</name>
         <load_address>0xa1e</load_address>
         <run_address>0xa1e</run_address>
         <size>0x107</size>
         <input_file_ref idref="fl-2"/>
      </object_component>
      <object_component id="oc-fd">
         <name>.debug_str</name>
         <load_address>0xb25</load_address>
         <run_address>0xb25</run_address>
         <size>0xe6</size>
         <input_file_ref idref="fl-2"/>
      </object_component>
      <object_component id="oc-82">
         <name>.debug_str</name>
         <load_address>0xc0b</load_address>
         <run_address>0xc0b</run_address>
         <size>0xec</size>
         <input_file_ref idref="fl-12e"/>
      </object_component>
      <object_component id="oc-51">
         <name>.debug_str</name>
         <load_address>0xcf7</load_address>
         <run_address>0xcf7</run_address>
         <size>0xd6</size>
         <input_file_ref idref="fl-12f"/>
      </object_component>
      <object_component id="oc-8e">
         <name>.debug_str</name>
         <load_address>0xdcd</load_address>
         <run_address>0xdcd</run_address>
         <size>0xbe</size>
         <input_file_ref idref="fl-13a"/>
      </object_component>
      <object_component id="oc-93">
         <name>.debug_str</name>
         <load_address>0xe8b</load_address>
         <run_address>0xe8b</run_address>
         <size>0x143</size>
         <input_file_ref idref="fl-13a"/>
      </object_component>
      <object_component id="oc-b3">
         <name>.debug_str</name>
         <load_address>0xfce</load_address>
         <run_address>0xfce</run_address>
         <size>0xb3</size>
         <input_file_ref idref="fl-13c"/>
      </object_component>
      <object_component id="oc-96">
         <name>.debug_aranges</name>
         <load_address>0x0</load_address>
         <run_address>0x0</run_address>
         <size>0x30</size>
         <input_file_ref idref="fl-2"/>
      </object_component>
      <object_component id="oc-5e">
         <name>.debug_aranges</name>
         <load_address>0x30</load_address>
         <run_address>0x30</run_address>
         <size>0x20</size>
         <input_file_ref idref="fl-3"/>
      </object_component>
      <object_component id="oc-1d">
         <name>.debug_aranges</name>
         <load_address>0x50</load_address>
         <run_address>0x50</run_address>
         <size>0x20</size>
         <input_file_ref idref="fl-12f"/>
      </object_component>
      <object_component id="oc-31">
         <name>.debug_aranges</name>
         <load_address>0x70</load_address>
         <run_address>0x70</run_address>
         <size>0x20</size>
         <input_file_ref idref="fl-130"/>
      </object_component>
      <object_component id="oc-48">
         <name>.debug_aranges</name>
         <load_address>0x90</load_address>
         <run_address>0x90</run_address>
         <size>0x28</size>
         <input_file_ref idref="fl-131"/>
      </object_component>
      <object_component id="oc-bc">
         <name>.debug_aranges</name>
         <load_address>0xb8</load_address>
         <run_address>0xb8</run_address>
         <size>0x180</size>
         <input_file_ref idref="fl-132"/>
      </object_component>
      <object_component id="oc-b">
         <name>.debug_aranges</name>
         <load_address>0x238</load_address>
         <run_address>0x238</run_address>
         <size>0x20</size>
         <input_file_ref idref="fl-133"/>
      </object_component>
      <object_component id="oc-29">
         <name>.debug_aranges</name>
         <load_address>0x258</load_address>
         <run_address>0x258</run_address>
         <size>0x28</size>
         <input_file_ref idref="fl-134"/>
      </object_component>
      <object_component id="oc-62">
         <name>.debug_aranges</name>
         <load_address>0x280</load_address>
         <run_address>0x280</run_address>
         <size>0x20</size>
         <input_file_ref idref="fl-135"/>
      </object_component>
      <object_component id="oc-a6">
         <name>.debug_aranges</name>
         <load_address>0x2a0</load_address>
         <run_address>0x2a0</run_address>
         <size>0x20</size>
         <input_file_ref idref="fl-136"/>
      </object_component>
      <object_component id="oc-db">
         <name>.debug_aranges</name>
         <load_address>0x2c0</load_address>
         <run_address>0x2c0</run_address>
         <size>0x50</size>
         <input_file_ref idref="fl-138"/>
      </object_component>
      <object_component id="oc-b6">
         <name>.debug_aranges</name>
         <load_address>0x310</load_address>
         <run_address>0x310</run_address>
         <size>0x30</size>
         <input_file_ref idref="fl-139"/>
      </object_component>
      <object_component id="oc-22">
         <name>.debug_aranges</name>
         <load_address>0x340</load_address>
         <run_address>0x340</run_address>
         <size>0x20</size>
         <input_file_ref idref="fl-13a"/>
      </object_component>
      <object_component id="oc-54">
         <name>.debug_aranges</name>
         <load_address>0x360</load_address>
         <run_address>0x360</run_address>
         <size>0x20</size>
         <input_file_ref idref="fl-13c"/>
      </object_component>
      <object_component id="oc-e1">
         <name>.debug_aranges</name>
         <load_address>0x380</load_address>
         <run_address>0x380</run_address>
         <size>0x20</size>
         <input_file_ref idref="fl-140"/>
      </object_component>
      <object_component id="oc-f2">
         <name>.debug_aranges</name>
         <load_address>0x3a0</load_address>
         <run_address>0x3a0</run_address>
         <size>0x20</size>
         <input_file_ref idref="fl-143"/>
      </object_component>
      <object_component id="oc-97">
         <name>.debug_pubnames</name>
         <load_address>0x0</load_address>
         <run_address>0x0</run_address>
         <size>0x45</size>
         <input_file_ref idref="fl-2"/>
      </object_component>
      <object_component id="oc-5d">
         <name>.debug_pubnames</name>
         <load_address>0x45</load_address>
         <run_address>0x45</run_address>
         <size>0x1b</size>
         <input_file_ref idref="fl-3"/>
      </object_component>
      <object_component id="oc-1c">
         <name>.debug_pubnames</name>
         <load_address>0x60</load_address>
         <run_address>0x60</run_address>
         <size>0x25</size>
         <input_file_ref idref="fl-12f"/>
      </object_component>
      <object_component id="oc-30">
         <name>.debug_pubnames</name>
         <load_address>0x85</load_address>
         <run_address>0x85</run_address>
         <size>0x1d</size>
         <input_file_ref idref="fl-130"/>
      </object_component>
      <object_component id="oc-4b">
         <name>.debug_pubnames</name>
         <load_address>0xa2</load_address>
         <run_address>0xa2</run_address>
         <size>0x37</size>
         <input_file_ref idref="fl-131"/>
      </object_component>
      <object_component id="oc-bd">
         <name>.debug_pubnames</name>
         <load_address>0xd9</load_address>
         <run_address>0xd9</run_address>
         <size>0x418</size>
         <input_file_ref idref="fl-132"/>
      </object_component>
      <object_component id="oc-d">
         <name>.debug_pubnames</name>
         <load_address>0x4f1</load_address>
         <run_address>0x4f1</run_address>
         <size>0x62</size>
         <input_file_ref idref="fl-133"/>
      </object_component>
      <object_component id="oc-68">
         <name>.debug_pubnames</name>
         <load_address>0x553</load_address>
         <run_address>0x553</run_address>
         <size>0x29</size>
         <input_file_ref idref="fl-134"/>
      </object_component>
      <object_component id="oc-6b">
         <name>.debug_pubnames</name>
         <load_address>0x57c</load_address>
         <run_address>0x57c</run_address>
         <size>0x1d</size>
         <input_file_ref idref="fl-134"/>
      </object_component>
      <object_component id="oc-2a">
         <name>.debug_pubnames</name>
         <load_address>0x599</load_address>
         <run_address>0x599</run_address>
         <size>0x35</size>
         <input_file_ref idref="fl-134"/>
      </object_component>
      <object_component id="oc-64">
         <name>.debug_pubnames</name>
         <load_address>0x5ce</load_address>
         <run_address>0x5ce</run_address>
         <size>0x62</size>
         <input_file_ref idref="fl-135"/>
      </object_component>
      <object_component id="oc-a7">
         <name>.debug_pubnames</name>
         <load_address>0x630</load_address>
         <run_address>0x630</run_address>
         <size>0x75</size>
         <input_file_ref idref="fl-136"/>
      </object_component>
      <object_component id="oc-d5">
         <name>.debug_pubnames</name>
         <load_address>0x6a5</load_address>
         <run_address>0x6a5</run_address>
         <size>0x23</size>
         <input_file_ref idref="fl-137"/>
      </object_component>
      <object_component id="oc-da">
         <name>.debug_pubnames</name>
         <load_address>0x6c8</load_address>
         <run_address>0x6c8</run_address>
         <size>0x8c</size>
         <input_file_ref idref="fl-138"/>
      </object_component>
      <object_component id="oc-b7">
         <name>.debug_pubnames</name>
         <load_address>0x754</load_address>
         <run_address>0x754</run_address>
         <size>0x55</size>
         <input_file_ref idref="fl-139"/>
      </object_component>
      <object_component id="oc-26">
         <name>.debug_pubnames</name>
         <load_address>0x7a9</load_address>
         <run_address>0x7a9</run_address>
         <size>0x25</size>
         <input_file_ref idref="fl-13a"/>
      </object_component>
      <object_component id="oc-58">
         <name>.debug_pubnames</name>
         <load_address>0x7ce</load_address>
         <run_address>0x7ce</run_address>
         <size>0x1e</size>
         <input_file_ref idref="fl-13c"/>
      </object_component>
      <object_component id="oc-e0">
         <name>.debug_pubnames</name>
         <load_address>0x7ec</load_address>
         <run_address>0x7ec</run_address>
         <size>0x27</size>
         <input_file_ref idref="fl-140"/>
      </object_component>
      <object_component id="oc-f3">
         <name>.debug_pubnames</name>
         <load_address>0x813</load_address>
         <run_address>0x813</run_address>
         <size>0x24</size>
         <input_file_ref idref="fl-143"/>
      </object_component>
      <object_component id="oc-129">
         <name>.debug_pubnames</name>
         <load_address>0x837</load_address>
         <run_address>0x837</run_address>
         <size>0x32</size>
      </object_component>
      <object_component id="oc-ca">
         <name>.debug_pubtypes</name>
         <load_address>0x0</load_address>
         <run_address>0x0</run_address>
         <size>0xc3</size>
         <input_file_ref idref="fl-2"/>
      </object_component>
      <object_component id="oc-9c">
         <name>.debug_pubtypes</name>
         <load_address>0xc3</load_address>
         <run_address>0xc3</run_address>
         <size>0x31</size>
         <input_file_ref idref="fl-2"/>
      </object_component>
      <object_component id="oc-6e">
         <name>.debug_pubtypes</name>
         <load_address>0xf4</load_address>
         <run_address>0xf4</run_address>
         <size>0xed</size>
         <input_file_ref idref="fl-2"/>
      </object_component>
      <object_component id="oc-c2">
         <name>.debug_pubtypes</name>
         <load_address>0x1e1</load_address>
         <run_address>0x1e1</run_address>
         <size>0x1c6</size>
         <input_file_ref idref="fl-2"/>
      </object_component>
      <object_component id="oc-e8">
         <name>.debug_pubtypes</name>
         <load_address>0x3a7</load_address>
         <run_address>0x3a7</run_address>
         <size>0x1f</size>
         <input_file_ref idref="fl-2"/>
      </object_component>
      <object_component id="oc-cf">
         <name>.debug_pubtypes</name>
         <load_address>0x3c6</load_address>
         <run_address>0x3c6</run_address>
         <size>0x53</size>
         <input_file_ref idref="fl-2"/>
      </object_component>
      <object_component id="oc-fa">
         <name>.debug_pubtypes</name>
         <load_address>0x419</load_address>
         <run_address>0x419</run_address>
         <size>0x30</size>
         <input_file_ref idref="fl-2"/>
      </object_component>
      <object_component id="oc-7f">
         <name>.debug_pubtypes</name>
         <load_address>0x449</load_address>
         <run_address>0x449</run_address>
         <size>0x1d</size>
         <input_file_ref idref="fl-12e"/>
      </object_component>
      <object_component id="oc-4e">
         <name>.debug_pubtypes</name>
         <load_address>0x466</load_address>
         <run_address>0x466</run_address>
         <size>0x48</size>
         <input_file_ref idref="fl-12f"/>
      </object_component>
      <object_component id="oc-8b">
         <name>.debug_pubtypes</name>
         <load_address>0x4ae</load_address>
         <run_address>0x4ae</run_address>
         <size>0x32</size>
         <input_file_ref idref="fl-13a"/>
      </object_component>
      <object_component id="oc-90">
         <name>.debug_pubtypes</name>
         <load_address>0x4e0</load_address>
         <run_address>0x4e0</run_address>
         <size>0x50</size>
         <input_file_ref idref="fl-13a"/>
      </object_component>
      <object_component id="oc-b0">
         <name>.debug_pubtypes</name>
         <load_address>0x530</load_address>
         <run_address>0x530</run_address>
         <size>0x23</size>
         <input_file_ref idref="fl-13c"/>
      </object_component>
      <object_component id="oc-120">
         <name>.cinit..bss.load</name>
         <load_address>0x80001db8</load_address>
         <run_address>0x80001db8</run_address>
         <size>0x8</size>
      </object_component>
      <object_component id="oc-11d">
         <name>__TI_handler_table</name>
         <load_address>0x80001dc0</load_address>
         <run_address>0x80001dc0</run_address>
         <size>0x4</size>
      </object_component>
      <object_component id="oc-11f">
         <name>__TI_cinit_table</name>
         <load_address>0x80001dc4</load_address>
         <run_address>0x80001dc4</run_address>
         <size>0x8</size>
      </object_component>
   </object_component_list>
   <logical_group_list>
      <logical_group id="lg-2" display="no" color="cyan">
         <name>.text:Entry</name>
         <load_address>0x80000000</load_address>
         <run_address>0x80000000</run_address>
         <size>0xd0</size>
         <contents>
            <object_component_ref idref="oc-9"/>
            <object_component_ref idref="oc-122"/>
         </contents>
      </logical_group>
      <logical_group id="lg-3" display="no" color="cyan">
         <name>.text</name>
         <load_address>0x800000d0</load_address>
         <run_address>0x800000d0</run_address>
         <size>0x1aa8</size>
         <contents>
            <object_component_ref idref="oc-ba"/>
            <object_component_ref idref="oc-61"/>
            <object_component_ref idref="oc-b4"/>
            <object_component_ref idref="oc-2e"/>
            <object_component_ref idref="oc-a4"/>
            <object_component_ref idref="oc-de"/>
            <object_component_ref idref="oc-94"/>
            <object_component_ref idref="oc-47"/>
            <object_component_ref idref="oc-21"/>
            <object_component_ref idref="oc-53"/>
            <object_component_ref idref="oc-27"/>
            <object_component_ref idref="oc-d6"/>
            <object_component_ref idref="oc-5b"/>
            <object_component_ref idref="oc-1a"/>
            <object_component_ref idref="oc-f0"/>
         </contents>
      </logical_group>
      <logical_group id="lg-6" display="no" color="cyan">
         <name>.const</name>
         <load_address>0x80001d78</load_address>
         <run_address>0x80001d78</run_address>
         <size>0x3c</size>
         <contents>
            <object_component_ref idref="oc-69"/>
            <object_component_ref idref="oc-66"/>
         </contents>
      </logical_group>
      <logical_group id="lg-7" display="no" color="cyan">
         <name>.stack</name>
         <run_address>0x87fffff0</run_address>
         <size>0x8</size>
         <contents>
            <object_component_ref idref="oc-20"/>
            <object_component_ref idref="oc-121"/>
         </contents>
      </logical_group>
      <logical_group id="lg-102" display="no" color="cyan">
         <name>.TI.noinit</name>
         <run_address>0x80001b78</run_address>
         <size>0x0</size>
         <contents>
         </contents>
      </logical_group>
      <logical_group id="lg-5" display="no" color="cyan">
         <name>.bss</name>
         <run_address>0x80001b78</run_address>
         <size>0x200</size>
         <contents>
            <object_component_ref idref="oc-d3"/>
         </contents>
      </logical_group>
      <logical_group id="lg-101" display="no" color="cyan">
         <name>BSS_GROUP</name>
         <run_address>0x80001b78</run_address>
         <size>0x200</size>
         <contents>
            <logical_group_ref idref="lg-102"/>
            <logical_group_ref idref="lg-5"/>
         </contents>
      </logical_group>
      <logical_group id="lg-104" display="no" color="cyan">
         <name>.TI.persistent</name>
         <run_address>0x0</run_address>
         <size>0x0</size>
         <contents>
         </contents>
      </logical_group>
      <logical_group id="lg-4" display="no" color="cyan">
         <name>.data</name>
         <run_address>0x0</run_address>
         <size>0x0</size>
         <contents>
         </contents>
      </logical_group>
      <logical_group id="lg-103" display="no" color="cyan">
         <name>DATA_GROUP</name>
         <run_address>0x0</run_address>
         <size>0x0</size>
         <contents>
            <logical_group_ref idref="lg-104"/>
            <logical_group_ref idref="lg-4"/>
         </contents>
      </logical_group>
      <logical_group id="lg-10d" display="never" color="cyan">
         <name>.debug_info</name>
         <load_address>0x0</load_address>
         <run_address>0x0</run_address>
         <size>0x6dca</size>
         <contents>
            <object_component_ref idref="oc-c6"/>
            <object_component_ref idref="oc-95"/>
            <object_component_ref idref="oc-c9"/>
            <object_component_ref idref="oc-9b"/>
            <object_component_ref idref="oc-6d"/>
            <object_component_ref idref="oc-c1"/>
            <object_component_ref idref="oc-e7"/>
            <object_component_ref idref="oc-ce"/>
            <object_component_ref idref="oc-f9"/>
            <object_component_ref idref="oc-a0"/>
            <object_component_ref idref="oc-5c"/>
            <object_component_ref idref="oc-7e"/>
            <object_component_ref idref="oc-52"/>
            <object_component_ref idref="oc-1b"/>
            <object_component_ref idref="oc-4d"/>
            <object_component_ref idref="oc-2f"/>
            <object_component_ref idref="oc-4a"/>
            <object_component_ref idref="oc-e4"/>
            <object_component_ref idref="oc-bb"/>
            <object_component_ref idref="oc-c"/>
            <object_component_ref idref="oc-72"/>
            <object_component_ref idref="oc-67"/>
            <object_component_ref idref="oc-6a"/>
            <object_component_ref idref="oc-28"/>
            <object_component_ref idref="oc-63"/>
            <object_component_ref idref="oc-a5"/>
            <object_component_ref idref="oc-ee"/>
            <object_component_ref idref="oc-d4"/>
            <object_component_ref idref="oc-d9"/>
            <object_component_ref idref="oc-b5"/>
            <object_component_ref idref="oc-5a"/>
            <object_component_ref idref="oc-25"/>
            <object_component_ref idref="oc-8a"/>
            <object_component_ref idref="oc-8f"/>
            <object_component_ref idref="oc-87"/>
            <object_component_ref idref="oc-57"/>
            <object_component_ref idref="oc-af"/>
            <object_component_ref idref="oc-df"/>
            <object_component_ref idref="oc-f1"/>
            <object_component_ref idref="oc-127"/>
         </contents>
      </logical_group>
      <logical_group id="lg-10f" display="never" color="cyan">
         <name>.debug_line</name>
         <load_address>0x0</load_address>
         <run_address>0x0</run_address>
         <size>0x17ff</size>
         <contents>
            <object_component_ref idref="oc-e6"/>
            <object_component_ref idref="oc-98"/>
            <object_component_ref idref="oc-cc"/>
            <object_component_ref idref="oc-9e"/>
            <object_component_ref idref="oc-70"/>
            <object_component_ref idref="oc-c4"/>
            <object_component_ref idref="oc-ea"/>
            <object_component_ref idref="oc-d1"/>
            <object_component_ref idref="oc-fc"/>
            <object_component_ref idref="oc-c8"/>
            <object_component_ref idref="oc-60"/>
            <object_component_ref idref="oc-81"/>
            <object_component_ref idref="oc-85"/>
            <object_component_ref idref="oc-1f"/>
            <object_component_ref idref="oc-50"/>
            <object_component_ref idref="oc-32"/>
            <object_component_ref idref="oc-49"/>
            <object_component_ref idref="oc-f8"/>
            <object_component_ref idref="oc-be"/>
            <object_component_ref idref="oc-a"/>
            <object_component_ref idref="oc-ac"/>
            <object_component_ref idref="oc-a3"/>
            <object_component_ref idref="oc-aa"/>
            <object_component_ref idref="oc-2b"/>
            <object_component_ref idref="oc-65"/>
            <object_component_ref idref="oc-a8"/>
            <object_component_ref idref="oc-ff"/>
            <object_component_ref idref="oc-ed"/>
            <object_component_ref idref="oc-d7"/>
            <object_component_ref idref="oc-b9"/>
            <object_component_ref idref="oc-89"/>
            <object_component_ref idref="oc-23"/>
            <object_component_ref idref="oc-8d"/>
            <object_component_ref idref="oc-92"/>
            <object_component_ref idref="oc-ae"/>
            <object_component_ref idref="oc-55"/>
            <object_component_ref idref="oc-b2"/>
            <object_component_ref idref="oc-e2"/>
            <object_component_ref idref="oc-f5"/>
         </contents>
      </logical_group>
      <logical_group id="lg-111" display="never" color="cyan">
         <name>.debug_frame</name>
         <load_address>0x0</load_address>
         <run_address>0x0</run_address>
         <size>0x869</size>
         <contents>
            <object_component_ref idref="oc-99"/>
            <object_component_ref idref="oc-5f"/>
            <object_component_ref idref="oc-1e"/>
            <object_component_ref idref="oc-bf"/>
            <object_component_ref idref="oc-2c"/>
            <object_component_ref idref="oc-d8"/>
            <object_component_ref idref="oc-b8"/>
            <object_component_ref idref="oc-24"/>
            <object_component_ref idref="oc-56"/>
            <object_component_ref idref="oc-f4"/>
         </contents>
      </logical_group>
      <logical_group id="lg-113" display="never" color="cyan">
         <name>.debug_abbrev</name>
         <load_address>0x0</load_address>
         <run_address>0x0</run_address>
         <size>0xec7</size>
         <contents>
            <object_component_ref idref="oc-e5"/>
            <object_component_ref idref="oc-c0"/>
            <object_component_ref idref="oc-cb"/>
            <object_component_ref idref="oc-9d"/>
            <object_component_ref idref="oc-6f"/>
            <object_component_ref idref="oc-c3"/>
            <object_component_ref idref="oc-e9"/>
            <object_component_ref idref="oc-d0"/>
            <object_component_ref idref="oc-fb"/>
            <object_component_ref idref="oc-c7"/>
            <object_component_ref idref="oc-9a"/>
            <object_component_ref idref="oc-80"/>
            <object_component_ref idref="oc-84"/>
            <object_component_ref idref="oc-4c"/>
            <object_component_ref idref="oc-4f"/>
            <object_component_ref idref="oc-73"/>
            <object_component_ref idref="oc-83"/>
            <object_component_ref idref="oc-f7"/>
            <object_component_ref idref="oc-e3"/>
            <object_component_ref idref="oc-2d"/>
            <object_component_ref idref="oc-ab"/>
            <object_component_ref idref="oc-a2"/>
            <object_component_ref idref="oc-a9"/>
            <object_component_ref idref="oc-6c"/>
            <object_component_ref idref="oc-a1"/>
            <object_component_ref idref="oc-dc"/>
            <object_component_ref idref="oc-fe"/>
            <object_component_ref idref="oc-ec"/>
            <object_component_ref idref="oc-ef"/>
            <object_component_ref idref="oc-dd"/>
            <object_component_ref idref="oc-88"/>
            <object_component_ref idref="oc-59"/>
            <object_component_ref idref="oc-8c"/>
            <object_component_ref idref="oc-91"/>
            <object_component_ref idref="oc-ad"/>
            <object_component_ref idref="oc-86"/>
            <object_component_ref idref="oc-b1"/>
            <object_component_ref idref="oc-f6"/>
            <object_component_ref idref="oc-100"/>
            <object_component_ref idref="oc-128"/>
         </contents>
      </logical_group>
      <logical_group id="lg-115" display="never" color="cyan">
         <name>.debug_str</name>
         <load_address>0x0</load_address>
         <run_address>0x0</run_address>
         <size>0x1081</size>
         <contents>
            <object_component_ref idref="oc-cd"/>
            <object_component_ref idref="oc-9f"/>
            <object_component_ref idref="oc-71"/>
            <object_component_ref idref="oc-c5"/>
            <object_component_ref idref="oc-eb"/>
            <object_component_ref idref="oc-d2"/>
            <object_component_ref idref="oc-fd"/>
            <object_component_ref idref="oc-82"/>
            <object_component_ref idref="oc-51"/>
            <object_component_ref idref="oc-8e"/>
            <object_component_ref idref="oc-93"/>
            <object_component_ref idref="oc-b3"/>
         </contents>
      </logical_group>
      <logical_group id="lg-117" display="never" color="cyan">
         <name>.debug_aranges</name>
         <load_address>0x0</load_address>
         <run_address>0x0</run_address>
         <size>0x3c0</size>
         <contents>
            <object_component_ref idref="oc-96"/>
            <object_component_ref idref="oc-5e"/>
            <object_component_ref idref="oc-1d"/>
            <object_component_ref idref="oc-31"/>
            <object_component_ref idref="oc-48"/>
            <object_component_ref idref="oc-bc"/>
            <object_component_ref idref="oc-b"/>
            <object_component_ref idref="oc-29"/>
            <object_component_ref idref="oc-62"/>
            <object_component_ref idref="oc-a6"/>
            <object_component_ref idref="oc-db"/>
            <object_component_ref idref="oc-b6"/>
            <object_component_ref idref="oc-22"/>
            <object_component_ref idref="oc-54"/>
            <object_component_ref idref="oc-e1"/>
            <object_component_ref idref="oc-f2"/>
         </contents>
      </logical_group>
      <logical_group id="lg-119" display="never" color="cyan">
         <name>.debug_pubnames</name>
         <load_address>0x0</load_address>
         <run_address>0x0</run_address>
         <size>0x869</size>
         <contents>
            <object_component_ref idref="oc-97"/>
            <object_component_ref idref="oc-5d"/>
            <object_component_ref idref="oc-1c"/>
            <object_component_ref idref="oc-30"/>
            <object_component_ref idref="oc-4b"/>
            <object_component_ref idref="oc-bd"/>
            <object_component_ref idref="oc-d"/>
            <object_component_ref idref="oc-68"/>
            <object_component_ref idref="oc-6b"/>
            <object_component_ref idref="oc-2a"/>
            <object_component_ref idref="oc-64"/>
            <object_component_ref idref="oc-a7"/>
            <object_component_ref idref="oc-d5"/>
            <object_component_ref idref="oc-da"/>
            <object_component_ref idref="oc-b7"/>
            <object_component_ref idref="oc-26"/>
            <object_component_ref idref="oc-58"/>
            <object_component_ref idref="oc-e0"/>
            <object_component_ref idref="oc-f3"/>
            <object_component_ref idref="oc-129"/>
         </contents>
      </logical_group>
      <logical_group id="lg-11b" display="never" color="cyan">
         <name>.debug_pubtypes</name>
         <load_address>0x0</load_address>
         <run_address>0x0</run_address>
         <size>0x553</size>
         <contents>
            <object_component_ref idref="oc-ca"/>
            <object_component_ref idref="oc-9c"/>
            <object_component_ref idref="oc-6e"/>
            <object_component_ref idref="oc-c2"/>
            <object_component_ref idref="oc-e8"/>
            <object_component_ref idref="oc-cf"/>
            <object_component_ref idref="oc-fa"/>
            <object_component_ref idref="oc-7f"/>
            <object_component_ref idref="oc-4e"/>
            <object_component_ref idref="oc-8b"/>
            <object_component_ref idref="oc-90"/>
            <object_component_ref idref="oc-b0"/>
         </contents>
      </logical_group>
      <logical_group id="lg-11e" display="no" color="cyan">
         <name>.cinit</name>
         <load_address>0x80001db8</load_address>
         <run_address>0x80001db8</run_address>
         <size>0x14</size>
         <contents>
            <object_component_ref idref="oc-120"/>
            <object_component_ref idref="oc-11d"/>
            <object_component_ref idref="oc-11f"/>
         </contents>
      </logical_group>
      <load_segment id="lg-12a" display="no" color="cyan">
         <name>SEGMENT_0</name>
         <load_address>0x80000000</load_address>
         <run_address>0x80000000</run_address>
         <size>0x1b78</size>
         <flags>0x5</flags>
         <contents>
            <logical_group_ref idref="lg-2"/>
            <logical_group_ref idref="lg-3"/>
         </contents>
      </load_segment>
      <load_segment id="lg-12b" display="no" color="cyan">
         <name>SEGMENT_1</name>
         <run_address>0x80001b78</run_address>
         <size>0x200</size>
         <flags>0x6</flags>
         <contents>
            <logical_group_ref idref="lg-5"/>
         </contents>
      </load_segment>
      <load_segment id="lg-12c" display="no" color="cyan">
         <name>SEGMENT_2</name>
         <load_address>0x80001d78</load_address>
         <run_address>0x80001d78</run_address>
         <size>0x54</size>
         <flags>0x4</flags>
         <contents>
            <logical_group_ref idref="lg-6"/>
            <logical_group_ref idref="lg-11e"/>
         </contents>
      </load_segment>
      <load_segment id="lg-12d" display="no" color="cyan">
         <name>SEGMENT_3</name>
         <run_address>0x87fffff0</run_address>
         <size>0x8</size>
         <flags>0x6</flags>
         <contents>
            <logical_group_ref idref="lg-7"/>
         </contents>
      </load_segment>
   </logical_group_list>
   <placement_map>
      <memory_area display="yes" color="green">
         <name>DDR0</name>
         <page_id>0x0</page_id>
         <origin>0x80000000</origin>
         <length>0x40000000</length>
         <used_space>0x1dd0</used_space>
         <unused_space>0x3fffe230</unused_space>
         <attributes>RWIX</attributes>
         <usage_details>
            <allocated_space>
               <start_address>0x80000000</start_address>
               <size>0xd0</size>
               <logical_group_ref idref="lg-2"/>
            </allocated_space>
            <allocated_space>
               <start_address>0x800000d0</start_address>
               <size>0x1aa8</size>
               <logical_group_ref idref="lg-3"/>
            </allocated_space>
            <allocated_space>
               <start_address>0x80001b78</start_address>
               <size>0x200</size>
               <logical_group_ref idref="lg-101"/>
            </allocated_space>
            <allocated_space>
               <start_address>0x80001d78</start_address>
               <size>0x3c</size>
               <logical_group_ref idref="lg-6"/>
            </allocated_space>
            <available_space>
               <start_address>0x80001db4</start_address>
               <size>0x4</size>
            </available_space>
            <allocated_space>
               <start_address>0x80001db8</start_address>
               <size>0x14</size>
               <logical_group_ref idref="lg-11e"/>
            </allocated_space>
            <available_space>
               <start_address>0x80001dcc</start_address>
               <size>0x7ffe224</size>
            </available_space>
            <allocated_space>
               <start_address>0x87fffff0</start_address>
               <size>0x8</size>
               <logical_group_ref idref="lg-7"/>
            </allocated_space>
            <available_space>
               <start_address>0x87fffff8</start_address>
               <size>0x38000008</size>
            </available_space>
         </usage_details>
      </memory_area>
   </placement_map>
   <cptbl_list>
      <cptbl>
         <name>__TI_cinit_table</name>
         <cprec>
            <name>.bss</name>
            <load_address>0x80001db8</load_address>
            <load_size>0x8</load_size>
            <run_address>0x80001b78</run_address>
            <run_size>0x200</run_size>
            <compression>zero_init</compression>
         </cprec>
      </cptbl>
   </cptbl_list>
   <handler_table>
      <handler_table_name>__TI_handler_table</handler_table_name>
      <handler>
         <index>0x0</index>
         <name>__TI_zero_init</name>
      </handler>
   </handler_table>
   <far_call_trampoline_list>
      <far_call_trampoline>
         <callee_name>__TI_auto_init</callee_name>
[...]
      <symbol id="sm-3">
         <name>__TI_CINIT_Base</name>
         <value>0x80001dc4</value>
      </symbol>
      <symbol id="sm-4">
         <name>__TI_CINIT_Limit</name>
         <value>0x80001dcc</value>
      </symbol>
      <symbol id="sm-5">
         <name>__TI_Handler_Table_Base</name>
         <value>0x80001dc0</value>
      </symbol>
      <symbol id="sm-6">
         <name>__TI_Handler_Table_Limit</name>
         <value>0x80001dc4</value>
      </symbol>
      <symbol id="sm-7">
         <name>binit</name>
         <value>0xffffffff</value>
      </symbol>
      <symbol id="sm-8">
         <name>__binit__</name>
         <value>0xffffffff</value>
      </symbol>
      <symbol id="sm-9">
         <name>__STACK_SIZE</name>
         <value>0x8</value>
      </symbol>
      <symbol id="sm-a">
         <name>__STACK_END</name>
         <value>0x87fffff8</value>
      </symbol>
      <symbol id="sm-b">
         <name>__c_args__</name>
         <value>0xffffffff</value>
      </symbol>
      <symbol id="sm-53">
         <name>setTransmit_I2C</name>
         <value>0x80001824</value>
         <object_component_ref idref="oc-94"/>
      </symbol>
      <symbol id="sm-54">
         <name>turnOnLCD</name>
         <value>0x8000180c</value>
         <object_component_ref idref="oc-94"/>
      </symbol>
      <symbol id="sm-55">
         <name>setupLCD_I2C</name>
         <value>0x800017bc</value>
         <object_component_ref idref="oc-94"/>
      </symbol>
      <symbol id="sm-65">
         <name>main</name>
         <value>0x80001b2c</value>
         <object_component_ref idref="oc-5b"/>
      </symbol>
      <symbol id="sm-7e">
         <name>__TI_zero_init</name>
         <value>0x80001b64</value>
         <object_component_ref idref="oc-1a"/>
      </symbol>
      <symbol id="sm-97">
         <name>memcpy</name>
         <value>0x80001440</value>
         <object_component_ref idref="oc-2e"/>
      </symbol>
      <symbol id="sm-98">
         <name>__aeabi_memcpy</name>
         <value>0x80001440</value>
         <object_component_ref idref="oc-2e"/>
      </symbol>
      <symbol id="sm-99">
         <name>__aeabi_memcpy8</name>
         <value>0x80001440</value>
         <object_component_ref idref="oc-2e"/>
      </symbol>
      <symbol id="sm-9a">
         <name>__aeabi_memcpy4</name>
         <value>0x80001440</value>
         <object_component_ref idref="oc-2e"/>
      </symbol>
      <symbol id="sm-a9">
         <name>__aeabi_memset</name>
         <value>0x80001874</value>
         <object_component_ref idref="oc-47"/>
      </symbol>
      <symbol id="sm-aa">
         <name>memset</name>
         <value>0x80001880</value>
         <object_component_ref idref="oc-47"/>
      </symbol>
      <symbol id="sm-ab">
         <name>__aeabi_memset8</name>
         <value>0x80001874</value>
         <object_component_ref idref="oc-47"/>
      </symbol>
      <symbol id="sm-ac">
         <name>__aeabi_memset4</name>
         <value>0x80001874</value>
         <object_component_ref idref="oc-47"/>
      </symbol>
      <symbol id="sm-ad">
         <name>__aeabi_memclr8</name>
         <value>0x80001870</value>
         <object_component_ref idref="oc-47"/>
      </symbol>
      <symbol id="sm-ae">
         <name>__aeabi_memclr4</name>
         <value>0x80001870</value>
         <object_component_ref idref="oc-47"/>
      </symbol>
      <symbol id="sm-af">
         <name>__aeabi_memclr</name>
         <value>0x80001870</value>
         <object_component_ref idref="oc-47"/>
      </symbol>
      <symbol id="sm-107">
         <name>I2CContextRestore</name>
         <value>0x80000acc</value>
         <object_component_ref idref="oc-ba"/>
      </symbol>
      <symbol id="sm-108">
         <name>I2CDMATxEventEnable</name>
         <value>0x800004c4</value>
         <object_component_ref idref="oc-ba"/>
      </symbol>
      <symbol id="sm-109">
         <name>I2CAutoIdleDisable</name>
         <value>0x80000818</value>
         <object_component_ref idref="oc-ba"/>
      </symbol>
      <symbol id="sm-10a">
         <name>I2CWakeUpDisable</name>
         <value>0x80000990</value>
         <object_component_ref idref="oc-ba"/>
      </symbol>
      <symbol id="sm-10b">
         <name>I2CMasterBusBusy</name>
         <value>0x80000194</value>
         <object_component_ref idref="oc-ba"/>
      </symbol>
      <symbol id="sm-10c">
         <name>I2CMasterSlaveAddrGet</name>
         <value>0x800003a0</value>
         <object_component_ref idref="oc-ba"/>
      </symbol>
      <symbol id="sm-10d">
         <name>I2CBufferStatus</name>
         <value>0x80000584</value>
         <object_component_ref idref="oc-ba"/>
      </symbol>
      <symbol id="sm-10e">
         <name>I2CMasterIntStatus</name>
         <value>0x800002c8</value>
         <object_component_ref idref="oc-ba"/>
      </symbol>
      <symbol id="sm-10f">
         <name>I2CMasterIntDisableEx</name>
         <value>0x800002a8</value>
         <object_component_ref idref="oc-ba"/>
      </symbol>
      <symbol id="sm-110">
         <name>I2COwnAddressSet</name>
         <value>0x80000758</value>
         <object_component_ref idref="oc-ba"/>
      </symbol>
      <symbol id="sm-111">
         <name>I2CFIFOClear</name>
         <value>0x80000478</value>
         <object_component_ref idref="oc-ba"/>
      </symbol>
      <symbol id="sm-112">
         <name>I2CMasterIntRawStatusClearEx</name>
         <value>0x80000360</value>
         <object_component_ref idref="oc-ba"/>
      </symbol>
      <symbol id="sm-113">
         <name>I2CDMATxEventDisable</name>
         <value>0x80000524</value>
         <object_component_ref idref="oc-ba"/>
      </symbol>
      <symbol id="sm-114">
         <name>I2CMasterDataPut</name>
         <value>0x80000a38</value>
         <object_component_ref idref="oc-ba"/>
      </symbol>
      <symbol id="sm-115">
         <name>I2CDataCountGet</name>
         <value>0x800003e0</value>
         <object_component_ref idref="oc-ba"/>
      </symbol>
      <symbol id="sm-116">
         <name>I2CSoftReset</name>
         <value>0x800007d0</value>
         <object_component_ref idref="oc-ba"/>
      </symbol>
      <symbol id="sm-117">
         <name>I2CActiveOwnAddressGet</name>
         <value>0x80000608</value>
         <object_component_ref idref="oc-ba"/>
      </symbol>
      <symbol id="sm-118">
         <name>I2CMasterInitExpClk</name>
         <value>0x800000d0</value>
         <object_component_ref idref="oc-ba"/>
      </symbol>
      <symbol id="sm-119">
         <name>I2CGlobalWakeUpEnable</name>
         <value>0x8000083c</value>
         <object_component_ref idref="oc-ba"/>
      </symbol>
      <symbol id="sm-11a">
         <name>I2CDMARxEventDisable</name>
         <value>0x80000554</value>
         <object_component_ref idref="oc-ba"/>
      </symbol>
      <symbol id="sm-11b">
         <name>I2CMasterIntRawStatusEx</name>
         <value>0x8000031c</value>
         <object_component_ref idref="oc-ba"/>
      </symbol>
      <symbol id="sm-11c">
         <name>I2CClockActivitySelect</name>
         <value>0x800008c4</value>
         <object_component_ref idref="oc-ba"/>
      </symbol>
      <symbol id="sm-11d">
         <name>I2CFIFOThresholdConfig</name>
         <value>0x800003f8</value>
         <object_component_ref idref="oc-ba"/>
      </symbol>
      <symbol id="sm-11e">
         <name>I2CAutoIdleEnable</name>
         <value>0x800007f4</value>
         <object_component_ref idref="oc-ba"/>
      </symbol>
      <symbol id="sm-11f">
         <name>I2CSetDataCount</name>
         <value>0x800003c0</value>
         <object_component_ref idref="oc-ba"/>
      </symbol>
      <symbol id="sm-120">
         <name>I2CDMARxEventEnable</name>
         <value>0x800004f4</value>
         <object_component_ref idref="oc-ba"/>
      </symbol>
      <symbol id="sm-121">
         <name>I2CClockBlockingControl</name>
         <value>0x8000068c</value>
         <object_component_ref idref="oc-ba"/>
      </symbol>
      <symbol id="sm-122">
         <name>I2CMasterIntClearEx</name>
         <value>0x80000340</value>
         <object_component_ref idref="oc-ba"/>
      </symbol>
      <symbol id="sm-123">
         <name>I2CMasterSlaveAddrSet</name>
         <value>0x80000380</value>
         <object_component_ref idref="oc-ba"/>
      </symbol>
      <symbol id="sm-124">
         <name>I2CMasterDataGet</name>
         <value>0x80000a58</value>
         <object_component_ref idref="oc-ba"/>
      </symbol>
      <symbol id="sm-125">
         <name>I2CWakeUpEnable</name>
         <value>0x80000904</value>
         <object_component_ref idref="oc-ba"/>
      </symbol>
      <symbol id="sm-126">
         <name>I2CMasterIntEnableEx</name>
         <value>0x8000027c</value>
         <object_component_ref idref="oc-ba"/>
      </symbol>
      <symbol id="sm-127">
         <name>I2CMasterErr</name>
         <value>0x800001e8</value>
         <object_component_ref idref="oc-ba"/>
      </symbol>
      <symbol id="sm-128">
         <name>I2CMasterStart</name>
         <value>0x80000234</value>
         <object_component_ref idref="oc-ba"/>
      </symbol>
      <symbol id="sm-129">
         <name>I2CMasterStop</name>
         <value>0x80000258</value>
         <object_component_ref idref="oc-ba"/>
      </symbol>
      <symbol id="sm-12a">
         <name>I2CMasterControl</name>
         <value>0x80000210</value>
         <object_component_ref idref="oc-ba"/>
      </symbol>
      <symbol id="sm-12b">
         <name>I2CMasterIntRawStatus</name>
         <value>0x80000304</value>
         <object_component_ref idref="oc-ba"/>
      </symbol>
      <symbol id="sm-12c">
         <name>I2CMasterBusy</name>
         <value>0x800001cc</value>
         <object_component_ref idref="oc-ba"/>
      </symbol>
      <symbol id="sm-12d">
         <name>I2CMasterEnable</name>
         <value>0x8000014c</value>
         <object_component_ref idref="oc-ba"/>
      </symbol>
      <symbol id="sm-12e">
         <name>I2CMasterIntStatusEx</name>
         <value>0x800002e0</value>
         <object_component_ref idref="oc-ba"/>
      </symbol>
      <symbol id="sm-12f">
         <name>I2CSystemStatusGet</name>
         <value>0x80000a1c</value>
         <object_component_ref idref="oc-ba"/>
      </symbol>
      <symbol id="sm-130">
         <name>I2CContextSave</name>
         <value>0x80000a78</value>
         <object_component_ref idref="oc-ba"/>
      </symbol>
      <symbol id="sm-131">
         <name>I2CMasterDisable</name>
         <value>0x80000170</value>
         <object_component_ref idref="oc-ba"/>
      </symbol>
      <symbol id="sm-132">
         <name>I2CGlobalWakeUpDisable</name>
         <value>0x80000860</value>
         <object_component_ref idref="oc-ba"/>
      </symbol>
      <symbol id="sm-133">
         <name>I2CIdleModeSelect</name>
         <value>0x80000884</value>
         <object_component_ref idref="oc-ba"/>
      </symbol>
      <symbol id="sm-152">
         <name>Entry</name>
         <value>0x80000000</value>
         <object_component_ref idref="oc-9"/>
      </symbol>
      <symbol id="sm-174">
         <name>start_boot</name>
         <value>0x80001a48</value>
         <object_component_ref idref="oc-27"/>
      </symbol>
      <symbol id="sm-175">
         <name>AM335X_VECTOR_BASE</name>
         <value>0x80001db0</value>
         <object_component_ref idref="oc-66"/>
      </symbol>
      <symbol id="sm-196">
         <name>CP15DCacheEnable</name>
         <value>0x80000be8</value>
         <object_component_ref idref="oc-61"/>
      </symbol>
      <symbol id="sm-197">
         <name>CP15MMUEnable</name>
         <value>0x80000f54</value>
         <object_component_ref idref="oc-61"/>
      </symbol>
      <symbol id="sm-198">
         <name>CP15DCacheClean</name>
         <value>0x80000c8c</value>
         <object_component_ref idref="oc-61"/>
      </symbol>
      <symbol id="sm-199">
         <name>CP15ICacheEnable</name>
         <value>0x80000bd8</value>
         <object_component_ref idref="oc-61"/>
      </symbol>
      <symbol id="sm-19a">
         <name>CP15TtbCtlTtb0Config</name>
         <value>0x80000fd8</value>
         <object_component_ref idref="oc-61"/>
      </symbol>
      <symbol id="sm-19b">
         <name>CP15VectorBaseAddrSet</name>
         <value>0x80000f68</value>
         <object_component_ref idref="oc-61"/>
      </symbol>
      <symbol id="sm-19c">
         <name>CP15ICacheDisable</name>
         <value>0x80000ba0</value>
         <object_component_ref idref="oc-61"/>
      </symbol>
      <symbol id="sm-19d">
         <name>CP15BranchPredictorInvalidate</name>
         <value>0x80000f74</value>
         <object_component_ref idref="oc-61"/>
      </symbol>
      <symbol id="sm-19e">
         <name>CP15ControlFeatureEnable</name>
         <value>0x80000fc4</value>
         <object_component_ref idref="oc-61"/>
      </symbol>
      <symbol id="sm-19f">
         <name>CP15DomainAccessClientSet</name>
         <value>0x80000fa0</value>
         <object_component_ref idref="oc-61"/>
      </symbol>
      <symbol id="sm-1a0">
         <name>CP15BranchPredictionEnable</name>
         <value>0x80000f80</value>
         <object_component_ref idref="oc-61"/>
      </symbol>
      <symbol id="sm-1a1">
         <name>CP15DCacheDisable</name>
         <value>0x80000bbc</value>
         <object_component_ref idref="oc-61"/>
      </symbol>
      <symbol id="sm-1a2">
         <name>CP15AuxControlFeatureDisable</name>
         <value>0x80000ffc</value>
         <object_component_ref idref="oc-61"/>
      </symbol>
      <symbol id="sm-1a3">
         <name>CP15BranchPredictionDisable</name>
         <value>0x80000f90</value>
         <object_component_ref idref="oc-61"/>
      </symbol>
      <symbol id="sm-1a4">
         <name>CP15MainIdPrimPartNumGet</name>
         <value>0x80001010</value>
         <object_component_ref idref="oc-61"/>
      </symbol>
      <symbol id="sm-1a5">
         <name>CP15Ttb0Set</name>
         <value>0x80000f24</value>
         <object_component_ref idref="oc-61"/>
      </symbol>
      <symbol id="sm-1a6">
         <name>CP15DCacheCleanFlushBuff</name>
         <value>0x80000e18</value>
         <object_component_ref idref="oc-61"/>
      </symbol>
      <symbol id="sm-1a7">
         <name>CP15DCacheCleanBuff</name>
         <value>0x80000dc4</value>
         <object_component_ref idref="oc-61"/>
      </symbol>
      <symbol id="sm-1a8">
         <name>CP15MMUDisable</name>
         <value>0x80000f3c</value>
         <object_component_ref idref="oc-61"/>
      </symbol>
      <symbol id="sm-1a9">
         <name>CP15DCacheFlush</name>
         <value>0x80000bf8</value>
         <object_component_ref idref="oc-61"/>
      </symbol>
      <symbol id="sm-1aa">
         <name>CP15AuxControlFeatureEnable</name>
         <value>0x80000fe8</value>
         <object_component_ref idref="oc-61"/>
      </symbol>
      <symbol id="sm-1ab">
         <name>CP15TlbInvalidate</name>
         <value>0x80000f30</value>
         <object_component_ref idref="oc-61"/>
      </symbol>
      <symbol id="sm-1ac">
         <name>CP15ICacheFlushBuff</name>
         <value>0x80000ed0</value>
         <object_component_ref idref="oc-61"/>
      </symbol>
      <symbol id="sm-1ad">
         <name>CP15ICacheFlush</name>
         <value>0x80000db4</value>
         <object_component_ref idref="oc-61"/>
      </symbol>
      <symbol id="sm-1ae">
         <name>CP15DCacheFlushBuff</name>
         <value>0x80000e6c</value>
         <object_component_ref idref="oc-61"/>
      </symbol>
      <symbol id="sm-1af">
         <name>CP15DCacheCleanFlush</name>
         <value>0x80000d20</value>
         <object_component_ref idref="oc-61"/>
      </symbol>
      <symbol id="sm-1b0">
         <name>CP15ControlFeatureDisable</name>
         <value>0x80000fb0</value>
         <object_component_ref idref="oc-61"/>
      </symbol>
      <symbol id="sm-1ca">
         <name>SVC_Handler</name>
         <value>0x800015dc</value>
         <object_component_ref idref="oc-a4"/>
      </symbol>
      <symbol id="sm-1cb">
         <name>IRQHandler</name>
         <value>0x80001604</value>
         <object_component_ref idref="oc-a4"/>
      </symbol>
      <symbol id="sm-1cc">
         <name>AbortHandler</name>
         <value>0x800016b4</value>
         <object_component_ref idref="oc-a4"/>
      </symbol>
      <symbol id="sm-1cd">
         <name>UndefInstHandler</name>
         <value>0x800016b4</value>
         <object_component_ref idref="oc-a4"/>
      </symbol>
      <symbol id="sm-1ce">
         <name>FIQHandler</name>
         <value>0x800016b0</value>
         <object_component_ref idref="oc-a4"/>
      </symbol>
      <symbol id="sm-1d8">
         <name>fnRAMVectors</name>
         <value>0x80001b78</value>
         <object_component_ref idref="oc-d3"/>
      </symbol>
      <symbol id="sm-1e8">
         <name>CPUSwitchToPrivilegedMode</name>
         <value>0x80001acc</value>
         <object_component_ref idref="oc-d6"/>
      </symbol>
      <symbol id="sm-1e9">
         <name>CPUAbortHandler</name>
         <value>0x80001ae8</value>
         <object_component_ref idref="oc-d6"/>
      </symbol>
      <symbol id="sm-1ea">
         <name>CPUirqd</name>
         <value>0x80001aec</value>
         <object_component_ref idref="oc-d6"/>
      </symbol>
      <symbol id="sm-1eb">
         <name>CPUirqe</name>
         <value>0x80001afc</value>
         <object_component_ref idref="oc-d6"/>
      </symbol>
      <symbol id="sm-1ec">
         <name>CPUfiqd</name>
         <value>0x80001b0c</value>
         <object_component_ref idref="oc-d6"/>
      </symbol>
      <symbol id="sm-1ed">
         <name>CPUfiqe</name>
         <value>0x80001b1c</value>
         <object_component_ref idref="oc-d6"/>
      </symbol>
      <symbol id="sm-1ee">
         <name>CPUSwitchToUserMode</name>
         <value>0x80001ad4</value>
         <object_component_ref idref="oc-d6"/>
      </symbol>
      <symbol id="sm-231">
         <name>I2CPinMuxSetup</name>
         <value>0x80001028</value>
         <object_component_ref idref="oc-b4"/>
      </symbol>
      <symbol id="sm-232">
         <name>I2C1ModuleClkConfig</name>
         <value>0x80001084</value>
         <object_component_ref idref="oc-b4"/>
      </symbol>
      <symbol id="sm-233">
         <name>I2C0ModuleClkConfig</name>
         <value>0x800011ec</value>
         <object_component_ref idref="oc-b4"/>
      </symbol>
      <symbol id="sm-258">
         <name>__TI_auto_init</name>
         <value>0x80001920</value>
         <object_component_ref idref="oc-21"/>
      </symbol>
      <symbol id="sm-25d">
         <name>__stack</name>
         <value>0x87fffff0</value>
         <object_component_ref idref="oc-20"/>
      </symbol>
      <symbol id="sm-277">
         <name>copy_in</name>
         <value>0x800019c4</value>
         <object_component_ref idref="oc-53"/>
      </symbol>
      <symbol id="sm-28e">
         <name>__aeabi_uidivmod</name>
         <value>0x800016cc</value>
         <object_component_ref idref="oc-de"/>
      </symbol>
      <symbol id="sm-28f">
         <name>__aeabi_uidiv</name>
         <value>0x800016cc</value>
         <object_component_ref idref="oc-de"/>
      </symbol>
      <symbol id="sm-29c">
         <name>__aeabi_idiv0</name>
         <value>0x80001b74</value>
         <object_component_ref idref="oc-f0"/>
      </symbol>
      <symbol id="sm-29d">
         <name>__TI_static_base__</name>
         <value>0x80001db8</value>
      </symbol>
      <symbol id="sm-2a1">
         <name>SHT$$INIT_ARRAY$$Limit</name>
         <value>0x0</value>
      </symbol>
      <symbol id="sm-2a2">
         <name>SHT$$INIT_ARRAY$$Base</name>
         <value>0x0</value>
      </symbol>
   </symbol_table>
   <title>Link successful</title>
</link_info>
