******************************************************************************
                  TI ARM Linker PC v5.2.5                      
******************************************************************************
>> Linked Thu Mar 09 14:49:00 2017

OUTPUT FILE NAME:   <I2C_LCD.out>
ENTRY POINT SYMBOL: "Entry"  address: 80000000


MEMORY CONFIGURATION

         name            origin    length      used     unused   attr    fill
----------------------  --------  ---------  --------  --------  ----  --------
  DDR0                  80000000   40000000  000060ec  3fff9f14  RWIX


SEGMENT ALLOCATION MAP

run origin  load origin   length   init length attrs members
----------  ----------- ---------- ----------- ----- -------
80000000    80000000    00005bf4   00005bf4    r-x
  80000000    80000000    000000d0   000000d0    r-x .text:Entry
  800000d0    800000d0    00005b24   00005b24    r-x .text
80005bf4    80005bf4    00000200   00000000    rw-
  80005bf4    80005bf4    00000200   00000000    rw- .bss
80005df8    80005df8    00000148   00000000    rw-
  80005df8    80005df8    00000148   00000000    rw- .data
80005f40    80005f40    000001a8   000001a8    r--
  80005f40    80005f40    00000140   00000140    r-- .const
  80006080    80006080    00000068   00000068    r-- .cinit
87fffff0    87fffff0    00000008   00000000    rw-
  87fffff0    87fffff0    00000008   00000000    rw- .stack


SECTION ALLOCATION MAP

 output                                  attributes/
section   page    origin      length       input sections
--------  ----  ----------  ----------   ----------------
.text:Entry 
*          0    80000000    000000d0     
                  80000000    000000c8     system.lib : init.obj (.text:Entry)
                  800000c8    00000008     rtsv7A8_A_le_eabi.lib : autoinit.obj (.tramp.__TI_auto_init.1)

.text      0    800000d0    00005b24     
                  800000d0    00001a70     rtsv7A8_A_le_eabi.lib : _printfi.obj (.text)
                  80001b40    00000ad0     drivers.lib : hsi2c.obj (.text)
                  80002610    00000780     platform.lib : dmtimer.obj (.text)
                  80002d90    0000069c     drivers.lib : dmtimer.obj (.text)
                  8000342c    00000488     system.lib : cp15.obj (.text)
                  800038b4    00000418     platform.lib : hsi2c.obj (.text)
                  80003ccc    00000330     lcd_I2C.obj (.text)
                  80003ffc    000002b8     rtsv7A8_A_le_eabi.lib : ull_div32.obj (.text)
                  800042b4    00000214                           : fd_add32.obj (.text)
                  800044c8    000001a8                           : xdscale.obj (.text)
                  80004670    00000190                           : fd_div32.obj (.text)
                  80004800    00000180                           : memcpy32.obj (.text)
                  80004980    00000160                           : xdnorm.obj (.text)
                  80004ae0    00000128                           : fd_mul32.obj (.text)
                  80004c08    00000114                           : i_div32.obj (.text)
                  80004d1c    0000010c     system.lib : exceptionhandler.obj (.text)
                  80004e28    00000104     rtsv7A8_A_le_eabi.lib : snprintf.obj (.text)
                  80004f2c    000000f0     platform.lib : sysdelay.obj (.text)
                  8000501c    000000f0     rtsv7A8_A_le_eabi.lib : u_div32.obj (.text)
                  8000510c    000000e0                           : fd_cmp32.obj (.text:__aeabi_cdcmple)
                  800051ec    000000e0                           : fd_cmp32.obj (.text:__aeabi_cdrcmple)
                  800052cc    000000b8                           : xdunscal.obj (.text)
                  80005384    000000b0                           : memset32.obj (.text)
                  80005434    000000a4                           : autoinit.obj (.text)
                  800054d8    000000a0                           : copy_decompress_rle.obj (.text)
                  80005578    00000084                           : atoi.obj (.text)
                  800055fc    00000084                           : cpy_tbl.obj (.text)
                  80005680    00000084     system.lib : startup.obj (.text)
                  80005704    00000080     rtsv7A8_A_le_eabi.lib : ltoa.obj (.text)
                  80005784    00000068                           : ldexp.obj (.text)
                  800057ec    00000064                           : signal.obj (.text)
                  80005850    00000060     system.lib : cpu.obj (.text)
                  800058b0    0000005c     rtsv7A8_A_le_eabi.lib : fd_toi32.obj (.text)
                  8000590c    00000058                           : feraiseexcept.obj (.text)
                  80005964    0000004c     main.obj (.text)
                  800059b0    0000004c     rtsv7A8_A_le_eabi.lib : raise.obj (.text)
                  800059fc    0000004c     utils.lib : delay.obj (.text)
                  80005a48    00000044     rtsv7A8_A_le_eabi.lib : xferaise.obj (.text)
                  80005a8c    0000003c                           : i_tofd32.obj (.text)
                  80005ac8    00000038                           : xdclass.obj (.text)
                  80005b00    00000030                           : frexp.obj (.text)
                  80005b30    0000002c                           : memccpy.obj (.text)
                  80005b5c    00000028                           : strchr.obj (.text)
                  80005b84    00000024                           : _lock.obj (.text)
                  80005ba8    0000001c                           : strlen.obj (.text)
                  80005bc4    00000014                           : copy_decompress_none.obj (.text:decompress:none)
                  80005bd8    00000010                           : copy_zero_init.obj (.text:decompress:ZI)
                  80005be8    00000008                           : copy_decompress_rle.obj (.text:decompress:rle24)
                  80005bf0    00000004                           : i_div0.obj (.text)

.bss       0    80005bf4    00000200     UNINITIALIZED
                  80005bf4    00000200     system.lib : interrupt.obj (.bss:fnRAMVectors)

.TI.noinit 
*          0    80005bf4    00000000     UNINITIALIZED

.data      0    80005df8    00000148     UNINITIALIZED
                  80005df8    000000b0     rtsv7A8_A_le_eabi.lib : signal.obj (.data:sigtable)
                  80005ea8    00000080                           : xvalues.obj (.data)
                  80005f28    00000008                           : _lock.obj (.data)
                  80005f30    00000008                           : feraiseexcept.obj (.data)
                  80005f38    00000004     platform.lib : sysdelay.obj (.data)
                  80005f3c    00000004     rtsv7A8_A_le_eabi.lib : errno.obj (.data)

.TI.persistent 
*          0    80005df8    00000000     UNINITIALIZED

.const     0    80005f40    00000140     
                  80005f40    00000101     rtsv7A8_A_le_eabi.lib : ctype.obj (.const:.string:_ctypes_)
                  80006041    00000003     lcd_I2C.obj (.const:.string)
                  80006044    00000038     system.lib : startup.obj (.const:vecTbl)
                  8000607c    00000004                : startup.obj (.const)

.stack     0    87fffff0    00000008     UNINITIALIZED
                  87fffff0    00000008     --HOLE--

.cinit     0    80006080    00000068     
                  80006080    00000044     (.cinit..data.load) [load image, compression = rle]
                  800060c4    0000000c     (__TI_handler_table)
                  800060d0    00000008     (.cinit..bss.load) [load image, compression = zero_init]
                  800060d8    00000010     (__TI_cinit_table)


LINKER GENERATED COPY TABLES

__TI_cinit_table @ 800060d8 records: 2, size/record: 8, table size: 16
	.data: load addr=80006080, load size=00000044 bytes, run addr=80005df8, run size=00000148 bytes, compression=rle
	.bss: load addr=800060d0, load size=00000008 bytes, run addr=80005bf4, run size=00000200 bytes, compression=zero_init


LINKER GENERATED HANDLER TABLE

__TI_handler_table @ 800060c4 records: 3, size/record: 4, table size: 12
	index: 0, handler: __TI_decompress_rle24
	index: 1, handler: __TI_decompress_none
	index: 2, handler: __TI_zero_init


FAR CALL TRAMPOLINES

callee name               trampoline name
   callee addr  tramp addr   call addr  call info
--------------  -----------  ---------  ----------------
__TI_auto_init            $Tramp$AA$S$$__TI_auto_init
   80005434     800000c8     800000a0   system.lib : init.obj (.text:Entry)

[1 trampolines]
[1 trampoline calls]


GLOBAL SYMBOLS: SORTED ALPHABETICALLY BY Name 

address   name                         
-------   ----                         
8000607c  AM335X_VECTOR_BASE           
80004e10  AbortHandler                 
80003888  CP15AuxControlFeatureDisable 
80003874  CP15AuxControlFeatureEnable  
8000381c  CP15BranchPredictionDisable  
8000380c  CP15BranchPredictionEnable   
80003800  CP15BranchPredictorInvalidate
8000383c  CP15ControlFeatureDisable    
80003850  CP15ControlFeatureEnable     
80003518  CP15DCacheClean              
80003650  CP15DCacheCleanBuff          
800035ac  CP15DCacheCleanFlush         
800036a4  CP15DCacheCleanFlushBuff     
80003448  CP15DCacheDisable            
80003474  CP15DCacheEnable             
80003484  CP15DCacheFlush              
800036f8  CP15DCacheFlushBuff          
8000382c  CP15DomainAccessClientSet    
8000342c  CP15ICacheDisable            
80003464  CP15ICacheEnable             
80003640  CP15ICacheFlush              
8000375c  CP15ICacheFlushBuff          
800037c8  CP15MMUDisable               
800037e0  CP15MMUEnable                
8000389c  CP15MainIdPrimPartNumGet     
800037bc  CP15TlbInvalidate            
800037b0  CP15Ttb0Set                  
80003864  CP15TtbCtlTtb0Config         
800037f4  CP15VectorBaseAddrSet        
8000586c  CPUAbortHandler              
80005850  CPUSwitchToPrivilegedMode    
80005858  CPUSwitchToUserMode          
80005890  CPUfiqd                      
800058a0  CPUfiqe                      
80005870  CPUirqd                      
80005880  CPUirqe                      
80002cb4  DMTimer1msModuleClkConfig    
8000279c  DMTimer2ModuleClkConfig      
80002610  DMTimer3ModuleClkConfig      
80002928  DMTimer4ModuleClkConfig      
80002ab8  DMTimer6ModuleClkConfig      
80002b28  DMTimer7ModuleClkConfig      
800030d0  DMTimerCompareGet            
80003094  DMTimerCompareSet            
800032f0  DMTimerContextRestore        
80003270  DMTimerContextSave           
80002f8c  DMTimerCounterGet            
80002f50  DMTimerCounterSet            
80002dd0  DMTimerDisable               
80002d90  DMTimerEnable                
80003014  DMTimerGPOConfigure          
80003184  DMTimerIntDisable            
80003160  DMTimerIntEnable             
800031e0  DMTimerIntEnableGet          
8000310c  DMTimerIntRawStatusGet       
800030e8  DMTimerIntRawStatusSet       
8000313c  DMTimerIntStatusClear        
80003124  DMTimerIntStatusGet          
80002e10  DMTimerModeConfigure         
800033d0  DMTimerPostedModeConfig      
80002f10  DMTimerPreScalerClkDisable   
80002e90  DMTimerPreScalerClkEnable    
80002ffc  DMTimerReloadGet             
80002fc0  DMTimerReloadSet             
8000323c  DMTimerReset                 
800031f8  DMTimerResetConfigure        
800031a8  DMTimerTriggerSet            
80003414  DMTimerWritePostedStatusGet  
800059fc  DelayTimerSetup              
80000000  Entry                        
80004e0c  FIQHandler                   
80003a78  I2C0ModuleClkConfig          
80003910  I2C1ModuleClkConfig          
80002078  I2CActiveOwnAddressGet       
80002288  I2CAutoIdleDisable           
80002264  I2CAutoIdleEnable            
80001ff4  I2CBufferStatus              
80002334  I2CClockActivitySelect       
800020fc  I2CClockBlockingControl      
8000253c  I2CContextRestore            
800024e8  I2CContextSave               
80001fc4  I2CDMARxEventDisable         
80001f64  I2CDMARxEventEnable          
80001f94  I2CDMATxEventDisable         
80001f34  I2CDMATxEventEnable          
80001e50  I2CDataCountGet              
80001ee8  I2CFIFOClear                 
80001e68  I2CFIFOThresholdConfig       
800022d0  I2CGlobalWakeUpDisable       
800022ac  I2CGlobalWakeUpEnable        
800022f4  I2CIdleModeSelect            
80001c04  I2CMasterBusBusy             
80001c3c  I2CMasterBusy                
80001c80  I2CMasterControl             
800024c8  I2CMasterDataGet             
800024a8  I2CMasterDataPut             
80001be0  I2CMasterDisable             
80001bbc  I2CMasterEnable              
80001c58  I2CMasterErr                 
80001b40  I2CMasterInitExpClk          
80001db0  I2CMasterIntClearEx          
80001d18  I2CMasterIntDisableEx        
80001cec  I2CMasterIntEnableEx         
80001d74  I2CMasterIntRawStatus        
80001dd0  I2CMasterIntRawStatusClearEx 
80001d8c  I2CMasterIntRawStatusEx      
80001d38  I2CMasterIntStatus           
80001d50  I2CMasterIntStatusEx         
80001e10  I2CMasterSlaveAddrGet        
80001df0  I2CMasterSlaveAddrSet        
80001ca4  I2CMasterStart               
80001cc8  I2CMasterStop                
800021c8  I2COwnAddressSet             
800038b4  I2CPinMuxSetup               
80001e30  I2CSetDataCount              
80002240  I2CSoftReset                 
8000248c  I2CSystemStatusGet           
80002400  I2CWakeUpDisable             
80002374  I2CWakeUpEnable              
80004d60  IRQHandler                   
80005a3c  IsTimerElapsed               
UNDEFED   SHT$$INIT_ARRAY$$Base        
UNDEFED   SHT$$INIT_ARRAY$$Limit       
80004d38  SVC_Handler                  
80005a1c  StartTimer                   
80005a30  StopTimer                    
80004f2c  SysDelayTimerSetup           
80004fe0  SysIsTimerElapsed            
80004fa4  SysStartTimer                
80004fd0  SysStopTimer                 
80004f44  Sysdelay                     
80004e10  UndefInstHandler             
80005ac8  _Dclass                      
80005ea8  _Denorm                      
80004980  _Dnorm                       
800044c8  _Dscale                      
800052cc  _Dunscale                    
80005eb8  _Eps                         
80005f3c  _Errno                       
80005f30  _Fenv                        
80005a48  _Feraise                     
80005ec8  _Hugeval                     
80005ed8  _Inf                         
80005ee8  _Nan                         
80005f08  _Rteps                       
80005ef8  _Snan                        
80005f34  _Tls_setup__Fenv             
80005f18  _Xbig                        
80005f20  _Zero                        
87fffff8  __STACK_END                  
00000008  __STACK_SIZE                 
800060d8  __TI_CINIT_Base              
800060e8  __TI_CINIT_Limit             
800060c4  __TI_Handler_Table_Base      
800060d0  __TI_Handler_Table_Limit     
80005434  __TI_auto_init               
80005bc4  __TI_decompress_none         
80005be8  __TI_decompress_rle24        
80001644  __TI_printfi                 
80006080  __TI_static_base__           
80005bd8  __TI_zero_init               
8000510c  __aeabi_cdcmpeq              
8000510c  __aeabi_cdcmple              
800051ec  __aeabi_cdrcmple             
800058b0  __aeabi_d2iz                 
800042c0  __aeabi_dadd                 
80004670  __aeabi_ddiv                 
80004ae0  __aeabi_dmul                 
800042b4  __aeabi_dsub                 
80005a8c  __aeabi_i2d                  
80004c08  __aeabi_idiv                 
80005bf0  __aeabi_idiv0                
80004c08  __aeabi_idivmod              
80005384  __aeabi_memclr               
80005384  __aeabi_memclr4              
80005384  __aeabi_memclr8              
80004800  __aeabi_memcpy               
80004800  __aeabi_memcpy4              
80004800  __aeabi_memcpy8              
80005388  __aeabi_memset               
80005388  __aeabi_memset4              
80005388  __aeabi_memset8              
8000501c  __aeabi_uidiv                
8000501c  __aeabi_uidivmod             
80003ffc  __aeabi_uldivmod             
ffffffff  __binit__                    
ffffffff  __c_args__                   
87fffff0  __stack                      
80005f40  _ctypes_                     
80005f28  _lock                        
80005b9c  _nop                         
80005b90  _register_lock               
80005b84  _register_unlock             
80005f2c  _unlock                      
80005578  atoi                         
ffffffff  binit                        
80005df4  bss_end                      
80005bf4  bss_start                    
80003d1c  clearDisplay                 
800055fc  copy_in                      
80005a08  delay                        
8000590c  feraiseexcept                
80005bf4  fnRAMVectors                 
80005b00  frexp                        
80005784  ldexp                        
80005704  ltoa                         
80005964  main                         
80005b30  memccpy                      
80004800  memcpy                       
80005394  memset                       
800059b0  raise                        
80003f88  runDelay                     
80003d48  sendMsg                      
80003ccc  setupLCD_I2C                 
800057ec  signal                       
80004e28  snprintf                     
80005680  start_boot                   
80005b5c  strchr                       
80005ba8  strlen                       
80003ef4  transmit_I2C                 
80003da0  turnOnLCD                    


GLOBAL SYMBOLS: SORTED BY Symbol Address 

address   name                         
-------   ----                         
00000008  __STACK_SIZE                 
80000000  Entry                        
80001644  __TI_printfi                 
80001b40  I2CMasterInitExpClk          
80001bbc  I2CMasterEnable              
80001be0  I2CMasterDisable             
80001c04  I2CMasterBusBusy             
80001c3c  I2CMasterBusy                
80001c58  I2CMasterErr                 
80001c80  I2CMasterControl             
80001ca4  I2CMasterStart               
80001cc8  I2CMasterStop                
80001cec  I2CMasterIntEnableEx         
80001d18  I2CMasterIntDisableEx        
80001d38  I2CMasterIntStatus           
80001d50  I2CMasterIntStatusEx         
80001d74  I2CMasterIntRawStatus        
80001d8c  I2CMasterIntRawStatusEx      
80001db0  I2CMasterIntClearEx          
80001dd0  I2CMasterIntRawStatusClearEx 
80001df0  I2CMasterSlaveAddrSet        
80001e10  I2CMasterSlaveAddrGet        
80001e30  I2CSetDataCount              
80001e50  I2CDataCountGet              
80001e68  I2CFIFOThresholdConfig       
80001ee8  I2CFIFOClear                 
80001f34  I2CDMATxEventEnable          
80001f64  I2CDMARxEventEnable          
80001f94  I2CDMATxEventDisable         
80001fc4  I2CDMARxEventDisable         
80001ff4  I2CBufferStatus              
80002078  I2CActiveOwnAddressGet       
800020fc  I2CClockBlockingControl      
800021c8  I2COwnAddressSet             
80002240  I2CSoftReset                 
80002264  I2CAutoIdleEnable            
80002288  I2CAutoIdleDisable           
800022ac  I2CGlobalWakeUpEnable        
800022d0  I2CGlobalWakeUpDisable       
800022f4  I2CIdleModeSelect            
80002334  I2CClockActivitySelect       
80002374  I2CWakeUpEnable              
80002400  I2CWakeUpDisable             
8000248c  I2CSystemStatusGet           
800024a8  I2CMasterDataPut             
800024c8  I2CMasterDataGet             
800024e8  I2CContextSave               
8000253c  I2CContextRestore            
80002610  DMTimer3ModuleClkConfig      
8000279c  DMTimer2ModuleClkConfig      
80002928  DMTimer4ModuleClkConfig      
80002ab8  DMTimer6ModuleClkConfig      
80002b28  DMTimer7ModuleClkConfig      
80002cb4  DMTimer1msModuleClkConfig    
80002d90  DMTimerEnable                
80002dd0  DMTimerDisable               
80002e10  DMTimerModeConfigure         
80002e90  DMTimerPreScalerClkEnable    
80002f10  DMTimerPreScalerClkDisable   
80002f50  DMTimerCounterSet            
80002f8c  DMTimerCounterGet            
80002fc0  DMTimerReloadSet             
80002ffc  DMTimerReloadGet             
80003014  DMTimerGPOConfigure          
80003094  DMTimerCompareSet            
800030d0  DMTimerCompareGet            
800030e8  DMTimerIntRawStatusSet       
8000310c  DMTimerIntRawStatusGet       
80003124  DMTimerIntStatusGet          
8000313c  DMTimerIntStatusClear        
80003160  DMTimerIntEnable             
80003184  DMTimerIntDisable            
800031a8  DMTimerTriggerSet            
800031e0  DMTimerIntEnableGet          
800031f8  DMTimerResetConfigure        
8000323c  DMTimerReset                 
80003270  DMTimerContextSave           
800032f0  DMTimerContextRestore        
800033d0  DMTimerPostedModeConfig      
80003414  DMTimerWritePostedStatusGet  
8000342c  CP15ICacheDisable            
80003448  CP15DCacheDisable            
80003464  CP15ICacheEnable             
80003474  CP15DCacheEnable             
80003484  CP15DCacheFlush              
80003518  CP15DCacheClean              
800035ac  CP15DCacheCleanFlush         
80003640  CP15ICacheFlush              
80003650  CP15DCacheCleanBuff          
800036a4  CP15DCacheCleanFlushBuff     
800036f8  CP15DCacheFlushBuff          
8000375c  CP15ICacheFlushBuff          
800037b0  CP15Ttb0Set                  
800037bc  CP15TlbInvalidate            
800037c8  CP15MMUDisable               
800037e0  CP15MMUEnable                
800037f4  CP15VectorBaseAddrSet        
80003800  CP15BranchPredictorInvalidate
8000380c  CP15BranchPredictionEnable   
8000381c  CP15BranchPredictionDisable  
8000382c  CP15DomainAccessClientSet    
8000383c  CP15ControlFeatureDisable    
80003850  CP15ControlFeatureEnable     
80003864  CP15TtbCtlTtb0Config         
80003874  CP15AuxControlFeatureEnable  
80003888  CP15AuxControlFeatureDisable 
8000389c  CP15MainIdPrimPartNumGet     
800038b4  I2CPinMuxSetup               
80003910  I2C1ModuleClkConfig          
80003a78  I2C0ModuleClkConfig          
80003ccc  setupLCD_I2C                 
80003d1c  clearDisplay                 
80003d48  sendMsg                      
80003da0  turnOnLCD                    
80003ef4  transmit_I2C                 
80003f88  runDelay                     
80003ffc  __aeabi_uldivmod             
800042b4  __aeabi_dsub                 
800042c0  __aeabi_dadd                 
800044c8  _Dscale                      
80004670  __aeabi_ddiv                 
80004800  __aeabi_memcpy               
80004800  __aeabi_memcpy4              
80004800  __aeabi_memcpy8              
80004800  memcpy                       
80004980  _Dnorm                       
80004ae0  __aeabi_dmul                 
80004c08  __aeabi_idiv                 
80004c08  __aeabi_idivmod              
80004d38  SVC_Handler                  
80004d60  IRQHandler                   
80004e0c  FIQHandler                   
80004e10  AbortHandler                 
80004e10  UndefInstHandler             
80004e28  snprintf                     
80004f2c  SysDelayTimerSetup           
80004f44  Sysdelay                     
80004fa4  SysStartTimer                
80004fd0  SysStopTimer                 
80004fe0  SysIsTimerElapsed            
8000501c  __aeabi_uidiv                
8000501c  __aeabi_uidivmod             
8000510c  __aeabi_cdcmpeq              
8000510c  __aeabi_cdcmple              
800051ec  __aeabi_cdrcmple             
800052cc  _Dunscale                    
80005384  __aeabi_memclr               
80005384  __aeabi_memclr4              
80005384  __aeabi_memclr8              
80005388  __aeabi_memset               
80005388  __aeabi_memset4              
80005388  __aeabi_memset8              
80005394  memset                       
80005434  __TI_auto_init               
80005578  atoi                         
800055fc  copy_in                      
80005680  start_boot                   
80005704  ltoa                         
80005784  ldexp                        
800057ec  signal                       
80005850  CPUSwitchToPrivilegedMode    
80005858  CPUSwitchToUserMode          
8000586c  CPUAbortHandler              
80005870  CPUirqd                      
80005880  CPUirqe                      
80005890  CPUfiqd                      
800058a0  CPUfiqe                      
800058b0  __aeabi_d2iz                 
8000590c  feraiseexcept                
80005964  main                         
800059b0  raise                        
800059fc  DelayTimerSetup              
80005a08  delay                        
80005a1c  StartTimer                   
80005a30  StopTimer                    
80005a3c  IsTimerElapsed               
80005a48  _Feraise                     
80005a8c  __aeabi_i2d                  
80005ac8  _Dclass                      
80005b00  frexp                        
80005b30  memccpy                      
80005b5c  strchr                       
80005b84  _register_unlock             
80005b90  _register_lock               
80005b9c  _nop                         
80005ba8  strlen                       
80005bc4  __TI_decompress_none         
80005bd8  __TI_zero_init               
80005be8  __TI_decompress_rle24        
80005bf0  __aeabi_idiv0                
80005bf4  bss_start                    
80005bf4  fnRAMVectors                 
80005df4  bss_end                      
80005ea8  _Denorm                      
80005eb8  _Eps                         
80005ec8  _Hugeval                     
80005ed8  _Inf                         
80005ee8  _Nan                         
80005ef8  _Snan                        
80005f08  _Rteps                       
80005f18  _Xbig                        
80005f20  _Zero                        
80005f28  _lock                        
80005f2c  _unlock                      
80005f30  _Fenv                        
80005f34  _Tls_setup__Fenv             
80005f3c  _Errno                       
80005f40  _ctypes_                     
8000607c  AM335X_VECTOR_BASE           
80006080  __TI_static_base__           
800060c4  __TI_Handler_Table_Base      
800060d0  __TI_Handler_Table_Limit     
800060d8  __TI_CINIT_Base              
800060e8  __TI_CINIT_Limit             
87fffff0  __stack                      
87fffff8  __STACK_END                  
ffffffff  __binit__                    
ffffffff  __c_args__                   
ffffffff  binit                        
UNDEFED   SHT$$INIT_ARRAY$$Base        
UNDEFED   SHT$$INIT_ARRAY$$Limit       

[221 symbols]
